04-11 15:39:11.846 30665-30665/com.eScooterDiagTool D/OpenGLRenderer: finish <0x77c1a128>
04-11 15:39:11.849 30665-30665/com.eScooterDiagTool I/MainActivity: adapter instantiateItem 2
04-11 15:39:11.852 30665-30665/com.eScooterDiagTool D/AbsListView: checkAbsListViewlLogProperty get invalid command
04-11 15:39:11.855 30665-30665/com.eScooterDiagTool I/View: Touch down dispatch to android.widget.RelativeLayout{42643be0 V.E..... ........ 0,696-720,781}, event = MotionEvent { action=ACTION_DOWN, id[0]=0, x[0]=530.26355, y[0]=37.25061, toolType[0]=TOOL_TYPE_FINGER, buttonState=0, metaState=0, flags=0x0, edgeFlags=0x0, pointerCount=1, historySize=0, eventTime=11376363, downTime=11376363, deviceId=2, source=0x1002 }
04-11 15:39:11.856 30665-30665/com.eScooterDiagTool I/View: Touch down dispatch to android.widget.ListView{425b2e50 VFED.VC. .F....ID 0,0-720,1054 #7f050043 app:id/basic_list}, event = MotionEvent { action=ACTION_DOWN, id[0]=0, x[0]=530.26355, y[0]=733.2506, toolType[0]=TOOL_TYPE_FINGER, buttonState=0, metaState=0, flags=0x0, edgeFlags=0x0, pointerCount=1, historySize=0, eventTime=11376363, downTime=11376363, deviceId=2, source=0x1002 }
04-11 15:39:11.856 30665-30665/com.eScooterDiagTool D/AbsListView: Touch down: touch mode = 0,mScrollY = 0,y = 733.2506,mFirstPosition = 0,mActivePointerId = 0,mDataChanged = false,adatper size = 10,this = android.widget.ListView{425b2e50 VFED.VC. .F....ID 0,0-720,1054 #7f050043 app:id/basic_list}
04-11 15:39:11.859 30665-30665/com.eScooterDiagTool D/ListView: measureHeightOfChildren adapter=android.widget.ExpandableListConnector@427cf750, startPosition=0, endPosition=0, maxHeight=1134, this=android.widget.ExpandableListView{4278afb8 VFED.VC. ......ID 0,473-720,580 #7f050048 app:id/expandableListView1}
04-11 15:39:11.865 30665-30665/com.eScooterDiagTool D/ListView: measureHeightOfChildren adapter=android.widget.ExpandableListConnector@427cf750, startPosition=0, endPosition=0, maxHeight=1054, this=android.widget.ExpandableListView{4278afb8 VFED.VC. ......ID 0,473-720,580 #7f050048 app:id/expandableListView1}
04-11 15:39:11.873 30665-30665/com.eScooterDiagTool D/ListView: mSelectorRect.setEmpty in layoutChildren this=android.widget.ListView{425b2e50 VFED.VC. .F....ID 0,0-720,1054 #7f050043 app:id/basic_list}
04-11 15:39:11.874 30665-30665/com.eScooterDiagTool D/ListView: mSelectorRect.setEmpty in layoutChildren this=android.widget.ExpandableListView{4278afb8 VFED.VC. ......ID 0,473-720,580 #7f050048 app:id/expandableListView1}
04-11 15:39:11.877 30665-30665/com.eScooterDiagTool D/BluetoothTools: got software info = v29.6.3.6f0
04-11 15:39:11.877 30665-30665/com.eScooterDiagTool I/SeniorFragment.java: in getView name:Software Info  value:v29.6.3.6f0
04-11 15:39:11.882 30665-30665/com.eScooterDiagTool I/SeniorFragment.java: in getView name:Hardware Info  value:0275008175 V1
04-11 15:39:11.886 30665-30665/com.eScooterDiagTool D/BluetoothTools: serial no = 305419896
04-11 15:39:11.886 30665-30665/com.eScooterDiagTool I/SeniorFragment.java: in getView name:Serial No  value:305419896
04-11 15:39:11.892 30665-30665/com.eScooterDiagTool I/SeniorFragment.java: in getView name:B+ Voltage  value:16.7V
04-11 15:39:11.897 30665-30665/com.eScooterDiagTool I/Information.java: isSigned intValue: 13
04-11 15:39:11.897 30665-30665/com.eScooterDiagTool I/SeniorFragment.java: in getView name:Battery Current  value:0A
04-11 15:39:11.901 30665-30665/com.eScooterDiagTool I/Information.java: isSigned intValue: -1
04-11 15:39:11.901 30665-30665/com.eScooterDiagTool I/SeniorFragment.java: in getView name:Motor Current  value:0A
04-11 15:39:11.904 30665-30665/com.eScooterDiagTool I/SeniorFragment.java: in getView name:Power14VVoltage  value:0.0V
04-11 15:39:11.907 30665-30665/com.eScooterDiagTool I/SeniorFragment.java: in getView name:Internal Temperature  value:-55C
04-11 15:39:11.911 30665-30665/com.eScooterDiagTool I/SeniorFragment.java: in getView name:HallA  value:0
04-11 15:39:11.913 30665-30665/com.eScooterDiagTool I/SeniorFragment.java: in getView name:HallB  value:0
04-11 15:39:11.916 30665-30665/com.eScooterDiagTool I/SeniorFragment.java: in getView name:HallC  value:1
04-11 15:39:11.918 30665-30665/com.eScooterDiagTool D/ListView: mSelectorRect.setEmpty in layoutChildren this=android.widget.ListView{427f5af0 VFED.VC. ......ID 0,0-720,1054 #7f050055 app:id/advance_list}
04-11 15:39:11.922 30665-30665/com.eScooterDiagTool D/OpenGLRenderer: prepareDirty (0.00, 0.00, 720.00, 1280.00) opaque 1 <0x77c1a128>
04-11 15:39:11.924 30665-30665/com.eScooterDiagTool D/OpenGLRenderer: finish <0x77c1a128>
04-11 15:39:11.934 30665-30665/com.eScooterDiagTool D/AbsListView: reportScrollStateChange: newState=0, mLastScrollState=0, mOnScrollListener=null, mScrollY=0, mTouchMode=-1, mFirstPosition=0
04-11 15:39:11.935 30665-30665/com.eScooterDiagTool D/OpenGLRenderer: prepareDirty (0.00, 0.00, 720.00, 1280.00) opaque 1 <0x77c1a128>
04-11 15:39:11.937 30665-30665/com.eScooterDiagTool D/OpenGLRenderer: finish <0x77c1a128>
04-11 15:39:11.961 30665-30665/com.eScooterDiagTool D/OpenGLRenderer: prepareDirty (0.00, 0.00, 720.00, 1280.00) opaque 1 <0x77c1a128>
04-11 15:39:11.964 30665-30665/com.eScooterDiagTool D/OpenGLRenderer: finish <0x77c1a128>
04-11 15:39:11.974 30665-30665/com.eScooterDiagTool D/OpenGLRenderer: prepareDirty (0.00, 0.00, 720.00, 1280.00) opaque 1 <0x77c1a128>
04-11 15:39:11.977 30665-30665/com.eScooterDiagTool D/OpenGLRenderer: finish <0x77c1a128>
04-11 15:39:11.990 30665-30665/com.eScooterDiagTool D/OpenGLRenderer: prepareDirty (0.00, 0.00, 720.00, 1280.00) opaque 1 <0x77c1a128>
04-11 15:39:11.993 30665-30665/com.eScooterDiagTool D/OpenGLRenderer: finish <0x77c1a128>
04-11 15:39:11.995 30665-30665/com.eScooterDiagTool D/MainActivity: MainHandler case CMD_REQUEST_RETURN_TIMEOUT
04-11 15:39:11.995 30665-30665/com.eScooterDiagTool I/MainActivity: stopAnimation
04-11 15:39:11.995 30665-30665/com.eScooterDiagTool E/MainActivity: retry reason = timeout
04-11 15:39:11.995 30665-30665/com.eScooterDiagTool D/MainActivity: 3.requset status message
04-11 15:39:11.999 30665-30665/com.eScooterDiagTool I/View: Touch up dispatch to android.support.v4.view.ViewPager{4258e7e0 VFED.... ........ 0,80-720,1134 #7f050040 app:id/pager}, event = MotionEvent { action=ACTION_UP, id[0]=0, x[0]=426.40778, y[0]=734.2498, toolType[0]=TOOL_TYPE_FINGER, buttonState=0, metaState=0, flags=0x0, edgeFlags=0x0, pointerCount=1, historySize=0, eventTime=11376519, downTime=11376363, deviceId=2, source=0x1002 }
04-11 15:39:12.009 30665-30665/com.eScooterDiagTool D/OpenGLRenderer: prepareDirty (0.00, 0.00, 720.00, 1280.00) opaque 1 <0x77c1a128>
04-11 15:39:12.011 30665-30665/com.eScooterDiagTool D/OpenGLRenderer: finish <0x77c1a128>
04-11 15:39:12.027 30665-30665/com.eScooterDiagTool D/OpenGLRenderer: prepareDirty (0.00, 0.00, 720.00, 1280.00) opaque 1 <0x77c1a128>
04-11 15:39:12.030 30665-30665/com.eScooterDiagTool D/OpenGLRenderer: finish <0x77c1a128>
04-11 15:39:12.047 30665-30665/com.eScooterDiagTool D/OpenGLRenderer: prepareDirty (0.00, 0.00, 720.00, 1280.00) opaque 1 <0x77c1a128>
04-11 15:39:12.050 30665-30665/com.eScooterDiagTool D/OpenGLRenderer: finish <0x77c1a128>
04-11 15:39:12.064 30665-30665/com.eScooterDiagTool D/OpenGLRenderer: prepareDirty (0.00, 0.00, 720.00, 1280.00) opaque 1 <0x77c1a128>
04-11 15:39:12.067 30665-30665/com.eScooterDiagTool D/OpenGLRenderer: finish <0x77c1a128>
04-11 15:39:12.082 30665-30665/com.eScooterDiagTool D/OpenGLRenderer: prepareDirty (0.00, 0.00, 720.00, 1280.00) opaque 1 <0x77c1a128>
04-11 15:39:12.085 30665-30665/com.eScooterDiagTool D/OpenGLRenderer: finish <0x77c1a128>
04-11 15:39:12.101 30665-30665/com.eScooterDiagTool D/OpenGLRenderer: prepareDirty (0.00, 0.00, 720.00, 1280.00) opaque 1 <0x77c1a128>
04-11 15:39:12.103 30665-30665/com.eScooterDiagTool D/OpenGLRenderer: finish <0x77c1a128>
04-11 15:39:12.121 30665-30665/com.eScooterDiagTool D/OpenGLRenderer: prepareDirty (0.00, 0.00, 720.00, 1280.00) opaque 1 <0x77c1a128>
04-11 15:39:12.126 30665-30665/com.eScooterDiagTool D/OpenGLRenderer: finish <0x77c1a128>
04-11 15:39:12.139 30665-30665/com.eScooterDiagTool D/OpenGLRenderer: prepareDirty (0.00, 0.00, 720.00, 1280.00) opaque 1 <0x77c1a128>
04-11 15:39:12.144 30665-30665/com.eScooterDiagTool D/OpenGLRenderer: finish <0x77c1a128>
04-11 15:39:12.158 30665-30665/com.eScooterDiagTool D/OpenGLRenderer: prepareDirty (0.00, 0.00, 720.00, 1280.00) opaque 1 <0x77c1a128>
04-11 15:39:12.162 30665-30665/com.eScooterDiagTool D/OpenGLRenderer: finish <0x77c1a128>
04-11 15:39:12.177 30665-30665/com.eScooterDiagTool D/OpenGLRenderer: prepareDirty (0.00, 0.00, 720.00, 1280.00) opaque 1 <0x77c1a128>
04-11 15:39:12.182 30665-30665/com.eScooterDiagTool D/OpenGLRenderer: finish <0x77c1a128>
04-11 15:39:12.195 30665-30665/com.eScooterDiagTool D/OpenGLRenderer: prepareDirty (0.00, 0.00, 720.00, 1280.00) opaque 1 <0x77c1a128>
04-11 15:39:12.200 30665-30665/com.eScooterDiagTool D/OpenGLRenderer: finish <0x77c1a128>
04-11 15:39:12.214 30665-30665/com.eScooterDiagTool D/OpenGLRenderer: prepareDirty (0.00, 0.00, 720.00, 1280.00) opaque 1 <0x77c1a128>
04-11 15:39:12.218 30665-30665/com.eScooterDiagTool D/OpenGLRenderer: finish <0x77c1a128>
04-11 15:39:12.221 30665-30665/com.eScooterDiagTool D/MainActivity: MainHandler case CMD_REQUEST_RETURN_TIMEOUT
04-11 15:39:12.221 30665-30665/com.eScooterDiagTool I/MainActivity: stopAnimation
04-11 15:39:12.221 30665-30665/com.eScooterDiagTool E/MainActivity: retry reason = timeout
04-11 15:39:12.221 30665-30665/com.eScooterDiagTool D/MainActivity: 3.requset status message
04-11 15:39:12.233 30665-30665/com.eScooterDiagTool D/OpenGLRenderer: prepareDirty (0.00, 0.00, 720.00, 1280.00) opaque 1 <0x77c1a128>
04-11 15:39:12.238 30665-30665/com.eScooterDiagTool D/OpenGLRenderer: finish <0x77c1a128>
04-11 15:39:12.251 30665-30665/com.eScooterDiagTool D/OpenGLRenderer: prepareDirty (0.00, 0.00, 720.00, 1280.00) opaque 1 <0x77c1a128>
04-11 15:39:12.255 30665-30665/com.eScooterDiagTool D/OpenGLRenderer: finish <0x77c1a128>
04-11 15:39:12.269 30665-30665/com.eScooterDiagTool D/OpenGLRenderer: prepareDirty (0.00, 0.00, 720.00, 1280.00) opaque 1 <0x77c1a128>
04-11 15:39:12.274 30665-30665/com.eScooterDiagTool D/OpenGLRenderer: finish <0x77c1a128>
04-11 15:39:12.288 30665-30665/com.eScooterDiagTool D/OpenGLRenderer: prepareDirty (0.00, 0.00, 720.00, 1280.00) opaque 1 <0x77c1a128>
04-11 15:39:12.293 30665-30665/com.eScooterDiagTool D/OpenGLRenderer: finish <0x77c1a128>
04-11 15:39:12.306 30665-30665/com.eScooterDiagTool D/OpenGLRenderer: prepareDirty (0.00, 0.00, 720.00, 1280.00) opaque 1 <0x77c1a128>
04-11 15:39:12.311 30665-30665/com.eScooterDiagTool D/OpenGLRenderer: finish <0x77c1a128>
04-11 15:39:12.325 30665-30665/com.eScooterDiagTool D/OpenGLRenderer: prepareDirty (0.00, 0.00, 720.00, 1280.00) opaque 1 <0x77c1a128>
04-11 15:39:12.329 30665-30665/com.eScooterDiagTool D/OpenGLRenderer: finish <0x77c1a128>
04-11 15:39:12.344 30665-30665/com.eScooterDiagTool D/OpenGLRenderer: prepareDirty (0.00, 0.00, 720.00, 1280.00) opaque 1 <0x77c1a128>
04-11 15:39:12.348 30665-30665/com.eScooterDiagTool D/OpenGLRenderer: finish <0x77c1a128>
04-11 15:39:12.362 30665-30665/com.eScooterDiagTool D/OpenGLRenderer: prepareDirty (0.00, 0.00, 720.00, 1280.00) opaque 1 <0x77c1a128>
04-11 15:39:12.366 30665-30665/com.eScooterDiagTool D/OpenGLRenderer: finish <0x77c1a128>
04-11 15:39:12.381 30665-30665/com.eScooterDiagTool D/OpenGLRenderer: prepareDirty (0.00, 0.00, 720.00, 1280.00) opaque 1 <0x77c1a128>
04-11 15:39:12.385 30665-30665/com.eScooterDiagTool D/OpenGLRenderer: finish <0x77c1a128>
04-11 15:39:12.399 30665-30665/com.eScooterDiagTool D/OpenGLRenderer: prepareDirty (0.00, 0.00, 720.00, 1280.00) opaque 1 <0x77c1a128>
04-11 15:39:12.404 30665-30665/com.eScooterDiagTool D/OpenGLRenderer: finish <0x77c1a128>
04-11 15:39:12.406 163-359/? I/BufferQueue: [com.eScooterDiagTool/com.bosch.diag.activity.MainActivity](this:0xb78001f8,id:560,api:1,p:30665,c:163) [queue] fps:50.97, dur:1000.66, max:77.51, min:12.92
04-11 15:39:12.415 163-163/? I/BufferQueue: [com.eScooterDiagTool/com.bosch.diag.activity.MainActivity](this:0xb78001f8,id:560,api:1,p:30665,c:163) [release] fps:50.82, dur:1003.60, max:74.01, min:17.51
04-11 15:39:12.418 30665-30665/com.eScooterDiagTool D/OpenGLRenderer: prepareDirty (0.00, 0.00, 720.00, 1280.00) opaque 1 <0x77c1a128>
04-11 15:39:12.423 30665-30665/com.eScooterDiagTool D/OpenGLRenderer: finish <0x77c1a128>
04-11 15:39:12.437 30665-30665/com.eScooterDiagTool D/OpenGLRenderer: prepareDirty (0.00, 0.00, 720.00, 1280.00) opaque 1 <0x77c1a128>
04-11 15:39:12.441 30665-30665/com.eScooterDiagTool D/OpenGLRenderer: finish <0x77c1a128>
04-11 15:39:12.443 30665-30665/com.eScooterDiagTool D/MainActivity: MainHandler case CMD_REQUEST_RETURN_TIMEOUT
04-11 15:39:12.443 30665-30665/com.eScooterDiagTool I/MainActivity: stopAnimation
04-11 15:39:12.444 30665-30665/com.eScooterDiagTool E/MainActivity: retry reason = timeout
04-11 15:39:12.444 30665-30665/com.eScooterDiagTool D/MainActivity: 3.requset status message
04-11 15:39:12.455 30665-30665/com.eScooterDiagTool D/OpenGLRenderer: prepareDirty (0.00, 0.00, 720.00, 1280.00) opaque 1 <0x77c1a128>
04-11 15:39:12.459 30665-30665/com.eScooterDiagTool D/OpenGLRenderer: finish <0x77c1a128>
04-11 15:39:12.473 30665-30665/com.eScooterDiagTool D/OpenGLRenderer: prepareDirty (0.00, 0.00, 720.00, 1280.00) opaque 1 <0x77c1a128>
04-11 15:39:12.476 30665-30665/com.eScooterDiagTool D/OpenGLRenderer: finish <0x77c1a128>
04-11 15:39:12.492 30665-30665/com.eScooterDiagTool D/OpenGLRenderer: prepareDirty (0.00, 0.00, 720.00, 1280.00) opaque 1 <0x77c1a128>
04-11 15:39:12.495 30665-30665/com.eScooterDiagTool D/OpenGLRenderer: finish <0x77c1a128>
04-11 15:39:12.511 30665-30665/com.eScooterDiagTool D/OpenGLRenderer: prepareDirty (0.00, 0.00, 720.00, 1280.00) opaque 1 <0x77c1a128>
04-11 15:39:12.515 30665-30665/com.eScooterDiagTool D/OpenGLRenderer: finish <0x77c1a128>
04-11 15:39:12.529 30665-30665/com.eScooterDiagTool D/OpenGLRenderer: prepareDirty (0.00, 0.00, 720.00, 1280.00) opaque 1 <0x77c1a128>
04-11 15:39:12.532 30665-30665/com.eScooterDiagTool D/OpenGLRenderer: finish <0x77c1a128>
04-11 15:39:12.547 30665-30665/com.eScooterDiagTool D/OpenGLRenderer: prepareDirty (0.00, 0.00, 720.00, 1280.00) opaque 1 <0x77c1a128>
04-11 15:39:12.551 30665-30665/com.eScooterDiagTool D/OpenGLRenderer: finish <0x77c1a128>
04-11 15:39:12.566 30665-30665/com.eScooterDiagTool D/OpenGLRenderer: prepareDirty (0.00, 0.00, 720.00, 1280.00) opaque 1 <0x77c1a128>
04-11 15:39:12.570 30665-30665/com.eScooterDiagTool D/OpenGLRenderer: finish <0x77c1a128>
04-11 15:39:12.585 30665-30665/com.eScooterDiagTool D/OpenGLRenderer: prepareDirty (0.00, 0.00, 720.00, 1280.00) opaque 1 <0x77c1a128>
04-11 15:39:12.588 30665-30665/com.eScooterDiagTool D/OpenGLRenderer: finish <0x77c1a128>
04-11 15:39:12.603 30665-30665/com.eScooterDiagTool D/OpenGLRenderer: prepareDirty (0.00, 0.00, 720.00, 1280.00) opaque 1 <0x77c1a128>
04-11 15:39:12.606 30665-30665/com.eScooterDiagTool D/OpenGLRenderer: finish <0x77c1a128>
04-11 15:39:12.622 30665-30665/com.eScooterDiagTool D/OpenGLRenderer: prepareDirty (0.00, 0.00, 720.00, 1280.00) opaque 1 <0x77c1a128>
04-11 15:39:12.625 30665-30665/com.eScooterDiagTool D/OpenGLRenderer: finish <0x77c1a128>
04-11 15:39:12.643 30665-30665/com.eScooterDiagTool D/ListView: mSelectorRect.setEmpty in layoutChildren this=android.widget.ListView{425b2e50 VFED.VC. ......ID 0,0-720,1054 #7f050043 app:id/basic_list}
04-11 15:39:12.644 30665-30665/com.eScooterDiagTool D/ListView: mSelectorRect.setEmpty in layoutChildren this=android.widget.ListView{427f5af0 VFED.VC. .F....ID 0,0-720,1054 #7f050055 app:id/advance_list}
04-11 15:39:12.652 30665-30665/com.eScooterDiagTool D/OpenGLRenderer: prepareDirty (0.00, 0.00, 720.00, 1280.00) opaque 1 <0x77c1a128>
04-11 15:39:12.656 30665-30665/com.eScooterDiagTool D/OpenGLRenderer: finish <0x77c1a128>
04-11 15:39:12.661 30665-30665/com.eScooterDiagTool D/MainActivity: MainHandler case CMD_REQUEST_RETURN_TIMEOUT
04-11 15:39:12.661 30665-30665/com.eScooterDiagTool I/MainActivity: stopAnimation
04-11 15:39:12.661 30665-30665/com.eScooterDiagTool E/MainActivity: retry reason = timeout
04-11 15:39:12.661 30665-30665/com.eScooterDiagTool D/MainActivity: 3.requset status message
04-11 15:39:12.862 30665-30665/com.eScooterDiagTool D/MainActivity: MainHandler case CMD_REQUEST_RETURN_TIMEOUT
04-11 15:39:12.862 30665-30665/com.eScooterDiagTool I/MainActivity: stopAnimation
04-11 15:39:12.862 30665-30665/com.eScooterDiagTool E/MainActivity: retry reason = timeout
04-11 15:39:12.864 30665-30665/com.eScooterDiagTool D/MainActivity: 3.requset status message
04-11 15:39:13.073 30665-30665/com.eScooterDiagTool D/OpenGLRenderer: prepareDirty (0.00, 0.00, 720.00, 1280.00) opaque 1 <0x77c1a128>
04-11 15:39:13.076 30665-30665/com.eScooterDiagTool D/OpenGLRenderer: finish <0x77c1a128>
04-11 15:39:13.079 30665-30665/com.eScooterDiagTool D/MainActivity: MainHandler case CMD_REQUEST_RETURN_TIMEOUT
04-11 15:39:13.079 30665-30665/com.eScooterDiagTool I/MainActivity: stopAnimation
04-11 15:39:13.079 30665-30665/com.eScooterDiagTool E/MainActivity: retry reason = timeout
04-11 15:39:13.079 30665-30665/com.eScooterDiagTool D/MainActivity: 3.requset status message
04-11 15:39:13.087 30665-30665/com.eScooterDiagTool D/OpenGLRenderer: prepareDirty (0.00, 0.00, 720.00, 1280.00) opaque 1 <0x77c1a128>
04-11 15:39:13.091 30665-30665/com.eScooterDiagTool D/OpenGLRenderer: finish <0x77c1a128>
04-11 15:39:13.106 30665-30665/com.eScooterDiagTool D/OpenGLRenderer: prepareDirty (0.00, 0.00, 720.00, 1280.00) opaque 1 <0x77c1a128>
04-11 15:39:13.109 30665-30665/com.eScooterDiagTool D/OpenGLRenderer: finish <0x77c1a128>
04-11 15:39:13.124 30665-30665/com.eScooterDiagTool D/OpenGLRenderer: prepareDirty (0.00, 0.00, 720.00, 1280.00) opaque 1 <0x77c1a128>
04-11 15:39:13.128 30665-30665/com.eScooterDiagTool D/OpenGLRenderer: finish <0x77c1a128>
04-11 15:39:13.143 30665-30665/com.eScooterDiagTool D/OpenGLRenderer: prepareDirty (0.00, 0.00, 720.00, 1280.00) opaque 1 <0x77c1a128>
04-11 15:39:13.146 30665-30665/com.eScooterDiagTool D/OpenGLRenderer: finish <0x77c1a128>
04-11 15:39:13.161 30665-30665/com.eScooterDiagTool D/OpenGLRenderer: prepareDirty (0.00, 0.00, 720.00, 1280.00) opaque 1 <0x77c1a128>
04-11 15:39:13.165 30665-30665/com.eScooterDiagTool D/OpenGLRenderer: finish <0x77c1a128>
04-11 15:39:13.180 30665-30665/com.eScooterDiagTool D/OpenGLRenderer: prepareDirty (0.00, 0.00, 720.00, 1280.00) opaque 1 <0x77c1a128>
04-11 15:39:13.183 30665-30665/com.eScooterDiagTool D/OpenGLRenderer: finish <0x77c1a128>
04-11 15:39:13.199 30665-30665/com.eScooterDiagTool D/OpenGLRenderer: prepareDirty (0.00, 0.00, 720.00, 1280.00) opaque 1 <0x77c1a128>
04-11 15:39:13.202 30665-30665/com.eScooterDiagTool D/OpenGLRenderer: finish <0x77c1a128>
04-11 15:39:13.217 30665-30665/com.eScooterDiagTool D/OpenGLRenderer: prepareDirty (0.00, 0.00, 720.00, 1280.00) opaque 1 <0x77c1a128>
04-11 15:39:13.220 30665-30665/com.eScooterDiagTool D/OpenGLRenderer: finish <0x77c1a128>
04-11 15:39:13.236 30665-30665/com.eScooterDiagTool D/OpenGLRenderer: prepareDirty (0.00, 0.00, 720.00, 1280.00) opaque 1 <0x77c1a128>
04-11 15:39:13.239 30665-30665/com.eScooterDiagTool D/OpenGLRenderer: finish <0x77c1a128>
04-11 15:39:13.254 30665-30665/com.eScooterDiagTool D/OpenGLRenderer: prepareDirty (0.00, 0.00, 720.00, 1280.00) opaque 1 <0x77c1a128>
04-11 15:39:13.258 30665-30665/com.eScooterDiagTool D/OpenGLRenderer: finish <0x77c1a128>
04-11 15:39:13.273 30665-30665/com.eScooterDiagTool D/OpenGLRenderer: prepareDirty (0.00, 0.00, 720.00, 1280.00) opaque 1 <0x77c1a128>
04-11 15:39:13.276 30665-30665/com.eScooterDiagTool D/OpenGLRenderer: finish <0x77c1a128>
04-11 15:39:13.291 30665-30665/com.eScooterDiagTool D/OpenGLRenderer: prepareDirty (0.00, 0.00, 720.00, 1280.00) opaque 1 <0x77c1a128>
04-11 15:39:13.295 30665-30665/com.eScooterDiagTool D/OpenGLRenderer: finish <0x77c1a128>
04-11 15:39:13.297 30665-30665/com.eScooterDiagTool D/MainActivity: MainHandler case CMD_REQUEST_RETURN_TIMEOUT
04-11 15:39:13.297 30665-30665/com.eScooterDiagTool I/MainActivity: stopAnimation
04-11 15:39:13.297 30665-30665/com.eScooterDiagTool E/MainActivity: retry reason = timeout
04-11 15:39:13.297 30665-30665/com.eScooterDiagTool D/MainActivity: 3.requset status message
04-11 15:39:13.311 30665-30665/com.eScooterDiagTool D/OpenGLRenderer: prepareDirty (0.00, 0.00, 720.00, 1280.00) opaque 1 <0x77c1a128>
04-11 15:39:13.314 30665-30665/com.eScooterDiagTool D/OpenGLRenderer: finish <0x77c1a128>
04-11 15:39:13.328 30665-30665/com.eScooterDiagTool D/OpenGLRenderer: prepareDirty (0.00, 0.00, 720.00, 1280.00) opaque 1 <0x77c1a128>
04-11 15:39:13.331 30665-30665/com.eScooterDiagTool D/OpenGLRenderer: finish <0x77c1a128>
04-11 15:39:13.498 30665-30665/com.eScooterDiagTool D/MainActivity: MainHandler case CMD_REQUEST_RETURN_TIMEOUT
04-11 15:39:13.498 30665-30665/com.eScooterDiagTool I/MainActivity: stopAnimation
04-11 15:39:13.500 30665-30665/com.eScooterDiagTool E/MainActivity: retry reason = timeout
04-11 15:39:13.500 30665-30665/com.eScooterDiagTool D/MainActivity: 3.requset status message
04-11 15:39:13.701 30665-30665/com.eScooterDiagTool D/MainActivity: MainHandler case CMD_REQUEST_RETURN_TIMEOUT
04-11 15:39:13.701 30665-30665/com.eScooterDiagTool I/MainActivity: stopAnimation
04-11 15:39:13.703 30665-30665/com.eScooterDiagTool E/MainActivity: retry reason = timeout
04-11 15:39:13.704 30665-30665/com.eScooterDiagTool D/MainActivity: 3.requset status message
04-11 15:39:13.906 30665-30665/com.eScooterDiagTool D/MainActivity: MainHandler case CMD_REQUEST_RETURN_TIMEOUT
04-11 15:39:13.906 30665-30665/com.eScooterDiagTool I/MainActivity: stopAnimation
04-11 15:39:13.907 30665-30665/com.eScooterDiagTool E/MainActivity: retry reason = timeout
04-11 15:39:13.909 30665-30665/com.eScooterDiagTool D/MainActivity: 3.requset status message
04-11 15:39:14.109 30665-30665/com.eScooterDiagTool D/MainActivity: MainHandler case CMD_REQUEST_RETURN_TIMEOUT
04-11 15:39:14.110 30665-30665/com.eScooterDiagTool I/MainActivity: stopAnimation
04-11 15:39:14.110 30665-30665/com.eScooterDiagTool E/MainActivity: retry reason = timeout
04-11 15:39:14.110 30665-30665/com.eScooterDiagTool D/MainActivity: 3.requset status message
----------------------------------------------------

04-11 15:39:14.223 30665-31158/com.eScooterDiagTool D/BluetoothSocket: write: android.net.LocalSocketImpl$SocketOutputStream@42603080 length: 4
04-11 15:39:14.223 30665-31158/com.eScooterDiagTool W/System.err: java.io.IOException: Broken pipe
04-11 15:39:14.224 30665-31159/com.eScooterDiagTool E/BluetoothCommunThread: Read bluetooth has exception

04-11 15:39:14.224 30665-31159/com.eScooterDiagTool I/MainActivity: onConnectionLost
04-11 15:39:14.224 30665-30665/com.eScooterDiagTool D/MainActivity: MainHandler case MESSAGE_CONNECT_LOST
04-11 15:39:14.225 30665-30665/com.eScooterDiagTool I/MainActivity: stopAnimation

04-11 15:39:14.225 30665-31159/com.eScooterDiagTool W/System.err: java.io.IOException: Connection reset by peer
04-11 15:39:14.239 30665-31159/com.eScooterDiagTool W/System.err:     at android.net.LocalSocketImpl.readba_native(Native Method)
04-11 15:39:14.240 30665-31159/com.eScooterDiagTool W/System.err:     at android.net.LocalSocketImpl.access$400(LocalSocketImpl.java:33)
04-11 15:39:14.240 30665-31159/com.eScooterDiagTool W/System.err:     at android.net.LocalSocketImpl$SocketInputStream.read(LocalSocketImpl.java:98)
04-11 15:39:14.240 30665-31159/com.eScooterDiagTool W/System.err:     at android.bluetooth.BluetoothSocket.read(BluetoothSocket.java:427)
04-11 15:39:14.241 30665-31159/com.eScooterDiagTool W/System.err:     at android.bluetooth.BluetoothInputStream.read(BluetoothInputStream.java:96)
04-11 15:39:14.241 30665-31159/com.eScooterDiagTool W/System.err:     at java.io.InputStream.read(InputStream.java:162)
04-11 15:39:14.241 30665-31159/com.eScooterDiagTool W/System.err:     at com.bosch.diag.service.BluetoothCommunThread.run(BluetoothCommunThread.java:137)
04-11 15:39:14.241 30665-31159/com.eScooterDiagTool I/BluetoothCommunThread: release IO resource!

04-11 15:39:14.242 30665-31159/com.eScooterDiagTool D/BluetoothSocket: close() in, this: android.bluetooth.BluetoothSocket@421c6fc0, channel: 1, state: CONNECTED
04-11 15:39:14.242 30665-31158/com.eScooterDiagTool W/System.err:     at android.net.LocalSocketImpl.writeba_native(Native Method)
04-11 15:39:14.243 30665-31159/com.eScooterDiagTool D/BluetoothSocket: close() this: android.bluetooth.BluetoothSocket@421c6fc0, channel: 1, mSocketIS: android.net.LocalSocketImpl$SocketInputStream@42619238, mSocketOS: android.net.LocalSocketImpl$SocketOutputStream@42603080mSocket: android.net.LocalSocket@4246ab00 impl:android.net.LocalSocketImpl@42554b08 fd:FileDescriptor[81]
04-11 15:39:14.243 30665-31158/com.eScooterDiagTool W/System.err:     at android.net.LocalSocketImpl.access$600(LocalSocketImpl.java:33)
04-11 15:39:14.244 30665-31158/com.eScooterDiagTool W/System.err:     at android.net.LocalSocketImpl$SocketOutputStream.write(LocalSocketImpl.java:132)
04-11 15:39:14.244 30665-31158/com.eScooterDiagTool W/System.err:     at android.bluetooth.BluetoothSocket.write(BluetoothSocket.java:437)
04-11 15:39:14.244 30665-31159/com.eScooterDiagTool D/BluetoothSocket: Closing mSocket: android.net.LocalSocket@4246ab00 impl:android.net.LocalSocketImpl@42554b08 fd:FileDescriptor[81]
04-11 15:39:14.244 30665-31158/com.eScooterDiagTool W/System.err:     at android.bluetooth.BluetoothOutputStream.write(BluetoothOutputStream.java:85)
04-11 15:39:14.244 30665-31158/com.eScooterDiagTool W/System.err:     at java.io.OutputStream.write(OutputStream.java:82)
04-11 15:39:14.245 30665-31158/com.eScooterDiagTool W/System.err:     at com.bosch.diag.service.BluetoothCommunThread.writeObject(BluetoothCommunThread.java:260)
04-11 15:39:14.245 30665-31159/com.eScooterDiagTool D/BluetoothSocket: close() in, this: android.bluetooth.BluetoothSocket@421c6fc0, channel: 1, state: CLOSED
04-11 15:39:14.245 30665-31158/com.eScooterDiagTool W/System.err:     at com.bosch.diag.service.DeviceConnectionManager.writeObject(DeviceConnectionManager.java:296)
04-11 15:39:14.245 30665-31159/com.eScooterDiagTool D/BluetoothSocket: close() in, this: android.bluetooth.BluetoothSocket@421c6fc0, channel: 1, state: CLOSED
04-11 15:39:14.245 30665-31159/com.eScooterDiagTool D/dalvikvm: threadid=14: exiting
04-11 15:39:14.245 30665-31158/com.eScooterDiagTool W/System.err:     at com.bosch.diag.activity.MainActivity$1.handleMessage(MainActivity.java:226)
04-11 15:39:14.245 30665-31159/com.eScooterDiagTool D/dalvikvm: threadid=14: bye!
04-11 15:39:14.245 30665-31158/com.eScooterDiagTool W/System.err:     at android.os.Handler.dispatchMessage(Handler.java:110)
04-11 15:39:14.245 30665-31158/com.eScooterDiagTool W/System.err:     at android.os.Looper.loop(Looper.java:193)
04-11 15:39:14.245 30665-31158/com.eScooterDiagTool W/System.err:     at android.os.HandlerThread.run(HandlerThread.java:61)
04-11 15:39:14.254 841-852/system_process I/NotificationService: enqueueToast pkg=com.eScooterDiagTool callback=android.app.ITransientNotification$Stub$Proxy@42c4b178 duration=1
04-11 15:39:14.255 841-852/system_process D/AppOps: noteOperation: allowing code 11 uid 10095 package com.eScooterDiagTool
04-11 15:39:14.256 841-852/system_process D/NotificationService: Show pkg=com.eScooterDiagTool callback=android.app.ITransientNotification$Stub$Proxy@42c4b178
04-11 15:39:14.269 30665-30665/com.eScooterDiagTool D/ActivityThread: SVC-Creating service: CreateServiceData{token=android.os.BinderProxy@42669cb8 className=com.bosch.diag.service.BluetoothConnectionService packageName=com.eScooterDiagTool intent=null}
04-11 15:39:14.269 30665-30665/com.eScooterDiagTool I/BluetoothConnectionService: Service onCreate
04-11 15:39:14.269 30665-30665/com.eScooterDiagTool D/ActivityThread: SVC-CREATE_SERVICE handled : 0 / CreateServiceData{token=android.os.BinderProxy@42669cb8 className=com.bosch.diag.service.BluetoothConnectionService packageName=com.eScooterDiagTool intent=null}
04-11 15:39:14.270 30665-30665/com.eScooterDiagTool D/ActivityThread: SVC-Calling onStartCommand: com.bosch.diag.service.BluetoothConnectionService@427af868, flags=0, startId=1
04-11 15:39:14.270 30665-30665/com.eScooterDiagTool D/BluetoothConnectionService: service got action : com.bosch.diag.ACTION_CONNECT
04-11 15:39:14.270 30665-30665/com.eScooterDiagTool D/ActivityThread: SVC-SERVICE_ARGS handled : 0 / ServiceArgsData{token=android.os.BinderProxy@42669cb8 startId=1 args=Intent { act=com.bosch.diag.ACTION_CONNECT cmp=com.eScooterDiagTool/com.bosch.diag.service.BluetoothConnectionService }}

04-11 15:39:14.300 30665-30665/com.eScooterDiagTool D/BluetoothConnectionService: service canceled false

04-11 15:39:14.301 30665-30665/com.eScooterDiagTool D/BluetoothAdapter: 1112009920: getState(). Returning 12
04-11 15:39:14.302 30665-30665/com.eScooterDiagTool D/BluetoothDevice: mAddress: 2C:AE:2B:56:6A:65
04-11 15:39:14.303 30665-30665/com.eScooterDiagTool D/BluetoothDevice: mAddress: 50:F0:D3:59:89:F7
04-11 15:39:14.303 30665-30665/com.eScooterDiagTool D/BluetoothDevice: mAddress: 94:76:B7:17:6E:D0
04-11 15:39:14.303 30665-30665/com.eScooterDiagTool D/BluetoothDevice: mAddress: D0:18:EC:1A:1F:7F
04-11 15:39:14.303 30665-30665/com.eScooterDiagTool D/BluetoothDevice: mAddress: 14:08:13:53:08:8C
04-11 15:39:14.303 30665-30665/com.eScooterDiagTool D/BluetoothDevice: mAddress: 00:1D:43:9A:E0:78

04-11 15:39:14.303 30665-30665/com.eScooterDiagTool D/BluetoothConnectionService: try to connect device 00:1D:43:9A:E0:78
04-11 15:39:14.307 30665-30665/com.eScooterDiagTool D/DeviceConnectionManager: current device = 00:1D:43:9A:E0:78
04-11 15:39:14.307 30665-30665/com.eScooterDiagTool D/DeviceConnectionManager: set device = 00:1D:43:9A:E0:78

04-11 15:39:14.307 30665-30665/com.eScooterDiagTool D/DeviceConnectionManager: current socket connection = false

04-11 15:39:14.307 30665-30665/com.eScooterDiagTool D/BluetoothDevice: mAddress: 00:1D:43:9A:E0:78
04-11 15:39:14.307 30665-30665/com.eScooterDiagTool D/BluetoothDevice: mAddress: 00:1D:43:9A:E0:78
04-11 15:39:14.308 30665-30665/com.eScooterDiagTool D/dalvikvm: create interp thread : stack size=128KB
04-11 15:39:14.308 30665-30665/com.eScooterDiagTool D/dalvikvm: create new thread
04-11 15:39:14.308 30665-30665/com.eScooterDiagTool D/dalvikvm: new thread created
04-11 15:39:14.308 30665-30665/com.eScooterDiagTool D/dalvikvm: update thread list
04-11 15:39:14.309 30665-31625/com.eScooterDiagTool D/dalvikvm: threadid=14: interp stack at 0x77c8d000
04-11 15:39:14.309 30665-31625/com.eScooterDiagTool D/dalvikvm: threadid=14: created from interp
04-11 15:39:14.309 30665-30665/com.eScooterDiagTool D/dalvikvm: start new thread
04-11 15:39:14.309 30665-31625/com.eScooterDiagTool D/dalvikvm: threadid=14: notify debugger
04-11 15:39:14.309 30665-31625/com.eScooterDiagTool D/dalvikvm: threadid=14 (Thread-806): calling run()

04-11 15:39:14.309 30665-31625/com.eScooterDiagTool D/DeviceConnectionManager: try to create new device socket

04-11 15:39:14.309 30665-31625/com.eScooterDiagTool D/BluetoothDevice: mAddress: 00:1D:43:9A:E0:78

04-11 15:39:14.309 30665-31625/com.eScooterDiagTool W/BluetoothAdapter: getBluetoothService() called with no BluetoothManagerCallback

04-11 15:39:14.313 163-408/? I/BufferQueue: [Toast](this:0xb780fc68,id:561,api:0,p:30665,c:163) connect: api=2 producer=(30665:com.eScooterDiagTool) producerControlledByApp=true
04-11 15:39:14.313 30665-31625/com.eScooterDiagTool D/BluetoothSocket: connect(), SocketState: INIT, mPfd: {ParcelFileDescriptor: FileDescriptor[61]}
04-11 15:39:14.314 30665-30665/com.eScooterDiagTool D/GraphicBuffer: create handle(0x7850d008) (w:288, h:88, f:1)
04-11 15:39:14.321 841-1187/system_process I/NotificationService: enqueueToast pkg=com.eScooterDiagTool callback=android.app.ITransientNotification$Stub$Proxy@42a2e3b8 duration=0
04-11 15:39:14.322 841-1187/system_process D/AppOps: noteOperation: allowing code 11 uid 10095 package com.eScooterDiagTool
04-11 15:39:17.757 841-841/system_process D/NotificationService: Timeout pkg=com.eScooterDiagTool callback=android.app.ITransientNotification$Stub$Proxy@42c4b178
04-11 15:39:17.758 841-841/system_process D/NotificationService: Show pkg=com.eScooterDiagTool callback=android.app.ITransientNotification$Stub$Proxy@42a2e3b8
04-11 15:39:17.759 30665-30665/com.eScooterDiagTool D/GraphicBuffer: close handle(0x7850d008) (w:288 h:88 f:1)
04-11 15:39:17.805 163-3284/? I/BufferQueue: [Toast](this:0xb7816168,id:562,api:0,p:30665,c:163) connect: api=2 producer=(30665:com.eScooterDiagTool) producerControlledByApp=true
04-11 15:39:17.808 30665-30665/com.eScooterDiagTool D/GraphicBuffer: create handle(0x78526b38) (w:496, h:88, f:1)
04-11 15:39:19.833 841-841/system_process D/NotificationService: Timeout pkg=com.eScooterDiagTool callback=android.app.ITransientNotification$Stub$Proxy@42a2e3b8
04-11 15:39:19.848 30665-30665/com.eScooterDiagTool D/GraphicBuffer: close handle(0x78526b38) (w:496 h:88 f:1)
04-11 15:39:23.563 30665-30665/com.eScooterDiagTool I/View: Key down dispatch to android.widget.ListView{427f5af0 VFED.VC. .F...... 0,0-720,1054 #7f050055 app:id/advance_list}, event = KeyEvent { action=ACTION_DOWN, keyCode=KEYCODE_BACK, scanCode=158, metaState=0, flags=0x8, repeatCount=0, eventTime=11388047, downTime=11388047, deviceId=2, source=0x101 }
04-11 15:39:23.584 841-885/system_process I/WindowManager: Gaining focus: Window{42b7ecc8 u0 com.eScooterDiagTool/com.bosch.diag.activity.MainActivity}
04-11 15:39:23.600 163-163/? I/BufferQueue: [com.eScooterDiagTool/com.bosch.diag.activity.MainActivity](this:0xb780fc68,id:563,api:0,p:-1,c:163) setConsumerName: com.eScooterDiagTool/com.bosch.diag.activity.MainActivity
04-11 15:39:23.600 163-163/? I/BufferQueue: [com.eScooterDiagTool/com.bosch.diag.activity.MainActivity](this:0xb780fc68,id:563,api:0,p:-1,c:163) setDefaultBufferSize: w=1, h=1
04-11 15:39:23.607 163-163/? I/BufferQueue: [com.eScooterDiagTool/com.bosch.diag.activity.MainActivity](this:0xb780fc68,id:563,api:0,p:-1,c:163) setDefaultBufferSize: w=684, h=390
04-11 15:39:23.612 163-3284/? I/BufferQueue: [com.eScooterDiagTool/com.bosch.diag.activity.MainActivity](this:0xb780fc68,id:563,api:0,p:30665,c:163) connect: api=1 producer=(30665:com.eScooterDiagTool) producerControlledByApp=true
04-11 15:39:23.613 163-363/? I/BufferQueue: [com.eScooterDiagTool/com.bosch.diag.activity.MainActivity](this:0xb780fc68,id:563,api:1,p:30665,c:163) new GraphicBuffer needed
04-11 15:39:23.614 30665-30665/com.eScooterDiagTool D/GraphicBuffer: create handle(0x7850e8b0) (w:688, h:390, f:1)
04-11 15:39:23.616 163-1221/? D/BufferQueue: [com.eScooterDiagTool/com.bosch.diag.activity.MainActivity](this:0xb780fc68,id:563,api:1,p:30665,c:163) cancelBuffer: slot=0
04-11 15:39:23.616 30665-30665/com.eScooterDiagTool I/MaliEGL: [Mali]window_type=1, is_framebuffer=0, errnum = 0
04-11 15:39:23.616 30665-30665/com.eScooterDiagTool I/MaliEGL: [Mali]surface->num_buffers=4, surface->num_frames=3, win_min_undequeued=1
04-11 15:39:23.616 30665-30665/com.eScooterDiagTool I/MaliEGL: [Mali]max_allowed_dequeued_buffers=3
04-11 15:39:23.616 163-408/? I/BufferQueue: [com.eScooterDiagTool/com.bosch.diag.activity.MainActivity](this:0xb780fc68,id:563,api:1,p:30665,c:163) setBufferCount: count=4
04-11 15:39:23.616 163-408/? I/BufferQueue: [com.eScooterDiagTool/com.bosch.diag.activity.MainActivity](this:0xb780fc68,id:563,api:1,p:30665,c:163) getReleasedBuffers: returning mask 0xffffffff
04-11 15:39:23.616 30665-30665/com.eScooterDiagTool D/GraphicBuffer: close handle(0x7850e8b0) (w:688 h:390 f:1)
04-11 15:39:23.617 163-359/? I/BufferQueue: [com.eScooterDiagTool/com.bosch.diag.activity.MainActivity](this:0xb780fc68,id:563,api:1,p:30665,c:163) new GraphicBuffer needed
04-11 15:39:23.619 30665-30665/com.eScooterDiagTool D/GraphicBuffer: create handle(0x77b1d550) (w:688, h:390, f:1)
04-11 15:39:23.620 30665-30665/com.eScooterDiagTool D/OpenGLRenderer: setViewport 684x390 <0x784f26f8>
04-11 15:39:23.626 30665-30665/com.eScooterDiagTool D/OpenGLRenderer: prepareDirty (0.00, 0.00, 684.00, 390.00) opaque 0 <0x784f26f8>
04-11 15:39:23.626 30665-30665/com.eScooterDiagTool D/OpenGLRenderer: clear (0.00, 390 - 390.00 = 0.00, 684.00 - 0.00 = 684.00, 390.00 - 0.00 = 390.00) opaque 0 <0x784f26f8>
04-11 15:39:23.633 30665-30665/com.eScooterDiagTool D/OpenGLRenderer: finish <0x784f26f8>
04-11 15:39:23.643 163-163/? I/GLConsumer: [com.eScooterDiagTool/com.bosch.diag.activity.MainActivity](this:0xb77f1ef0,api:1) [void* android::GLConsumer::createImage(EGLDisplay, const android::sp<android::GraphicBuffer>&, const android::Rect&)]
04-11 15:39:23.652 30665-30665/com.eScooterDiagTool D/AbsListView: onWindowFocusChanged: hasWindowFocus=false, this=android.widget.ListView{425b2e50 VFED.VC. ........ 0,0-720,1054 #7f050043 app:id/basic_list}
04-11 15:39:23.652 30665-30665/com.eScooterDiagTool D/AbsListView: onWindowFocusChanged: hasWindowFocus=false, this=android.widget.ListView{427f5af0 VFED.VC. .F...... 0,0-720,1054 #7f050055 app:id/advance_list}
04-11 15:39:24.811 163-1221/? I/BufferQueue: [com.eScooterDiagTool/com.bosch.diag.activity.MainActivity](this:0xb780fc68,id:563,api:1,p:30665,c:163) new GraphicBuffer needed
04-11 15:39:24.821 30665-30665/com.eScooterDiagTool D/GraphicBuffer: create handle(0x78644f90) (w:688, h:390, f:1)
04-11 15:39:24.837 30665-30665/com.eScooterDiagTool D/OpenGLRenderer: prepareDirty (0.00, 0.00, 684.00, 390.00) opaque 0 <0x784f26f8>
04-11 15:39:24.848 30665-30665/com.eScooterDiagTool D/OpenGLRenderer: clear (0.00, 390 - 390.00 = 0.00, 684.00 - 0.00 = 684.00, 390.00 - 0.00 = 390.00) opaque 0 <0x784f26f8>
04-11 15:39:24.849 30665-30665/com.eScooterDiagTool D/OpenGLRenderer: finish <0x784f26f8>
04-11 15:39:24.866 163-163/? I/GLConsumer: [com.eScooterDiagTool/com.bosch.diag.activity.MainActivity](this:0xb77f1ef0,api:1) [void* android::GLConsumer::createImage(EGLDisplay, const android::sp<android::GraphicBuffer>&, const android::Rect&)]
04-11 15:39:24.869 163-1221/? I/BufferQueue: [com.eScooterDiagTool/com.bosch.diag.activity.MainActivity](this:0xb780fc68,id:563,api:1,p:30665,c:163) [queue] fps:0.81, dur:1235.33, max:1235.33, min:1235.33
04-11 15:39:24.871 163-3284/? I/BufferQueue: [com.eScooterDiagTool/com.bosch.diag.activity.MainActivity](this:0xb780fc68,id:563,api:1,p:30665,c:163) new GraphicBuffer needed
04-11 15:39:24.875 30665-30665/com.eScooterDiagTool D/GraphicBuffer: create handle(0x77d025f8) (w:688, h:390, f:1)
04-11 15:39:24.882 30665-30665/com.eScooterDiagTool D/OpenGLRenderer: prepareDirty (0.00, 0.00, 684.00, 390.00) opaque 0 <0x784f26f8>
04-11 15:39:24.885 30665-30665/com.eScooterDiagTool D/OpenGLRenderer: clear (0.00, 390 - 390.00 = 0.00, 684.00 - 0.00 = 684.00, 390.00 - 0.00 = 390.00) opaque 0 <0x784f26f8>
04-11 15:39:24.886 30665-30665/com.eScooterDiagTool D/OpenGLRenderer: finish <0x784f26f8>
04-11 15:39:24.899 163-359/? I/BufferQueue: [com.eScooterDiagTool/com.bosch.diag.activity.MainActivity](this:0xb780fc68,id:563,api:1,p:30665,c:163) new GraphicBuffer needed
04-11 15:39:24.907 163-163/? I/GLConsumer: [com.eScooterDiagTool/com.bosch.diag.activity.MainActivity](this:0xb77f1ef0,api:1) [void* android::GLConsumer::createImage(EGLDisplay, const android::sp<android::GraphicBuffer>&, const android::Rect&)]
04-11 15:39:24.924 30665-30665/com.eScooterDiagTool D/GraphicBuffer: create handle(0x786446c0) (w:688, h:390, f:1)
04-11 15:39:24.937 30665-30665/com.eScooterDiagTool D/OpenGLRenderer: prepareDirty (0.00, 0.00, 684.00, 390.00) opaque 0 <0x784f26f8>
04-11 15:39:24.938 30665-30665/com.eScooterDiagTool D/OpenGLRenderer: clear (0.00, 390 - 390.00 = 0.00, 684.00 - 0.00 = 684.00, 390.00 - 0.00 = 390.00) opaque 0 <0x784f26f8>
04-11 15:39:24.939 30665-30665/com.eScooterDiagTool D/OpenGLRenderer: finish <0x784f26f8>
04-11 15:39:24.978 163-163/? I/GLConsumer: [com.eScooterDiagTool/com.bosch.diag.activity.MainActivity](this:0xb77f1ef0,api:1) [void* android::GLConsumer::createImage(EGLDisplay, const android::sp<android::GraphicBuffer>&, const android::Rect&)]
04-11 15:39:24.985 30665-30665/com.eScooterDiagTool D/OpenGLRenderer: prepareDirty (0.00, 0.00, 684.00, 390.00) opaque 0 <0x784f26f8>
04-11 15:39:24.987 30665-30665/com.eScooterDiagTool D/OpenGLRenderer: clear (0.00, 390 - 390.00 = 0.00, 684.00 - 0.00 = 684.00, 390.00 - 0.00 = 390.00) opaque 0 <0x784f26f8>
04-11 15:39:24.988 30665-30665/com.eScooterDiagTool D/OpenGLRenderer: finish <0x784f26f8>
04-11 15:39:24.992 30665-30665/com.eScooterDiagTool D/OpenGLRenderer: prepareDirty (0.00, 0.00, 684.00, 390.00) opaque 0 <0x784f26f8>
04-11 15:39:24.994 30665-30665/com.eScooterDiagTool D/OpenGLRenderer: clear (0.00, 390 - 390.00 = 0.00, 684.00 - 0.00 = 684.00, 390.00 - 0.00 = 390.00) opaque 0 <0x784f26f8>
04-11 15:39:24.995 30665-30665/com.eScooterDiagTool D/OpenGLRenderer: finish <0x784f26f8>
04-11 15:39:25.000 30665-30665/com.eScooterDiagTool D/OpenGLRenderer: prepareDirty (0.00, 0.00, 684.00, 390.00) opaque 0 <0x784f26f8>
04-11 15:39:25.001 30665-30665/com.eScooterDiagTool D/OpenGLRenderer: clear (0.00, 390 - 390.00 = 0.00, 684.00 - 0.00 = 684.00, 390.00 - 0.00 = 390.00) opaque 0 <0x784f26f8>
04-11 15:39:25.003 30665-30665/com.eScooterDiagTool D/OpenGLRenderer: finish <0x784f26f8>
04-11 15:39:25.016 30665-30665/com.eScooterDiagTool D/OpenGLRenderer: prepareDirty (0.00, 0.00, 684.00, 390.00) opaque 0 <0x784f26f8>
04-11 15:39:25.017 30665-30665/com.eScooterDiagTool D/OpenGLRenderer: clear (0.00, 390 - 390.00 = 0.00, 684.00 - 0.00 = 684.00, 390.00 - 0.00 = 390.00) opaque 0 <0x784f26f8>
04-11 15:39:25.018 30665-30665/com.eScooterDiagTool D/OpenGLRenderer: finish <0x784f26f8>
04-11 15:39:25.035 30665-30665/com.eScooterDiagTool D/OpenGLRenderer: prepareDirty (0.00, 0.00, 684.00, 390.00) opaque 0 <0x784f26f8>
04-11 15:39:25.035 30665-30665/com.eScooterDiagTool D/OpenGLRenderer: clear (0.00, 390 - 390.00 = 0.00, 684.00 - 0.00 = 684.00, 390.00 - 0.00 = 390.00) opaque 0 <0x784f26f8>
04-11 15:39:25.036 30665-30665/com.eScooterDiagTool D/OpenGLRenderer: finish <0x784f26f8>
04-11 15:39:25.053 30665-30665/com.eScooterDiagTool D/OpenGLRenderer: prepareDirty (0.00, 0.00, 684.00, 390.00) opaque 0 <0x784f26f8>
04-11 15:39:25.054 30665-30665/com.eScooterDiagTool D/OpenGLRenderer: clear (0.00, 390 - 390.00 = 0.00, 684.00 - 0.00 = 684.00, 390.00 - 0.00 = 390.00) opaque 0 <0x784f26f8>
04-11 15:39:25.055 30665-30665/com.eScooterDiagTool D/OpenGLRenderer: finish <0x784f26f8>
04-11 15:39:25.072 30665-30665/com.eScooterDiagTool D/OpenGLRenderer: prepareDirty (0.00, 0.00, 684.00, 390.00) opaque 0 <0x784f26f8>
04-11 15:39:25.072 30665-30665/com.eScooterDiagTool D/OpenGLRenderer: clear (0.00, 390 - 390.00 = 0.00, 684.00 - 0.00 = 684.00, 390.00 - 0.00 = 390.00) opaque 0 <0x784f26f8>
04-11 15:39:25.073 30665-30665/com.eScooterDiagTool D/OpenGLRenderer: finish <0x784f26f8>
04-11 15:39:27.014 30665-30665/com.eScooterDiagTool I/View: Touch down dispatch to android.widget.Button{42883c50 VFED..C. ........ 311,0-620,96 #1020019 android:id/button1}, event = MotionEvent { action=ACTION_DOWN, id[0]=0, x[0]=196.22607, y[0]=60.36847, toolType[0]=TOOL_TYPE_FINGER, buttonState=0, metaState=0, flags=0x0, edgeFlags=0x0, pointerCount=1, historySize=0, eventTime=11391530, downTime=11391530, deviceId=2, source=0x1002 }
04-11 15:39:27.024 30665-30665/com.eScooterDiagTool D/OpenGLRenderer: prepareDirty (0.00, 0.00, 684.00, 390.00) opaque 0 <0x784f26f8>
04-11 15:39:27.025 30665-30665/com.eScooterDiagTool D/OpenGLRenderer: clear (0.00, 390 - 390.00 = 0.00, 684.00 - 0.00 = 684.00, 390.00 - 0.00 = 390.00) opaque 0 <0x784f26f8>
04-11 15:39:27.027 30665-30665/com.eScooterDiagTool D/OpenGLRenderer: finish <0x784f26f8>
04-11 15:39:27.030 163-1221/? I/BufferQueue: [com.eScooterDiagTool/com.bosch.diag.activity.MainActivity](this:0xb780fc68,id:563,api:1,p:30665,c:163) [queue] fps:4.63, dur:2160.89, max:1956.05, min:6.91
04-11 15:39:27.041 163-163/? I/BufferQueue: [com.eScooterDiagTool/com.bosch.diag.activity.MainActivity](this:0xb780fc68,id:563,api:1,p:30665,c:163) [release] fps:4.60, dur:2173.94, max:1932.73, min:18.39
04-11 15:39:27.099 30665-30665/com.eScooterDiagTool I/View: Touch up dispatch to android.widget.Button{42883c50 VFED..C. ...P.... 311,0-620,96 #1020019 android:id/button1}, event = MotionEvent { action=ACTION_UP, id[0]=0, x[0]=196.22607, y[0]=60.36847, toolType[0]=TOOL_TYPE_FINGER, buttonState=0, metaState=0, flags=0x0, edgeFlags=0x0, pointerCount=1, historySize=0, eventTime=11391618, downTime=11391530, deviceId=2, source=0x1002 }
04-11 15:39:27.139 30665-30665/com.eScooterDiagTool D/OpenGLRenderer: Flushing caches (mode 0)
04-11 15:39:27.140 30665-30665/com.eScooterDiagTool D/GraphicBuffer: close handle(0x77b1d550) (w:688 h:390 f:1)
04-11 15:39:27.140 30665-30665/com.eScooterDiagTool D/GraphicBuffer: close handle(0x78644f90) (w:688 h:390 f:1)
04-11 15:39:27.141 30665-30665/com.eScooterDiagTool D/GraphicBuffer: close handle(0x77d025f8) (w:688 h:390 f:1)
04-11 15:39:27.141 30665-30665/com.eScooterDiagTool D/GraphicBuffer: close handle(0x786446c0) (w:688 h:390 f:1)
04-11 15:39:27.141 163-359/? I/BufferQueue: [com.eScooterDiagTool/com.bosch.diag.activity.MainActivity](this:0xb780fc68,id:563,api:1,p:-1,c:163) disconnect: api=1
04-11 15:39:27.142 163-359/? I/BufferQueue: [com.eScooterDiagTool/com.bosch.diag.activity.MainActivity](this:0xb780fc68,id:563,api:0,p:-1,c:163) getReleasedBuffers: returning mask 0xffffffff
04-11 15:39:27.142 163-359/? I/GLConsumer: [com.eScooterDiagTool/com.bosch.diag.activity.MainActivity](this:0xb77f1ef0,api:0) destroying EGLImage dpy=0x1 img=0x10000007
04-11 15:39:27.142 163-359/? I/GLConsumer: [com.eScooterDiagTool/com.bosch.diag.activity.MainActivity](this:0xb77f1ef0,api:0) destroying EGLImage dpy=0x1 img=0x10000008
04-11 15:39:27.142 163-359/? I/GLConsumer: [com.eScooterDiagTool/com.bosch.diag.activity.MainActivity](this:0xb77f1ef0,api:0) destroying EGLImage dpy=0x1 img=0x1000000b
04-11 15:39:27.142 163-359/? I/GLConsumer: [com.eScooterDiagTool/com.bosch.diag.activity.MainActivity](this:0xb77f1ef0,api:0) destroying EGLImage dpy=0x1 img=0x1000000c
04-11 15:39:27.148 841-885/system_process I/WindowManager: Losing focus: Window{42b7ecc8 u0 com.eScooterDiagTool/com.bosch.diag.activity.MainActivity EXITING}
04-11 15:39:27.154 30665-30665/com.eScooterDiagTool E/MainActivity: in onPause
04-11 15:39:27.157 30665-30665/com.eScooterDiagTool D/ActivityThread: ACT-AM_ON_PAUSE_CALLED ActivityRecord{424a6820 token=android.os.BinderProxy@424a5fe8 {com.eScooterDiagTool/com.bosch.diag.activity.MainActivity}}
04-11 15:39:27.172 30665-30665/com.eScooterDiagTool D/ActivityThread: ACT-PAUSE_ACTIVITY_FINISHING handled : 0 / android.os.BinderProxy@424a5fe8
04-11 15:39:27.173 163-163/? I/GLConsumer: [com.eScooterDiagTool/com.bosch.diag.activity.MainActivity](this:0xb77f1ef0,api:0) [void* android::GLConsumer::createImage(EGLDisplay, const android::sp<android::GraphicBuffer>&, const android::Rect&)]
04-11 15:39:27.191 163-163/? I/GLConsumer: [com.eScooterDiagTool/com.bosch.diag.activity.MainActivity](this:0xb77f1ef0,api:0) [void* android::GLConsumer::createImage(EGLDisplay, const android::sp<android::GraphicBuffer>&, const android::Rect&)]
04-11 15:39:27.210 163-163/? I/GLConsumer: [com.eScooterDiagTool/com.bosch.diag.activity.MainActivity](this:0xb77f1ef0,api:0) [void* android::GLConsumer::createImage(EGLDisplay, const android::sp<android::GraphicBuffer>&, const android::Rect&)]
04-11 15:39:27.229 163-163/? I/GLConsumer: [com.eScooterDiagTool/com.bosch.diag.activity.MainActivity](this:0xb77f1ef0,api:0) [void* android::GLConsumer::createImage(EGLDisplay, const android::sp<android::GraphicBuffer>&, const android::Rect&)]
04-11 15:39:27.247 163-163/? I/GLConsumer: [com.eScooterDiagTool/com.bosch.diag.activity.MainActivity](this:0xb77f1ef0,api:0) [void* android::GLConsumer::createImage(EGLDisplay, const android::sp<android::GraphicBuffer>&, const android::Rect&)]
04-11 15:39:27.266 163-163/? I/GLConsumer: [com.eScooterDiagTool/com.bosch.diag.activity.MainActivity](this:0xb77f1ef0,api:0) [void* android::GLConsumer::createImage(EGLDisplay, const android::sp<android::GraphicBuffer>&, const android::Rect&)]
04-11 15:39:27.284 163-163/? I/GLConsumer: [com.eScooterDiagTool/com.bosch.diag.activity.MainActivity](this:0xb77f1ef0,api:0) [void* android::GLConsumer::createImage(EGLDisplay, const android::sp<android::GraphicBuffer>&, const android::Rect&)]
04-11 15:39:27.303 163-163/? I/GLConsumer: [com.eScooterDiagTool/com.bosch.diag.activity.MainActivity](this:0xb77f1ef0,api:0) [void* android::GLConsumer::createImage(EGLDisplay, const android::sp<android::GraphicBuffer>&, const android::Rect&)]
04-11 15:39:27.321 163-163/? I/GLConsumer: [com.eScooterDiagTool/com.bosch.diag.activity.MainActivity](this:0xb77f1ef0,api:0) [void* android::GLConsumer::createImage(EGLDisplay, const android::sp<android::GraphicBuffer>&, const android::Rect&)]
04-11 15:39:27.339 163-163/? I/GLConsumer: [com.eScooterDiagTool/com.bosch.diag.activity.MainActivity](this:0xb77f1ef0,api:0) [void* android::GLConsumer::createImage(EGLDisplay, const android::sp<android::GraphicBuffer>&, const android::Rect&)]
04-11 15:39:27.358 163-163/? I/GLConsumer: [com.eScooterDiagTool/com.bosch.diag.activity.MainActivity](this:0xb77f1ef0,api:0) [void* android::GLConsumer::createImage(EGLDisplay, const android::sp<android::GraphicBuffer>&, const android::Rect&)]
04-11 15:39:27.395 163-163/? I/GLConsumer: [com.eScooterDiagTool/com.bosch.diag.activity.MainActivity](this:0xb77f1ef0,api:0) [void* android::GLConsumer::createImage(EGLDisplay, const android::sp<android::GraphicBuffer>&, const android::Rect&)]
04-11 15:39:27.396 30665-30665/com.eScooterDiagTool D/OpenGLRenderer: Flushing caches (mode 0)
