04-11 15:47:53.366 31570-31570/mig0.bosheculogger I/BasicFragment.java: in getView name:eBraking  value:Off
04-11 15:47:53.366 31570-31570/mig0.bosheculogger I/BasicFragment.java: in getView name:Anti-Theft  value:Off
04-11 15:47:53.366 31570-31570/mig0.bosheculogger I/BasicFragment.java: in getView name:Trip Odometer  value:0.0km
04-11 15:47:53.366 31570-31570/mig0.bosheculogger I/BasicFragment.java: in getView name:odometer  value:297km
04-11 15:47:53.366 31570-31570/mig0.bosheculogger D/AbsListView: unregisterIRListener() is called 
04-11 15:47:53.366 31570-31570/mig0.bosheculogger I/endeffect: AbsListView.onLayout(), getWidth()=1080, getHeight()=1557, this=android.widget.ListView{4297e5c8 VFED.VC. .F....ID 0,0-1080,1557 #7f0b0068 app:id/basic_list}
04-11 15:47:53.746 31570-31570/mig0.bosheculogger I/endeffect: AbsListView.onMeasure(), getWidth()=1080, getHeight()=0, this=android.widget.ExpandableListView{4297a6c0 V.ED.VC. ......ID 0,778-1080,778 #7f0b006d app:id/expandableListView1}
04-11 15:47:53.746 31570-31570/mig0.bosheculogger I/endeffect: AbsListView.onMeasure(), getWidth()=1080, getHeight()=1557, this=android.widget.ListView{4297e5c8 VFED.VC. .F....I. 0,0-1080,1557 #7f0b0068 app:id/basic_list}
04-11 15:47:53.756 31570-31570/mig0.bosheculogger I/endeffect: AbsListView.onMeasure(), getWidth()=1080, getHeight()=0, this=android.widget.ExpandableListView{4297a6c0 V.ED.VC. ......ID 0,778-1080,778 #7f0b006d app:id/expandableListView1}
04-11 15:47:53.756 31570-31570/mig0.bosheculogger I/endeffect: AbsListView.onMeasure(), getWidth()=1080, getHeight()=1557, this=android.widget.ListView{4297e5c8 VFED.VC. .F....I. 0,0-1080,1557 #7f0b0068 app:id/basic_list}
04-11 15:47:53.756 31570-31570/mig0.bosheculogger D/AbsListView: unregisterIRListener() is called 
04-11 15:47:53.756 31570-31570/mig0.bosheculogger I/endeffect: AbsListView.onLayout(), getWidth()=1080, getHeight()=0, this=android.widget.ExpandableListView{4297a6c0 V.ED.VC. ......ID 0,778-1080,778 #7f0b006d app:id/expandableListView1}
04-11 15:47:53.756 31570-31570/mig0.bosheculogger D/AbsListView: unregisterIRListener() is called 
04-11 15:47:53.756 31570-31570/mig0.bosheculogger I/endeffect: AbsListView.onLayout(), getWidth()=1080, getHeight()=1557, this=android.widget.ListView{4297e5c8 VFED.VC. .F....ID 0,0-1080,1557 #7f0b0068 app:id/basic_list}
04-11 15:47:53.866 31570-31570/mig0.bosheculogger D/MainActivity: MainHandler case CMD_REQUEST_STATUS_MESSAGE
04-11 15:47:53.866 31570-31570/mig0.bosheculogger D/MainActivity: 3.requset status message
04-11 15:47:53.906 31570-31978/mig0.bosheculogger I/BluetoothCommunThread: thread read = 2A
04-11 15:47:53.906 31570-31978/mig0.bosheculogger D/BluetoothCommunThread: get status code 2A reset!
04-11 15:47:53.906 31570-31978/mig0.bosheculogger I/BluetoothCommunThread: thread read = 000075890400250000
04-11 15:47:53.906 31570-31978/mig0.bosheculogger D/BluetoothCommunThread: part data
04-11 15:47:53.926 31570-31978/mig0.bosheculogger I/BluetoothCommunThread: thread read = 000001009D01CF01BE02
04-11 15:47:53.926 31570-31978/mig0.bosheculogger D/BluetoothCommunThread: part data
04-11 15:47:53.936 31570-31978/mig0.bosheculogger I/BluetoothCommunThread: thread read = C202AA00F802C3010000
04-11 15:47:53.936 31570-31978/mig0.bosheculogger D/BluetoothCommunThread: part data
04-11 15:47:53.936 31570-31978/mig0.bosheculogger I/BluetoothCommunThread: thread read = 6A000000F8FF043116
04-11 15:47:53.936 31570-31978/mig0.bosheculogger D/BluetoothCommunThread: part data
04-11 15:47:53.946 31570-31978/mig0.bosheculogger I/BluetoothCommunThread: thread read = 25166C076000FFFF0023
04-11 15:47:53.946 31570-31978/mig0.bosheculogger D/BluetoothCommunThread: part data
04-11 15:47:53.986 31570-31978/mig0.bosheculogger I/BluetoothCommunThread: thread read = 03000008000000000100
04-11 15:47:53.986 31570-31978/mig0.bosheculogger D/BluetoothCommunThread: part data
04-11 15:47:53.986 31570-31978/mig0.bosheculogger I/BluetoothCommunThread: thread read = 0200006B
04-11 15:47:53.986 31570-31978/mig0.bosheculogger D/BluetoothCommunThread: part data
04-11 15:47:53.986 31570-31978/mig0.bosheculogger D/BluetoothCommunThread: send normal byte
04-11 15:47:53.986 31570-31978/mig0.bosheculogger D/MainActivity:  Main read + 2A000075890400250000000001009D01CF01BE02C202AA00F802C30100006A000000F8FF04311625166C076000FFFF0023030000080000000001000200006B
04-11 15:47:53.996 31570-31570/mig0.bosheculogger D/MainActivity: MainHandler case MESSAGE_READ_OBJECT
04-11 15:47:53.996 31570-31570/mig0.bosheculogger I/MainActivity: statusCode:2A
04-11 15:47:53.996 31570-31570/mig0.bosheculogger I/MainActivity: from server checkSum:6B
04-11 15:47:53.996 31570-31570/mig0.bosheculogger I/MainActivity: original calced checkSum:c6b
04-11 15:47:53.996 31570-31570/mig0.bosheculogger I/MainActivity: calced checkSum:6B
04-11 15:47:53.996 31570-31570/mig0.bosheculogger E/MainActivity: advance fragment == null
04-11 15:47:54.006 31570-31570/mig0.bosheculogger I/endeffect: AbsListView.onMeasure(), getWidth()=1080, getHeight()=0, this=android.widget.ExpandableListView{4297a6c0 V.ED.VC. ......ID 0,778-1080,778 #7f0b006d app:id/expandableListView1}
04-11 15:47:54.006 31570-31570/mig0.bosheculogger I/endeffect: AbsListView.onMeasure(), getWidth()=1080, getHeight()=1557, this=android.widget.ListView{4297e5c8 VFED.VC. .F....I. 0,0-1080,1557 #7f0b0068 app:id/basic_list}
04-11 15:47:54.016 31570-31570/mig0.bosheculogger I/endeffect: AbsListView.onMeasure(), getWidth()=1080, getHeight()=0, this=android.widget.ExpandableListView{4297a6c0 V.ED.VC. ......ID 0,778-1080,778 #7f0b006d app:id/expandableListView1}
04-11 15:47:54.016 31570-31570/mig0.bosheculogger I/endeffect: AbsListView.onMeasure(), getWidth()=1080, getHeight()=1557, this=android.widget.ListView{4297e5c8 VFED.VC. .F....I. 0,0-1080,1557 #7f0b0068 app:id/basic_list}
04-11 15:47:54.016 31570-31570/mig0.bosheculogger D/AbsListView: unregisterIRListener() is called 
04-11 15:47:54.016 31570-31570/mig0.bosheculogger I/endeffect: AbsListView.onLayout(), getWidth()=1080, getHeight()=0, this=android.widget.ExpandableListView{4297a6c0 V.ED.VC. ......ID 0,778-1080,778 #7f0b006d app:id/expandableListView1}
04-11 15:47:54.016 31570-31570/mig0.bosheculogger I/BasicFragment.java: in getView name:Battery Voltage  value:44.4V
04-11 15:47:54.016 31570-31570/mig0.bosheculogger I/BasicFragment.java: in getView name:ThrottleInput  value:0%
04-11 15:47:54.016 31570-31570/mig0.bosheculogger I/Information.java: isSigned intValue: 0
04-11 15:47:54.016 31570-31570/mig0.bosheculogger I/BasicFragment.java: in getView name:Speed  value:0.0km/h
04-11 15:47:54.026 31570-31570/mig0.bosheculogger I/BasicFragment.java: in getView name:SpeedModes  value:3
04-11 15:47:54.026 31570-31570/mig0.bosheculogger I/BasicFragment.java: in getView name:Cruise  value:Off
04-11 15:47:54.026 31570-31570/mig0.bosheculogger I/BasicFragment.java: in getView name:SpeedLimit  value:On
04-11 15:47:54.026 31570-31570/mig0.bosheculogger I/BasicFragment.java: in getView name:eBraking  value:Off
04-11 15:47:54.026 31570-31570/mig0.bosheculogger I/BasicFragment.java: in getView name:Anti-Theft  value:Off
04-11 15:47:54.026 31570-31570/mig0.bosheculogger I/BasicFragment.java: in getView name:Trip Odometer  value:0.0km
04-11 15:47:54.026 31570-31570/mig0.bosheculogger I/BasicFragment.java: in getView name:odometer  value:297km
04-11 15:47:54.026 31570-31570/mig0.bosheculogger D/AbsListView: unregisterIRListener() is called 
04-11 15:47:54.026 31570-31570/mig0.bosheculogger I/endeffect: AbsListView.onLayout(), getWidth()=1080, getHeight()=1557, this=android.widget.ListView{4297e5c8 VFED.VC. .F....ID 0,0-1080,1557 #7f0b0068 app:id/basic_list}
04-11 15:47:54.146 31570-31570/mig0.bosheculogger I/MainActivity: adapter instantiateItem 2
04-11 15:47:54.146 31570-31570/mig0.bosheculogger E/MainActivity: on fragment: 2
04-11 15:47:54.156 31570-31570/mig0.bosheculogger D/AbsListView: Get MotionRecognitionManager
04-11 15:47:54.156 31570-31570/mig0.bosheculogger D/AbsListView: unregisterIRListener() is called 
04-11 15:47:54.166 31570-31570/mig0.bosheculogger I/endeffect: AbsListView.onMeasure(), getWidth()=1080, getHeight()=0, this=android.widget.ExpandableListView{4297a6c0 V.ED.VC. ......ID 0,778-1080,778 #7f0b006d app:id/expandableListView1}
04-11 15:47:54.166 31570-31570/mig0.bosheculogger I/endeffect: AbsListView.onMeasure(), getWidth()=1080, getHeight()=1557, this=android.widget.ListView{4297e5c8 VFED.VC. .F...... 0,0-1080,1557 #7f0b0068 app:id/basic_list}
04-11 15:47:54.166 31570-31570/mig0.bosheculogger I/endeffect: AbsListView.onMeasure(), getWidth()=0, getHeight()=0, this=android.widget.ListView{42aa3278 VFED.VC. ......I. 0,0-0,0 #7f0b0090 app:id/advance_list}
04-11 15:47:54.166 31570-31570/mig0.bosheculogger I/endeffect: AbsListView.onMeasure(), getWidth()=1080, getHeight()=0, this=android.widget.ExpandableListView{4297a6c0 V.ED.VC. ......ID 0,778-1080,778 #7f0b006d app:id/expandableListView1}
04-11 15:47:54.166 31570-31570/mig0.bosheculogger I/endeffect: AbsListView.onMeasure(), getWidth()=1080, getHeight()=1557, this=android.widget.ListView{4297e5c8 VFED.VC. .F...... 0,0-1080,1557 #7f0b0068 app:id/basic_list}
04-11 15:47:54.166 31570-31570/mig0.bosheculogger I/endeffect: AbsListView.onMeasure(), getWidth()=0, getHeight()=0, this=android.widget.ListView{42aa3278 VFED.VC. ......I. 0,0-0,0 #7f0b0090 app:id/advance_list}
04-11 15:47:54.176 31570-31570/mig0.bosheculogger D/AbsListView: unregisterIRListener() is called 
04-11 15:47:54.176 31570-31570/mig0.bosheculogger I/endeffect: AbsListView.onLayout(), getWidth()=1080, getHeight()=0, this=android.widget.ExpandableListView{4297a6c0 V.ED.VC. ......ID 0,778-1080,778 #7f0b006d app:id/expandableListView1}
04-11 15:47:54.176 31570-31570/mig0.bosheculogger D/AbsListView: unregisterIRListener() is called 
04-11 15:47:54.176 31570-31570/mig0.bosheculogger I/endeffect: AbsListView.onLayout(), getWidth()=1080, getHeight()=1557, this=android.widget.ListView{4297e5c8 VFED.VC. .F....ID 0,0-1080,1557 #7f0b0068 app:id/basic_list}
04-11 15:47:54.176 31570-31570/mig0.bosheculogger I/SeniorFragment.java: in getView name:B+ Voltage  value:44.3V
04-11 15:47:54.186 31570-31570/mig0.bosheculogger I/Information.java: isSigned intValue: 3
04-11 15:47:54.186 31570-31570/mig0.bosheculogger I/SeniorFragment.java: in getView name:Battery Current  value:0A
04-11 15:47:54.196 31570-31570/mig0.bosheculogger I/Information.java: isSigned intValue: -1
04-11 15:47:54.196 31570-31570/mig0.bosheculogger I/SeniorFragment.java: in getView name:Motor Current  value:0A
04-11 15:47:54.206 31570-31570/mig0.bosheculogger I/SeniorFragment.java: in getView name:Power14VVoltage  value:14.8V
04-11 15:47:54.206 31570-31570/mig0.bosheculogger I/SeniorFragment.java: in getView name:Internal Temperature  value:41C
04-11 15:47:54.216 31570-31570/mig0.bosheculogger I/SeniorFragment.java: in getView name:HallA  value:0
04-11 15:47:54.216 31570-31570/mig0.bosheculogger I/SeniorFragment.java: in getView name:HallB  value:0
04-11 15:47:54.226 31570-31570/mig0.bosheculogger I/SeniorFragment.java: in getView name:HallC  value:1
04-11 15:47:54.226 31570-31570/mig0.bosheculogger D/AbsListView: unregisterIRListener() is called 
04-11 15:47:54.226 31570-31570/mig0.bosheculogger I/endeffect: AbsListView.onLayout(), getWidth()=1080, getHeight()=1557, this=android.widget.ListView{42aa3278 VFED.VC. ......ID 0,0-1080,1557 #7f0b0090 app:id/advance_list}
04-11 15:47:54.507 31570-31570/mig0.bosheculogger D/MainActivity: MainHandler case CMD_REQUEST_STATUS_MESSAGE
04-11 15:47:54.507 31570-31570/mig0.bosheculogger D/MainActivity: 3.requset status message
04-11 15:47:54.537 31570-31978/mig0.bosheculogger I/BluetoothCommunThread: thread read = 2A
04-11 15:47:54.537 31570-31978/mig0.bosheculogger D/BluetoothCommunThread: get status code 2A reset!
04-11 15:47:54.547 31570-31978/mig0.bosheculogger I/BluetoothCommunThread: thread read = 00007589040025000000
04-11 15:47:54.547 31570-31978/mig0.bosheculogger D/BluetoothCommunThread: part data
04-11 15:47:54.577 31570-31978/mig0.bosheculogger I/BluetoothCommunThread: thread read = 0001009D01D301C102C4
04-11 15:47:54.577 31570-31978/mig0.bosheculogger D/BluetoothCommunThread: part data
04-11 15:47:54.577 31570-31978/mig0.bosheculogger I/BluetoothCommunThread: thread read = 02AA00FE02C60100006A
04-11 15:47:54.577 31570-31978/mig0.bosheculogger D/BluetoothCommunThread: part data
04-11 15:47:54.587 31570-31978/mig0.bosheculogger I/BluetoothCommunThread: thread read = 000000F8FF044A1635
04-11 15:47:54.587 31570-31978/mig0.bosheculogger D/BluetoothCommunThread: part data
04-11 15:47:54.587 31570-31978/mig0.bosheculogger I/BluetoothCommunThread: thread read = 167B075F00FDFF002306
04-11 15:47:54.587 31570-31978/mig0.bosheculogger D/BluetoothCommunThread: part data
04-11 15:47:54.627 31570-31978/mig0.bosheculogger I/BluetoothCommunThread: thread read = 000008000000000100020000B5
04-11 15:47:54.627 31570-31978/mig0.bosheculogger D/BluetoothCommunThread: part data
04-11 15:47:54.627 31570-31978/mig0.bosheculogger D/BluetoothCommunThread: send normal byte
04-11 15:47:54.627 31570-31978/mig0.bosheculogger D/MainActivity:  Main read + 2A000075890400250000000001009D01D301C102C402AA00FE02C60100006A000000F8FF044A1635167B075F00FDFF002306000008000000000100020000B5
04-11 15:47:54.627 31570-31570/mig0.bosheculogger D/MainActivity: MainHandler case MESSAGE_READ_OBJECT
04-11 15:47:54.627 31570-31570/mig0.bosheculogger I/MainActivity: statusCode:2A
04-11 15:47:54.627 31570-31570/mig0.bosheculogger I/MainActivity: from server checkSum:B5
04-11 15:47:54.627 31570-31570/mig0.bosheculogger I/MainActivity: original calced checkSum:cb5
04-11 15:47:54.627 31570-31570/mig0.bosheculogger I/MainActivity: calced checkSum:B5
04-11 15:47:54.657 31570-31570/mig0.bosheculogger I/endeffect: AbsListView.onMeasure(), getWidth()=1080, getHeight()=0, this=android.widget.ExpandableListView{4297a6c0 V.ED.VC. ......ID 0,778-1080,778 #7f0b006d app:id/expandableListView1}
04-11 15:47:54.657 31570-31570/mig0.bosheculogger I/endeffect: AbsListView.onMeasure(), getWidth()=1080, getHeight()=1557, this=android.widget.ListView{4297e5c8 VFED.VC. .F....I. 0,0-1080,1557 #7f0b0068 app:id/basic_list}
04-11 15:47:54.657 31570-31570/mig0.bosheculogger I/endeffect: AbsListView.onMeasure(), getWidth()=1080, getHeight()=1557, this=android.widget.ListView{42aa3278 VFED.VC. ......ID 0,0-1080,1557 #7f0b0090 app:id/advance_list}
04-11 15:47:54.657 31570-31570/mig0.bosheculogger I/endeffect: AbsListView.onMeasure(), getWidth()=1080, getHeight()=0, this=android.widget.ExpandableListView{4297a6c0 V.ED.VC. ......ID 0,778-1080,778 #7f0b006d app:id/expandableListView1}
04-11 15:47:54.667 31570-31570/mig0.bosheculogger I/endeffect: AbsListView.onMeasure(), getWidth()=1080, getHeight()=1557, this=android.widget.ListView{4297e5c8 VFED.VC. .F....I. 0,0-1080,1557 #7f0b0068 app:id/basic_list}
04-11 15:47:54.667 31570-31570/mig0.bosheculogger I/endeffect: AbsListView.onMeasure(), getWidth()=1080, getHeight()=1557, this=android.widget.ListView{42aa3278 VFED.VC. ......ID 0,0-1080,1557 #7f0b0090 app:id/advance_list}
04-11 15:47:54.667 31570-31570/mig0.bosheculogger D/AbsListView: unregisterIRListener() is called 
04-11 15:47:54.667 31570-31570/mig0.bosheculogger I/endeffect: AbsListView.onLayout(), getWidth()=1080, getHeight()=0, this=android.widget.ExpandableListView{4297a6c0 V.ED.VC. ......ID 0,778-1080,778 #7f0b006d app:id/expandableListView1}
04-11 15:47:54.667 31570-31570/mig0.bosheculogger I/BasicFragment.java: in getView name:Battery Voltage  value:44.6V
04-11 15:47:54.667 31570-31570/mig0.bosheculogger I/BasicFragment.java: in getView name:ThrottleInput  value:0%
04-11 15:47:54.667 31570-31570/mig0.bosheculogger I/Information.java: isSigned intValue: 0
04-11 15:47:54.667 31570-31570/mig0.bosheculogger I/BasicFragment.java: in getView name:Speed  value:0.0km/h
04-11 15:47:54.667 31570-31570/mig0.bosheculogger I/BasicFragment.java: in getView name:SpeedModes  value:3
04-11 15:47:54.677 31570-31570/mig0.bosheculogger I/BasicFragment.java: in getView name:Cruise  value:Off
04-11 15:47:54.677 31570-31570/mig0.bosheculogger I/BasicFragment.java: in getView name:SpeedLimit  value:On
04-11 15:47:54.677 31570-31570/mig0.bosheculogger I/BasicFragment.java: in getView name:eBraking  value:Off
04-11 15:47:54.677 31570-31570/mig0.bosheculogger I/BasicFragment.java: in getView name:Anti-Theft  value:Off
04-11 15:47:54.677 31570-31570/mig0.bosheculogger I/BasicFragment.java: in getView name:Trip Odometer  value:0.0km
04-11 15:47:54.687 31570-31570/mig0.bosheculogger I/BasicFragment.java: in getView name:odometer  value:297km
04-11 15:47:54.687 31570-31570/mig0.bosheculogger D/AbsListView: unregisterIRListener() is called 
04-11 15:47:54.687 31570-31570/mig0.bosheculogger I/endeffect: AbsListView.onLayout(), getWidth()=1080, getHeight()=1557, this=android.widget.ListView{4297e5c8 VFED.VC. .F....ID 0,0-1080,1557 #7f0b0068 app:id/basic_list}
04-11 15:47:54.687 31570-31570/mig0.bosheculogger I/SeniorFragment.java: in getView name:B+ Voltage  value:44.4V
04-11 15:47:54.687 31570-31570/mig0.bosheculogger I/Information.java: isSigned intValue: 6
04-11 15:47:54.687 31570-31570/mig0.bosheculogger I/SeniorFragment.java: in getView name:Battery Current  value:0A
04-11 15:47:54.687 31570-31570/mig0.bosheculogger I/Information.java: isSigned intValue: -3
04-11 15:47:54.687 31570-31570/mig0.bosheculogger I/SeniorFragment.java: in getView name:Motor Current  value:0A
04-11 15:47:54.697 31570-31570/mig0.bosheculogger I/SeniorFragment.java: in getView name:Power14VVoltage  value:15.0V
04-11 15:47:54.697 31570-31570/mig0.bosheculogger I/SeniorFragment.java: in getView name:Internal Temperature  value:40C
04-11 15:47:54.697 31570-31570/mig0.bosheculogger I/SeniorFragment.java: in getView name:HallA  value:0
04-11 15:47:54.697 31570-31570/mig0.bosheculogger I/SeniorFragment.java: in getView name:HallB  value:0
04-11 15:47:54.697 31570-31570/mig0.bosheculogger I/SeniorFragment.java: in getView name:HallC  value:1
04-11 15:47:54.697 31570-31570/mig0.bosheculogger D/AbsListView: unregisterIRListener() is called 
04-11 15:47:54.697 31570-31570/mig0.bosheculogger I/endeffect: AbsListView.onLayout(), getWidth()=1080, getHeight()=1557, this=android.widget.ListView{42aa3278 VFED.VC. ......ID 0,0-1080,1557 #7f0b0090 app:id/advance_list}
04-11 15:47:55.137 31570-31570/mig0.bosheculogger D/MainActivity: MainHandler case CMD_REQUEST_STATUS_MESSAGE
04-11 15:47:55.137 31570-31570/mig0.bosheculogger D/MainActivity: 3.requset status message
04-11 15:47:55.167 31570-31978/mig0.bosheculogger I/BluetoothCommunThread: thread read = 2A
04-11 15:47:55.167 31570-31978/mig0.bosheculogger D/BluetoothCommunThread: get status code 2A reset!
04-11 15:47:55.177 31570-31978/mig0.bosheculogger I/BluetoothCommunThread: thread read = 000075890400250000
04-11 15:47:55.177 31570-31978/mig0.bosheculogger D/BluetoothCommunThread: part data
04-11 15:47:55.177 31570-31978/mig0.bosheculogger I/BluetoothCommunThread: thread read = 000001009D01D001C002
04-11 15:47:55.177 31570-31978/mig0.bosheculogger D/BluetoothCommunThread: part data
04-11 15:47:55.217 31570-31978/mig0.bosheculogger I/BluetoothCommunThread: thread read = C202AA00F602C4010000
04-11 15:47:55.217 31570-31978/mig0.bosheculogger D/BluetoothCommunThread: part data
04-11 15:47:55.217 31570-31978/mig0.bosheculogger I/BluetoothCommunThread: thread read = 6A000000F8FF044216
04-11 15:47:55.217 31570-31978/mig0.bosheculogger D/BluetoothCommunThread: part data
04-11 15:47:55.217 31570-31978/mig0.bosheculogger I/BluetoothCommunThread: thread read = 251667075F00FFFF0023
04-11 15:47:55.217 31570-31978/mig0.bosheculogger D/BluetoothCommunThread: part data
04-11 15:47:55.227 31570-31978/mig0.bosheculogger I/BluetoothCommunThread: thread read = 08000008000000000100
04-11 15:47:55.227 31570-31978/mig0.bosheculogger D/BluetoothCommunThread: part data
04-11 15:47:55.227 31570-31978/mig0.bosheculogger I/BluetoothCommunThread: thread read = 0200007D
04-11 15:47:55.227 31570-31978/mig0.bosheculogger D/BluetoothCommunThread: part data
04-11 15:47:55.227 31570-31978/mig0.bosheculogger D/BluetoothCommunThread: send normal byte
04-11 15:47:55.227 31570-31978/mig0.bosheculogger D/MainActivity:  Main read + 2A000075890400250000000001009D01D001C002C202AA00F602C40100006A000000F8FF044216251667075F00FFFF0023080000080000000001000200007D
04-11 15:47:55.237 31570-31570/mig0.bosheculogger D/MainActivity: MainHandler case MESSAGE_READ_OBJECT
04-11 15:47:55.237 31570-31570/mig0.bosheculogger I/MainActivity: statusCode:2A
04-11 15:47:55.237 31570-31570/mig0.bosheculogger I/MainActivity: from server checkSum:7D
04-11 15:47:55.237 31570-31570/mig0.bosheculogger I/MainActivity: original calced checkSum:c7d
04-11 15:47:55.237 31570-31570/mig0.bosheculogger I/MainActivity: calced checkSum:7D
04-11 15:47:55.257 31570-31570/mig0.bosheculogger I/endeffect: AbsListView.onMeasure(), getWidth()=1080, getHeight()=0, this=android.widget.ExpandableListView{4297a6c0 V.ED.VC. ......ID 0,778-1080,778 #7f0b006d app:id/expandableListView1}
04-11 15:47:55.257 31570-31570/mig0.bosheculogger I/endeffect: AbsListView.onMeasure(), getWidth()=1080, getHeight()=1557, this=android.widget.ListView{4297e5c8 VFED.VC. .F....I. 0,0-1080,1557 #7f0b0068 app:id/basic_list}
04-11 15:47:55.257 31570-31570/mig0.bosheculogger I/endeffect: AbsListView.onMeasure(), getWidth()=1080, getHeight()=1557, this=android.widget.ListView{42aa3278 VFED.VC. ......ID 0,0-1080,1557 #7f0b0090 app:id/advance_list}
04-11 15:47:55.257 31570-31570/mig0.bosheculogger I/endeffect: AbsListView.onMeasure(), getWidth()=1080, getHeight()=0, this=android.widget.ExpandableListView{4297a6c0 V.ED.VC. ......ID 0,778-1080,778 #7f0b006d app:id/expandableListView1}
04-11 15:47:55.257 31570-31570/mig0.bosheculogger I/endeffect: AbsListView.onMeasure(), getWidth()=1080, getHeight()=1557, this=android.widget.ListView{4297e5c8 VFED.VC. .F....I. 0,0-1080,1557 #7f0b0068 app:id/basic_list}
04-11 15:47:55.267 31570-31570/mig0.bosheculogger I/endeffect: AbsListView.onMeasure(), getWidth()=1080, getHeight()=1557, this=android.widget.ListView{42aa3278 VFED.VC. ......ID 0,0-1080,1557 #7f0b0090 app:id/advance_list}
04-11 15:47:55.267 31570-31570/mig0.bosheculogger D/AbsListView: unregisterIRListener() is called 
04-11 15:47:55.267 31570-31570/mig0.bosheculogger I/endeffect: AbsListView.onLayout(), getWidth()=1080, getHeight()=0, this=android.widget.ExpandableListView{4297a6c0 V.ED.VC. ......ID 0,778-1080,778 #7f0b006d app:id/expandableListView1}
04-11 15:47:55.267 31570-31570/mig0.bosheculogger I/BasicFragment.java: in getView name:Battery Voltage  value:44.5V
04-11 15:47:55.267 31570-31570/mig0.bosheculogger I/BasicFragment.java: in getView name:ThrottleInput  value:0%
04-11 15:47:55.267 31570-31570/mig0.bosheculogger I/Information.java: isSigned intValue: 0
04-11 15:47:55.267 31570-31570/mig0.bosheculogger I/BasicFragment.java: in getView name:Speed  value:0.0km/h
04-11 15:47:55.267 31570-31570/mig0.bosheculogger I/BasicFragment.java: in getView name:SpeedModes  value:3
04-11 15:47:55.277 31570-31570/mig0.bosheculogger I/BasicFragment.java: in getView name:Cruise  value:Off
04-11 15:47:55.277 31570-31570/mig0.bosheculogger I/BasicFragment.java: in getView name:SpeedLimit  value:On
04-11 15:47:55.277 31570-31570/mig0.bosheculogger I/BasicFragment.java: in getView name:eBraking  value:Off
04-11 15:47:55.277 31570-31570/mig0.bosheculogger I/BasicFragment.java: in getView name:Anti-Theft  value:Off
04-11 15:47:55.277 31570-31570/mig0.bosheculogger I/BasicFragment.java: in getView name:Trip Odometer  value:0.0km
04-11 15:47:55.277 31570-31570/mig0.bosheculogger I/BasicFragment.java: in getView name:odometer  value:297km
04-11 15:47:55.287 31570-31570/mig0.bosheculogger D/AbsListView: unregisterIRListener() is called 
04-11 15:47:55.287 31570-31570/mig0.bosheculogger I/endeffect: AbsListView.onLayout(), getWidth()=1080, getHeight()=1557, this=android.widget.ListView{4297e5c8 VFED.VC. .F....ID 0,0-1080,1557 #7f0b0068 app:id/basic_list}
04-11 15:47:55.287 31570-31570/mig0.bosheculogger I/SeniorFragment.java: in getView name:B+ Voltage  value:44.3V
04-11 15:47:55.287 31570-31570/mig0.bosheculogger I/Information.java: isSigned intValue: 8
04-11 15:47:55.287 31570-31570/mig0.bosheculogger I/SeniorFragment.java: in getView name:Battery Current  value:0A
04-11 15:47:55.287 31570-31570/mig0.bosheculogger I/Information.java: isSigned intValue: -1
04-11 15:47:55.287 31570-31570/mig0.bosheculogger I/SeniorFragment.java: in getView name:Motor Current  value:0A
04-11 15:47:55.287 31570-31570/mig0.bosheculogger I/SeniorFragment.java: in getView name:Power14VVoltage  value:14.8V
04-11 15:47:55.287 31570-31570/mig0.bosheculogger I/SeniorFragment.java: in getView name:Internal Temperature  value:40C
04-11 15:47:55.297 31570-31570/mig0.bosheculogger I/SeniorFragment.java: in getView name:HallA  value:0
04-11 15:47:55.297 31570-31570/mig0.bosheculogger I/SeniorFragment.java: in getView name:HallB  value:0
04-11 15:47:55.297 31570-31570/mig0.bosheculogger I/SeniorFragment.java: in getView name:HallC  value:1
04-11 15:47:55.297 31570-31570/mig0.bosheculogger D/AbsListView: unregisterIRListener() is called 
04-11 15:47:55.297 31570-31570/mig0.bosheculogger I/endeffect: AbsListView.onLayout(), getWidth()=1080, getHeight()=1557, this=android.widget.ListView{42aa3278 VFED.VC. ......ID 0,0-1080,1557 #7f0b0090 app:id/advance_list}
04-11 15:47:55.738 31570-31570/mig0.bosheculogger D/MainActivity: MainHandler case CMD_REQUEST_STATUS_MESSAGE
04-11 15:47:55.738 31570-31570/mig0.bosheculogger D/MainActivity: 3.requset status message
04-11 15:47:55.778 31570-31978/mig0.bosheculogger I/BluetoothCommunThread: thread read = 2A000075890400250000
04-11 15:47:55.778 31570-31978/mig0.bosheculogger D/BluetoothCommunThread: get status code 2A reset!
04-11 15:47:55.818 31570-31978/mig0.bosheculogger I/BluetoothCommunThread: thread read = 000001009E01D001C002C402AA00F802C1010000
04-11 15:47:55.818 31570-31978/mig0.bosheculogger D/BluetoothCommunThread: part data
04-11 15:47:55.818 31570-31978/mig0.bosheculogger I/BluetoothCommunThread: thread read = 6A000000F8FF04421635
04-11 15:47:55.818 31570-31978/mig0.bosheculogger D/BluetoothCommunThread: part data
04-11 15:47:55.848 31570-31978/mig0.bosheculogger I/BluetoothCommunThread: thread read = 166C076000FFFF002304
04-11 15:47:55.848 31570-31978/mig0.bosheculogger D/BluetoothCommunThread: part data
04-11 15:47:55.858 31570-31978/mig0.bosheculogger I/BluetoothCommunThread: thread read = 00000800000000010002
04-11 15:47:55.858 31570-31978/mig0.bosheculogger D/BluetoothCommunThread: part data
04-11 15:47:55.858 31570-31978/mig0.bosheculogger I/BluetoothCommunThread: thread read = 000091
04-11 15:47:55.868 31570-31978/mig0.bosheculogger D/BluetoothCommunThread: part data
04-11 15:47:55.868 31570-31978/mig0.bosheculogger D/BluetoothCommunThread: send normal byte
04-11 15:47:55.868 31570-31978/mig0.bosheculogger D/MainActivity:  Main read + 2A000075890400250000000001009E01D001C002C402AA00F802C10100006A000000F8FF04421635166C076000FFFF00230400000800000000010002000091
04-11 15:47:55.868 31570-31570/mig0.bosheculogger D/MainActivity: MainHandler case MESSAGE_READ_OBJECT
04-11 15:47:55.868 31570-31570/mig0.bosheculogger I/MainActivity: statusCode:2A
04-11 15:47:55.868 31570-31570/mig0.bosheculogger I/MainActivity: from server checkSum:91
04-11 15:47:55.868 31570-31570/mig0.bosheculogger I/MainActivity: original calced checkSum:c91
04-11 15:47:55.868 31570-31570/mig0.bosheculogger I/MainActivity: calced checkSum:91
04-11 15:47:55.898 31570-31570/mig0.bosheculogger I/endeffect: AbsListView.onMeasure(), getWidth()=1080, getHeight()=0, this=android.widget.ExpandableListView{4297a6c0 V.ED.VC. ......ID 0,778-1080,778 #7f0b006d app:id/expandableListView1}
04-11 15:47:55.908 31570-31570/mig0.bosheculogger I/endeffect: AbsListView.onMeasure(), getWidth()=1080, getHeight()=1557, this=android.widget.ListView{4297e5c8 VFED.VC. .F....I. 0,0-1080,1557 #7f0b0068 app:id/basic_list}
04-11 15:47:55.908 31570-31570/mig0.bosheculogger I/endeffect: AbsListView.onMeasure(), getWidth()=1080, getHeight()=1557, this=android.widget.ListView{42aa3278 VFED.VC. ......ID 0,0-1080,1557 #7f0b0090 app:id/advance_list}
04-11 15:47:55.918 31570-31570/mig0.bosheculogger I/endeffect: AbsListView.onMeasure(), getWidth()=1080, getHeight()=0, this=android.widget.ExpandableListView{4297a6c0 V.ED.VC. ......ID 0,778-1080,778 #7f0b006d app:id/expandableListView1}
04-11 15:47:55.918 31570-31570/mig0.bosheculogger I/endeffect: AbsListView.onMeasure(), getWidth()=1080, getHeight()=1557, this=android.widget.ListView{4297e5c8 VFED.VC. .F....I. 0,0-1080,1557 #7f0b0068 app:id/basic_list}
04-11 15:47:55.918 31570-31570/mig0.bosheculogger I/endeffect: AbsListView.onMeasure(), getWidth()=1080, getHeight()=1557, this=android.widget.ListView{42aa3278 VFED.VC. ......ID 0,0-1080,1557 #7f0b0090 app:id/advance_list}
04-11 15:47:55.918 31570-31570/mig0.bosheculogger D/AbsListView: unregisterIRListener() is called 
04-11 15:47:55.928 31570-31570/mig0.bosheculogger I/endeffect: AbsListView.onLayout(), getWidth()=1080, getHeight()=0, this=android.widget.ExpandableListView{4297a6c0 V.ED.VC. ......ID 0,778-1080,778 #7f0b006d app:id/expandableListView1}
04-11 15:47:55.928 31570-31570/mig0.bosheculogger I/BasicFragment.java: in getView name:Battery Voltage  value:44.5V
04-11 15:47:55.938 31570-31570/mig0.bosheculogger I/BasicFragment.java: in getView name:ThrottleInput  value:0%
04-11 15:47:55.948 31570-31570/mig0.bosheculogger I/Information.java: isSigned intValue: 0
04-11 15:47:55.948 31570-31570/mig0.bosheculogger I/BasicFragment.java: in getView name:Speed  value:0.0km/h
04-11 15:47:55.948 31570-31570/mig0.bosheculogger I/BasicFragment.java: in getView name:SpeedModes  value:3
04-11 15:47:55.948 31570-31570/mig0.bosheculogger I/BasicFragment.java: in getView name:Cruise  value:Off
04-11 15:47:55.948 31570-31570/mig0.bosheculogger I/BasicFragment.java: in getView name:SpeedLimit  value:On
04-11 15:47:55.958 31570-31570/mig0.bosheculogger I/BasicFragment.java: in getView name:eBraking  value:Off
04-11 15:47:55.958 31570-31570/mig0.bosheculogger I/BasicFragment.java: in getView name:Anti-Theft  value:Off
04-11 15:47:55.958 31570-31570/mig0.bosheculogger I/BasicFragment.java: in getView name:Trip Odometer  value:0.0km
04-11 15:47:55.958 31570-31570/mig0.bosheculogger I/BasicFragment.java: in getView name:odometer  value:297km
04-11 15:47:55.958 31570-31570/mig0.bosheculogger D/AbsListView: unregisterIRListener() is called 
04-11 15:47:55.958 31570-31570/mig0.bosheculogger I/endeffect: AbsListView.onLayout(), getWidth()=1080, getHeight()=1557, this=android.widget.ListView{4297e5c8 VFED.VC. .F....ID 0,0-1080,1557 #7f0b0068 app:id/basic_list}
04-11 15:47:55.958 31570-31570/mig0.bosheculogger I/SeniorFragment.java: in getView name:B+ Voltage  value:44.4V
04-11 15:47:55.958 31570-31570/mig0.bosheculogger I/Information.java: isSigned intValue: 4
04-11 15:47:55.958 31570-31570/mig0.bosheculogger I/SeniorFragment.java: in getView name:Battery Current  value:0A
04-11 15:47:55.968 31570-31570/mig0.bosheculogger I/Information.java: isSigned intValue: -1
04-11 15:47:55.968 31570-31570/mig0.bosheculogger I/SeniorFragment.java: in getView name:Motor Current  value:0A
04-11 15:47:55.968 31570-31570/mig0.bosheculogger I/SeniorFragment.java: in getView name:Power14VVoltage  value:14.8V
04-11 15:47:55.978 31570-31570/mig0.bosheculogger I/SeniorFragment.java: in getView name:Internal Temperature  value:41C
04-11 15:47:55.978 31570-31570/mig0.bosheculogger I/SeniorFragment.java: in getView name:HallA  value:0
04-11 15:47:55.978 31570-31570/mig0.bosheculogger I/SeniorFragment.java: in getView name:HallB  value:0
04-11 15:47:55.978 31570-31570/mig0.bosheculogger I/SeniorFragment.java: in getView name:HallC  value:1
04-11 15:47:55.988 31570-31570/mig0.bosheculogger D/AbsListView: unregisterIRListener() is called 
04-11 15:47:55.988 31570-31570/mig0.bosheculogger I/endeffect: AbsListView.onLayout(), getWidth()=1080, getHeight()=1557, this=android.widget.ListView{42aa3278 VFED.VC. ......ID 0,0-1080,1557 #7f0b0090 app:id/advance_list}
04-11 15:47:56.388 31570-31570/mig0.bosheculogger D/MainActivity: MainHandler case CMD_REQUEST_STATUS_MESSAGE
04-11 15:47:56.388 31570-31570/mig0.bosheculogger D/MainActivity: 3.requset status message
04-11 15:47:56.429 31570-31978/mig0.bosheculogger I/BluetoothCommunThread: thread read = 2A
04-11 15:47:56.429 31570-31978/mig0.bosheculogger D/BluetoothCommunThread: get status code 2A reset!
04-11 15:47:56.429 31570-31978/mig0.bosheculogger I/BluetoothCommunThread: thread read = 00007589040025000000
04-11 15:47:56.429 31570-31978/mig0.bosheculogger D/BluetoothCommunThread: part data
04-11 15:47:56.499 31570-31978/mig0.bosheculogger I/BluetoothCommunThread: thread read = 0001009E01D201C302C602AA00FA02C20100006A000000F8FF045A16451671076000FEFF00230D
04-11 15:47:56.499 31570-31978/mig0.bosheculogger D/BluetoothCommunThread: part data
04-11 15:47:56.509 31570-31978/mig0.bosheculogger I/BluetoothCommunThread: thread read = 00000800000000010002
04-11 15:47:56.509 31570-31978/mig0.bosheculogger D/BluetoothCommunThread: part data
04-11 15:47:56.509 31570-31978/mig0.bosheculogger I/BluetoothCommunThread: thread read = 0000D0
04-11 15:47:56.509 31570-31978/mig0.bosheculogger D/BluetoothCommunThread: part data
04-11 15:47:56.509 31570-31978/mig0.bosheculogger D/BluetoothCommunThread: send normal byte
04-11 15:47:56.509 31570-31978/mig0.bosheculogger D/MainActivity:  Main read + 2A000075890400250000000001009E01D201C302C602AA00FA02C20100006A000000F8FF045A16451671076000FEFF00230D000008000000000100020000D0
04-11 15:47:56.509 31570-31570/mig0.bosheculogger D/MainActivity: MainHandler case MESSAGE_READ_OBJECT
04-11 15:47:56.509 31570-31570/mig0.bosheculogger I/MainActivity: statusCode:2A
04-11 15:47:56.509 31570-31570/mig0.bosheculogger I/MainActivity: from server checkSum:D0
04-11 15:47:56.519 31570-31570/mig0.bosheculogger I/MainActivity: original calced checkSum:cd0
04-11 15:47:56.519 31570-31570/mig0.bosheculogger I/MainActivity: calced checkSum:D0
04-11 15:47:56.549 31570-31570/mig0.bosheculogger I/endeffect: AbsListView.onMeasure(), getWidth()=1080, getHeight()=0, this=android.widget.ExpandableListView{4297a6c0 V.ED.VC. ......ID 0,778-1080,778 #7f0b006d app:id/expandableListView1}
04-11 15:47:56.549 31570-31570/mig0.bosheculogger I/endeffect: AbsListView.onMeasure(), getWidth()=1080, getHeight()=1557, this=android.widget.ListView{4297e5c8 VFED.VC. .F....I. 0,0-1080,1557 #7f0b0068 app:id/basic_list}
04-11 15:47:56.549 31570-31570/mig0.bosheculogger I/endeffect: AbsListView.onMeasure(), getWidth()=1080, getHeight()=1557, this=android.widget.ListView{42aa3278 VFED.VC. ......ID 0,0-1080,1557 #7f0b0090 app:id/advance_list}
04-11 15:47:56.559 31570-31570/mig0.bosheculogger I/endeffect: AbsListView.onMeasure(), getWidth()=1080, getHeight()=0, this=android.widget.ExpandableListView{4297a6c0 V.ED.VC. ......ID 0,778-1080,778 #7f0b006d app:id/expandableListView1}
04-11 15:47:56.559 31570-31570/mig0.bosheculogger I/endeffect: AbsListView.onMeasure(), getWidth()=1080, getHeight()=1557, this=android.widget.ListView{4297e5c8 VFED.VC. .F....I. 0,0-1080,1557 #7f0b0068 app:id/basic_list}
04-11 15:47:56.559 31570-31570/mig0.bosheculogger I/endeffect: AbsListView.onMeasure(), getWidth()=1080, getHeight()=1557, this=android.widget.ListView{42aa3278 VFED.VC. ......ID 0,0-1080,1557 #7f0b0090 app:id/advance_list}
04-11 15:47:56.559 31570-31570/mig0.bosheculogger D/AbsListView: unregisterIRListener() is called 
04-11 15:47:56.559 31570-31570/mig0.bosheculogger I/endeffect: AbsListView.onLayout(), getWidth()=1080, getHeight()=0, this=android.widget.ExpandableListView{4297a6c0 V.ED.VC. ......ID 0,778-1080,778 #7f0b006d app:id/expandableListView1}
04-11 15:47:56.559 31570-31570/mig0.bosheculogger I/BasicFragment.java: in getView name:Battery Voltage  value:44.7V
04-11 15:47:56.559 31570-31570/mig0.bosheculogger I/BasicFragment.java: in getView name:ThrottleInput  value:0%
04-11 15:47:56.569 31570-31570/mig0.bosheculogger I/Information.java: isSigned intValue: 0
04-11 15:47:56.569 31570-31570/mig0.bosheculogger I/BasicFragment.java: in getView name:Speed  value:0.0km/h
04-11 15:47:56.569 31570-31570/mig0.bosheculogger I/BasicFragment.java: in getView name:SpeedModes  value:3
04-11 15:47:56.569 31570-31570/mig0.bosheculogger I/BasicFragment.java: in getView name:Cruise  value:Off
04-11 15:47:56.569 31570-31570/mig0.bosheculogger I/BasicFragment.java: in getView name:SpeedLimit  value:On
04-11 15:47:56.569 31570-31570/mig0.bosheculogger I/BasicFragment.java: in getView name:eBraking  value:Off
04-11 15:47:56.569 31570-31570/mig0.bosheculogger I/BasicFragment.java: in getView name:Anti-Theft  value:Off
04-11 15:47:56.569 31570-31570/mig0.bosheculogger I/BasicFragment.java: in getView name:Trip Odometer  value:0.0km
04-11 15:47:56.579 31570-31570/mig0.bosheculogger I/BasicFragment.java: in getView name:odometer  value:297km
04-11 15:47:56.579 31570-31570/mig0.bosheculogger D/AbsListView: unregisterIRListener() is called 
04-11 15:47:56.579 31570-31570/mig0.bosheculogger I/endeffect: AbsListView.onLayout(), getWidth()=1080, getHeight()=1557, this=android.widget.ListView{4297e5c8 VFED.VC. .F....ID 0,0-1080,1557 #7f0b0068 app:id/basic_list}
04-11 15:47:56.579 31570-31570/mig0.bosheculogger I/SeniorFragment.java: in getView name:B+ Voltage  value:44.5V
04-11 15:47:56.579 31570-31570/mig0.bosheculogger I/Information.java: isSigned intValue: 13
04-11 15:47:56.579 31570-31570/mig0.bosheculogger I/SeniorFragment.java: in getView name:Battery Current  value:0A
04-11 15:47:56.579 31570-31570/mig0.bosheculogger I/Information.java: isSigned intValue: -2
04-11 15:47:56.579 31570-31570/mig0.bosheculogger I/SeniorFragment.java: in getView name:Motor Current  value:0A
04-11 15:47:56.579 31570-31570/mig0.bosheculogger I/SeniorFragment.java: in getView name:Power14VVoltage  value:14.9V
04-11 15:47:56.589 31570-31570/mig0.bosheculogger I/SeniorFragment.java: in getView name:Internal Temperature  value:41C
04-11 15:47:56.589 31570-31570/mig0.bosheculogger I/SeniorFragment.java: in getView name:HallA  value:0
04-11 15:47:56.589 31570-31570/mig0.bosheculogger I/SeniorFragment.java: in getView name:HallB  value:0
04-11 15:47:56.589 31570-31570/mig0.bosheculogger I/SeniorFragment.java: in getView name:HallC  value:1
04-11 15:47:56.589 31570-31570/mig0.bosheculogger D/AbsListView: unregisterIRListener() is called 
04-11 15:47:56.589 31570-31570/mig0.bosheculogger I/endeffect: AbsListView.onLayout(), getWidth()=1080, getHeight()=1557, this=android.widget.ListView{42aa3278 VFED.VC. ......ID 0,0-1080,1557 #7f0b0090 app:id/advance_list}
04-11 15:47:57.019 31570-31570/mig0.bosheculogger D/MainActivity: MainHandler case CMD_REQUEST_STATUS_MESSAGE
04-11 15:47:57.019 31570-31570/mig0.bosheculogger D/MainActivity: 3.requset status message
04-11 15:47:57.079 31570-31978/mig0.bosheculogger I/BluetoothCommunThread: thread read = 2A00007589040025000000
04-11 15:47:57.079 31570-31978/mig0.bosheculogger D/BluetoothCommunThread: get status code 2A reset!
04-11 15:47:57.089 31570-31978/mig0.bosheculogger I/BluetoothCommunThread: thread read = 0001009D01D201C202C402AB00FC02C30100006A
04-11 15:47:57.099 31570-31978/mig0.bosheculogger D/BluetoothCommunThread: part data
04-11 15:47:57.099 31570-31978/mig0.bosheculogger I/BluetoothCommunThread: thread read = 000000F8FF04521635
04-11 15:47:57.099 31570-31978/mig0.bosheculogger D/BluetoothCommunThread: part data
04-11 15:47:57.119 31570-31978/mig0.bosheculogger I/BluetoothCommunThread: thread read = 1676076000FFFF002306
04-11 15:47:57.119 31570-31978/mig0.bosheculogger D/BluetoothCommunThread: part data
04-11 15:47:57.119 31570-31978/mig0.bosheculogger I/BluetoothCommunThread: thread read = 00000800000000010002
04-11 15:47:57.119 31570-31978/mig0.bosheculogger D/BluetoothCommunThread: part data
04-11 15:47:57.129 31570-31978/mig0.bosheculogger I/BluetoothCommunThread: thread read = 0000B7
04-11 15:47:57.129 31570-31978/mig0.bosheculogger D/BluetoothCommunThread: part data
04-11 15:47:57.129 31570-31978/mig0.bosheculogger D/BluetoothCommunThread: send normal byte
04-11 15:47:57.129 31570-31978/mig0.bosheculogger D/MainActivity:  Main read + 2A000075890400250000000001009D01D201C202C402AB00FC02C30100006A000000F8FF045216351676076000FFFF002306000008000000000100020000B7
04-11 15:47:57.129 31570-31570/mig0.bosheculogger D/MainActivity: MainHandler case MESSAGE_READ_OBJECT
04-11 15:47:57.129 31570-31570/mig0.bosheculogger I/MainActivity: statusCode:2A
04-11 15:47:57.129 31570-31570/mig0.bosheculogger I/MainActivity: from server checkSum:B7
04-11 15:47:57.129 31570-31570/mig0.bosheculogger I/MainActivity: original calced checkSum:cb7
04-11 15:47:57.129 31570-31570/mig0.bosheculogger I/MainActivity: calced checkSum:B7
04-11 15:47:57.159 31570-31570/mig0.bosheculogger I/endeffect: AbsListView.onMeasure(), getWidth()=1080, getHeight()=0, this=android.widget.ExpandableListView{4297a6c0 V.ED.VC. ......ID 0,778-1080,778 #7f0b006d app:id/expandableListView1}
04-11 15:47:57.159 31570-31570/mig0.bosheculogger I/endeffect: AbsListView.onMeasure(), getWidth()=1080, getHeight()=1557, this=android.widget.ListView{4297e5c8 VFED.VC. .F....I. 0,0-1080,1557 #7f0b0068 app:id/basic_list}
04-11 15:47:57.159 31570-31570/mig0.bosheculogger I/endeffect: AbsListView.onMeasure(), getWidth()=1080, getHeight()=1557, this=android.widget.ListView{42aa3278 VFED.VC. ......ID 0,0-1080,1557 #7f0b0090 app:id/advance_list}
04-11 15:47:57.169 31570-31570/mig0.bosheculogger I/endeffect: AbsListView.onMeasure(), getWidth()=1080, getHeight()=0, this=android.widget.ExpandableListView{4297a6c0 V.ED.VC. ......ID 0,778-1080,778 #7f0b006d app:id/expandableListView1}
04-11 15:47:57.169 31570-31570/mig0.bosheculogger I/endeffect: AbsListView.onMeasure(), getWidth()=1080, getHeight()=1557, this=android.widget.ListView{4297e5c8 VFED.VC. .F....I. 0,0-1080,1557 #7f0b0068 app:id/basic_list}
04-11 15:47:57.169 31570-31570/mig0.bosheculogger I/endeffect: AbsListView.onMeasure(), getWidth()=1080, getHeight()=1557, this=android.widget.ListView{42aa3278 VFED.VC. ......ID 0,0-1080,1557 #7f0b0090 app:id/advance_list}
04-11 15:47:57.169 31570-31570/mig0.bosheculogger D/AbsListView: unregisterIRListener() is called 
04-11 15:47:57.169 31570-31570/mig0.bosheculogger I/endeffect: AbsListView.onLayout(), getWidth()=1080, getHeight()=0, this=android.widget.ExpandableListView{4297a6c0 V.ED.VC. ......ID 0,778-1080,778 #7f0b006d app:id/expandableListView1}
04-11 15:47:57.169 31570-31570/mig0.bosheculogger I/BasicFragment.java: in getView name:Battery Voltage  value:44.6V
04-11 15:47:57.179 31570-31570/mig0.bosheculogger I/BasicFragment.java: in getView name:ThrottleInput  value:0%
04-11 15:47:57.179 31570-31570/mig0.bosheculogger I/Information.java: isSigned intValue: 0
04-11 15:47:57.179 31570-31570/mig0.bosheculogger I/BasicFragment.java: in getView name:Speed  value:0.0km/h
04-11 15:47:57.179 31570-31570/mig0.bosheculogger I/BasicFragment.java: in getView name:SpeedModes  value:3
04-11 15:47:57.179 31570-31570/mig0.bosheculogger I/BasicFragment.java: in getView name:Cruise  value:Off
04-11 15:47:57.189 31570-31570/mig0.bosheculogger I/BasicFragment.java: in getView name:SpeedLimit  value:On
04-11 15:47:57.189 31570-31570/mig0.bosheculogger I/BasicFragment.java: in getView name:eBraking  value:Off
04-11 15:47:57.189 31570-31570/mig0.bosheculogger I/BasicFragment.java: in getView name:Anti-Theft  value:Off
04-11 15:47:57.189 31570-31570/mig0.bosheculogger I/BasicFragment.java: in getView name:Trip Odometer  value:0.0km
04-11 15:47:57.189 31570-31570/mig0.bosheculogger I/BasicFragment.java: in getView name:odometer  value:297km
04-11 15:47:57.189 31570-31570/mig0.bosheculogger D/AbsListView: unregisterIRListener() is called 
04-11 15:47:57.199 31570-31570/mig0.bosheculogger I/endeffect: AbsListView.onLayout(), getWidth()=1080, getHeight()=1557, this=android.widget.ListView{4297e5c8 VFED.VC. .F....ID 0,0-1080,1557 #7f0b0068 app:id/basic_list}
04-11 15:47:57.199 31570-31570/mig0.bosheculogger I/SeniorFragment.java: in getView name:B+ Voltage  value:44.4V
04-11 15:47:57.199 31570-31570/mig0.bosheculogger I/Information.java: isSigned intValue: 6
04-11 15:47:57.199 31570-31570/mig0.bosheculogger I/SeniorFragment.java: in getView name:Battery Current  value:0A
04-11 15:47:57.199 31570-31570/mig0.bosheculogger I/Information.java: isSigned intValue: -1
04-11 15:47:57.199 31570-31570/mig0.bosheculogger I/SeniorFragment.java: in getView name:Motor Current  value:0A
04-11 15:47:57.199 31570-31570/mig0.bosheculogger I/SeniorFragment.java: in getView name:Power14VVoltage  value:14.9V
04-11 15:47:57.199 31570-31570/mig0.bosheculogger I/SeniorFragment.java: in getView name:Internal Temperature  value:41C
04-11 15:47:57.209 31570-31570/mig0.bosheculogger I/SeniorFragment.java: in getView name:HallA  value:0
04-11 15:47:57.209 31570-31570/mig0.bosheculogger I/SeniorFragment.java: in getView name:HallB  value:0
04-11 15:47:57.209 31570-31570/mig0.bosheculogger I/SeniorFragment.java: in getView name:HallC  value:1
04-11 15:47:57.209 31570-31570/mig0.bosheculogger D/AbsListView: unregisterIRListener() is called 
04-11 15:47:57.209 31570-31570/mig0.bosheculogger I/endeffect: AbsListView.onLayout(), getWidth()=1080, getHeight()=1557, this=android.widget.ListView{42aa3278 VFED.VC. ......ID 0,0-1080,1557 #7f0b0090 app:id/advance_list}
04-11 15:47:57.650 31570-31570/mig0.bosheculogger D/MainActivity: MainHandler case CMD_REQUEST_STATUS_MESSAGE
04-11 15:47:57.650 31570-31570/mig0.bosheculogger D/MainActivity: 3.requset status message
04-11 15:47:57.690 31570-31978/mig0.bosheculogger I/BluetoothCommunThread: thread read = 2A
04-11 15:47:57.690 31570-31978/mig0.bosheculogger D/BluetoothCommunThread: get status code 2A reset!
04-11 15:47:57.690 31570-31978/mig0.bosheculogger I/BluetoothCommunThread: thread read = 000075890400250000
04-11 15:47:57.690 31570-31978/mig0.bosheculogger D/BluetoothCommunThread: part data
04-11 15:47:57.720 31570-31978/mig0.bosheculogger I/BluetoothCommunThread: thread read = 000001009D01D001BE02C4
04-11 15:47:57.730 31570-31978/mig0.bosheculogger D/BluetoothCommunThread: part data
04-11 15:47:57.730 31570-31978/mig0.bosheculogger I/BluetoothCommunThread: thread read = 02AA00F902C4010000
04-11 15:47:57.730 31570-31978/mig0.bosheculogger D/BluetoothCommunThread: part data
04-11 15:47:57.730 31570-31978/mig0.bosheculogger I/BluetoothCommunThread: thread read = 6A000000F8FF04311635
04-11 15:47:57.730 31570-31978/mig0.bosheculogger D/BluetoothCommunThread: part data
04-11 15:47:57.760 31570-31978/mig0.bosheculogger I/BluetoothCommunThread: thread read = 166E075F000000002301
04-11 15:47:57.760 31570-31978/mig0.bosheculogger D/BluetoothCommunThread: part data
04-11 15:47:57.760 31570-31978/mig0.bosheculogger I/BluetoothCommunThread: thread read = 00000800000000010002000081
04-11 15:47:57.760 31570-31978/mig0.bosheculogger D/BluetoothCommunThread: part data
04-11 15:47:57.760 31570-31978/mig0.bosheculogger D/BluetoothCommunThread: send normal byte
04-11 15:47:57.770 31570-31978/mig0.bosheculogger D/MainActivity:  Main read + 2A000075890400250000000001009D01D001BE02C402AA00F902C40100006A000000F8FF04311635166E075F00000000230100000800000000010002000081
04-11 15:47:57.770 31570-31570/mig0.bosheculogger D/MainActivity: MainHandler case MESSAGE_READ_OBJECT
04-11 15:47:57.770 31570-31570/mig0.bosheculogger I/MainActivity: statusCode:2A
04-11 15:47:57.770 31570-31570/mig0.bosheculogger I/MainActivity: from server checkSum:81
04-11 15:47:57.770 31570-31570/mig0.bosheculogger I/MainActivity: original calced checkSum:a81
04-11 15:47:57.770 31570-31570/mig0.bosheculogger I/MainActivity: calced checkSum:81
04-11 15:47:57.790 31570-31570/mig0.bosheculogger I/endeffect: AbsListView.onMeasure(), getWidth()=1080, getHeight()=0, this=android.widget.ExpandableListView{4297a6c0 V.ED.VC. ......ID 0,778-1080,778 #7f0b006d app:id/expandableListView1}
04-11 15:47:57.800 31570-31570/mig0.bosheculogger I/endeffect: AbsListView.onMeasure(), getWidth()=1080, getHeight()=1557, this=android.widget.ListView{4297e5c8 VFED.VC. .F....I. 0,0-1080,1557 #7f0b0068 app:id/basic_list}
04-11 15:47:57.800 31570-31570/mig0.bosheculogger I/endeffect: AbsListView.onMeasure(), getWidth()=1080, getHeight()=1557, this=android.widget.ListView{42aa3278 VFED.VC. ......ID 0,0-1080,1557 #7f0b0090 app:id/advance_list}
04-11 15:47:57.800 31570-31570/mig0.bosheculogger I/endeffect: AbsListView.onMeasure(), getWidth()=1080, getHeight()=0, this=android.widget.ExpandableListView{4297a6c0 V.ED.VC. ......ID 0,778-1080,778 #7f0b006d app:id/expandableListView1}
04-11 15:47:57.810 31570-31570/mig0.bosheculogger I/endeffect: AbsListView.onMeasure(), getWidth()=1080, getHeight()=1557, this=android.widget.ListView{4297e5c8 VFED.VC. .F....I. 0,0-1080,1557 #7f0b0068 app:id/basic_list}
04-11 15:47:57.810 31570-31570/mig0.bosheculogger I/endeffect: AbsListView.onMeasure(), getWidth()=1080, getHeight()=1557, this=android.widget.ListView{42aa3278 VFED.VC. ......ID 0,0-1080,1557 #7f0b0090 app:id/advance_list}
04-11 15:47:57.810 31570-31570/mig0.bosheculogger D/AbsListView: unregisterIRListener() is called 
04-11 15:47:57.810 31570-31570/mig0.bosheculogger I/endeffect: AbsListView.onLayout(), getWidth()=1080, getHeight()=0, this=android.widget.ExpandableListView{4297a6c0 V.ED.VC. ......ID 0,778-1080,778 #7f0b006d app:id/expandableListView1}
04-11 15:47:57.810 31570-31570/mig0.bosheculogger I/BasicFragment.java: in getView name:Battery Voltage  value:44.4V
04-11 15:47:57.810 31570-31570/mig0.bosheculogger I/BasicFragment.java: in getView name:ThrottleInput  value:0%
04-11 15:47:57.820 31570-31570/mig0.bosheculogger I/Information.java: isSigned intValue: 0
