04-11 15:47:47.720 31570-31570/mig0.bosheculogger I/endeffect: AbsListView.onMeasure(), getWidth()=1080, getHeight()=0, this=android.widget.ExpandableListView{4297a6c0 V.ED.VC. ......ID 0,778-1080,778 #7f0b006d app:id/expandableListView1}
04-11 15:47:47.720 31570-31570/mig0.bosheculogger I/endeffect: AbsListView.onMeasure(), getWidth()=1080, getHeight()=1557, this=android.widget.ListView{4297e5c8 VFED.VC. .F....ID 0,0-1080,1557 #7f0b0068 app:id/basic_list}
04-11 15:47:47.720 31570-31570/mig0.bosheculogger D/AbsListView: unregisterIRListener() is called 
04-11 15:47:47.720 31570-31570/mig0.bosheculogger I/endeffect: AbsListView.onLayout(), getWidth()=1080, getHeight()=0, this=android.widget.ExpandableListView{4297a6c0 V.ED.VC. ......ID 0,778-1080,778 #7f0b006d app:id/expandableListView1}
04-11 15:47:47.720 31570-31570/mig0.bosheculogger I/BasicFragment.java: in getView name:Battery Voltage  value:44.5V
04-11 15:47:47.720 31570-31570/mig0.bosheculogger I/BasicFragment.java: in getView name:ThrottleInput  value:0%
04-11 15:47:47.720 31570-31570/mig0.bosheculogger I/Information.java: isSigned intValue: 0
04-11 15:47:47.720 31570-31570/mig0.bosheculogger I/BasicFragment.java: in getView name:Speed  value:0.0km/h
04-11 15:47:47.730 31570-31570/mig0.bosheculogger I/BasicFragment.java: in getView name:SpeedModes  value:3
04-11 15:47:47.730 31570-31570/mig0.bosheculogger I/BasicFragment.java: in getView name:Cruise  value:Off
04-11 15:47:47.730 31570-31570/mig0.bosheculogger I/BasicFragment.java: in getView name:SpeedLimit  value:On
04-11 15:47:47.730 31570-31570/mig0.bosheculogger I/BasicFragment.java: in getView name:eBraking  value:Off
04-11 15:47:47.730 31570-31570/mig0.bosheculogger I/BasicFragment.java: in getView name:Anti-Theft  value:Off
04-11 15:47:47.730 31570-31570/mig0.bosheculogger I/BasicFragment.java: in getView name:Trip Odometer  value:0.0km
04-11 15:47:47.740 31570-31570/mig0.bosheculogger I/BasicFragment.java: in getView name:odometer  value:297km
04-11 15:47:47.740 31570-31570/mig0.bosheculogger D/AbsListView: unregisterIRListener() is called 
04-11 15:47:47.740 31570-31570/mig0.bosheculogger I/endeffect: AbsListView.onLayout(), getWidth()=1080, getHeight()=1557, this=android.widget.ListView{4297e5c8 VFED.VC. .F....ID 0,0-1080,1557 #7f0b0068 app:id/basic_list}
04-11 15:47:48.200 31570-31570/mig0.bosheculogger D/MainActivity: MainHandler case CMD_REQUEST_STATUS_MESSAGE
04-11 15:47:48.200 31570-31570/mig0.bosheculogger D/MainActivity: 3.requset status message
04-11 15:47:48.241 31570-31978/mig0.bosheculogger I/BluetoothCommunThread: thread read = 2A
04-11 15:47:48.241 31570-31978/mig0.bosheculogger D/BluetoothCommunThread: get status code 2A reset!
04-11 15:47:48.241 31570-31978/mig0.bosheculogger I/BluetoothCommunThread: thread read = 000075890400250000
04-11 15:47:48.241 31570-31978/mig0.bosheculogger D/BluetoothCommunThread: part data
04-11 15:47:48.271 31570-31978/mig0.bosheculogger I/BluetoothCommunThread: thread read = 000001009D01D001BD02
04-11 15:47:48.271 31570-31978/mig0.bosheculogger D/BluetoothCommunThread: part data
04-11 15:47:48.271 31570-31978/mig0.bosheculogger I/BluetoothCommunThread: thread read = C202AA00F602C2010000
04-11 15:47:48.271 31570-31978/mig0.bosheculogger D/BluetoothCommunThread: part data
04-11 15:47:48.271 31570-31978/mig0.bosheculogger I/BluetoothCommunThread: thread read = 6A000000F8FF04291625
04-11 15:47:48.271 31570-31978/mig0.bosheculogger D/BluetoothCommunThread: part data
04-11 15:47:48.311 31570-31978/mig0.bosheculogger I/BluetoothCommunThread: thread read = 1667076000FFFF002309
04-11 15:47:48.311 31570-31978/mig0.bosheculogger D/BluetoothCommunThread: part data
04-11 15:47:48.311 31570-31978/mig0.bosheculogger I/BluetoothCommunThread: thread read = 00000800000000010002
04-11 15:47:48.311 31570-31978/mig0.bosheculogger D/BluetoothCommunThread: part data
04-11 15:47:48.311 31570-31978/mig0.bosheculogger I/BluetoothCommunThread: thread read = 000061
04-11 15:47:48.311 31570-31978/mig0.bosheculogger D/BluetoothCommunThread: part data
04-11 15:47:48.311 31570-31978/mig0.bosheculogger D/BluetoothCommunThread: send normal byte
04-11 15:47:48.311 31570-31978/mig0.bosheculogger D/MainActivity:  Main read + 2A000075890400250000000001009D01D001BD02C202AA00F602C20100006A000000F8FF042916251667076000FFFF00230900000800000000010002000061
04-11 15:47:48.311 31570-31570/mig0.bosheculogger D/MainActivity: MainHandler case MESSAGE_READ_OBJECT
04-11 15:47:48.311 31570-31570/mig0.bosheculogger I/MainActivity: statusCode:2A
04-11 15:47:48.311 31570-31570/mig0.bosheculogger I/MainActivity: from server checkSum:61
04-11 15:47:48.311 31570-31570/mig0.bosheculogger I/MainActivity: original calced checkSum:c61
04-11 15:47:48.311 31570-31570/mig0.bosheculogger I/MainActivity: calced checkSum:61
04-11 15:47:48.311 31570-31570/mig0.bosheculogger E/MainActivity: advance fragment == null
04-11 15:47:48.331 31570-31570/mig0.bosheculogger I/endeffect: AbsListView.onMeasure(), getWidth()=1080, getHeight()=0, this=android.widget.ExpandableListView{4297a6c0 V.ED.VC. ......ID 0,778-1080,778 #7f0b006d app:id/expandableListView1}
04-11 15:47:48.331 31570-31570/mig0.bosheculogger I/endeffect: AbsListView.onMeasure(), getWidth()=1080, getHeight()=1557, this=android.widget.ListView{4297e5c8 VFED.VC. .F....ID 0,0-1080,1557 #7f0b0068 app:id/basic_list}
04-11 15:47:48.341 31570-31570/mig0.bosheculogger I/endeffect: AbsListView.onMeasure(), getWidth()=1080, getHeight()=0, this=android.widget.ExpandableListView{4297a6c0 V.ED.VC. ......ID 0,778-1080,778 #7f0b006d app:id/expandableListView1}
04-11 15:47:48.341 31570-31570/mig0.bosheculogger I/endeffect: AbsListView.onMeasure(), getWidth()=1080, getHeight()=1557, this=android.widget.ListView{4297e5c8 VFED.VC. .F....ID 0,0-1080,1557 #7f0b0068 app:id/basic_list}
04-11 15:47:48.341 31570-31570/mig0.bosheculogger D/AbsListView: unregisterIRListener() is called 
04-11 15:47:48.351 31570-31570/mig0.bosheculogger I/endeffect: AbsListView.onLayout(), getWidth()=1080, getHeight()=0, this=android.widget.ExpandableListView{4297a6c0 V.ED.VC. ......ID 0,778-1080,778 #7f0b006d app:id/expandableListView1}
04-11 15:47:48.351 31570-31570/mig0.bosheculogger I/BasicFragment.java: in getView name:Battery Voltage  value:44.3V
04-11 15:47:48.351 31570-31570/mig0.bosheculogger I/BasicFragment.java: in getView name:ThrottleInput  value:0%
04-11 15:47:48.351 31570-31570/mig0.bosheculogger I/Information.java: isSigned intValue: 0
04-11 15:47:48.351 31570-31570/mig0.bosheculogger I/BasicFragment.java: in getView name:Speed  value:0.0km/h
04-11 15:47:48.361 31570-31570/mig0.bosheculogger I/BasicFragment.java: in getView name:SpeedModes  value:3
04-11 15:47:48.361 31570-31570/mig0.bosheculogger I/BasicFragment.java: in getView name:Cruise  value:Off
04-11 15:47:48.361 31570-31570/mig0.bosheculogger I/BasicFragment.java: in getView name:SpeedLimit  value:On
04-11 15:47:48.361 31570-31570/mig0.bosheculogger I/BasicFragment.java: in getView name:eBraking  value:Off
04-11 15:47:48.361 31570-31570/mig0.bosheculogger I/BasicFragment.java: in getView name:Anti-Theft  value:Off
04-11 15:47:48.371 31570-31570/mig0.bosheculogger I/BasicFragment.java: in getView name:Trip Odometer  value:0.0km
04-11 15:47:48.371 31570-31570/mig0.bosheculogger I/BasicFragment.java: in getView name:odometer  value:297km
04-11 15:47:48.371 31570-31570/mig0.bosheculogger D/AbsListView: unregisterIRListener() is called 
04-11 15:47:48.371 31570-31570/mig0.bosheculogger I/endeffect: AbsListView.onLayout(), getWidth()=1080, getHeight()=1557, this=android.widget.ListView{4297e5c8 VFED.VC. .F....ID 0,0-1080,1557 #7f0b0068 app:id/basic_list}
04-11 15:47:48.821 31570-31570/mig0.bosheculogger D/MainActivity: MainHandler case CMD_REQUEST_STATUS_MESSAGE
04-11 15:47:48.821 31570-31570/mig0.bosheculogger D/MainActivity: 3.requset status message
04-11 15:47:48.851 31570-31978/mig0.bosheculogger I/BluetoothCommunThread: thread read = 2A
04-11 15:47:48.851 31570-31978/mig0.bosheculogger D/BluetoothCommunThread: get status code 2A reset!
04-11 15:47:48.851 31570-31978/mig0.bosheculogger I/BluetoothCommunThread: thread read = 000075890400250000
04-11 15:47:48.851 31570-31978/mig0.bosheculogger D/BluetoothCommunThread: part data
04-11 15:47:48.891 31570-31978/mig0.bosheculogger I/BluetoothCommunThread: thread read = 000001009E01D001BD02
04-11 15:47:48.891 31570-31978/mig0.bosheculogger D/BluetoothCommunThread: part data
04-11 15:47:48.891 31570-31978/mig0.bosheculogger I/BluetoothCommunThread: thread read = C102AA00F602C4010000
04-11 15:47:48.891 31570-31978/mig0.bosheculogger D/BluetoothCommunThread: part data
04-11 15:47:48.891 31570-31978/mig0.bosheculogger I/BluetoothCommunThread: thread read = 6A000000F8FF042916
04-11 15:47:48.891 31570-31978/mig0.bosheculogger D/BluetoothCommunThread: part data
04-11 15:47:48.901 31570-31978/mig0.bosheculogger I/BluetoothCommunThread: thread read = 1D1667075F00FFFF0023
04-11 15:47:48.901 31570-31978/mig0.bosheculogger D/BluetoothCommunThread: part data
04-11 15:47:48.911 31570-31978/mig0.bosheculogger I/BluetoothCommunThread: thread read = 01000008000000000100
04-11 15:47:48.911 31570-31978/mig0.bosheculogger D/BluetoothCommunThread: part data
04-11 15:47:48.941 31570-31978/mig0.bosheculogger I/BluetoothCommunThread: thread read = 020000
04-11 15:47:48.941 31570-31978/mig0.bosheculogger D/BluetoothCommunThread: part data
04-11 15:47:48.941 31570-31978/mig0.bosheculogger I/BluetoothCommunThread: thread read = 52
04-11 15:47:48.941 31570-31978/mig0.bosheculogger D/BluetoothCommunThread: part data
04-11 15:47:48.941 31570-31978/mig0.bosheculogger D/BluetoothCommunThread: send normal byte
04-11 15:47:48.941 31570-31978/mig0.bosheculogger D/MainActivity:  Main read + 2A000075890400250000000001009E01D001BD02C102AA00F602C40100006A000000F8FF0429161D1667075F00FFFF00230100000800000000010002000052
04-11 15:47:48.941 31570-31570/mig0.bosheculogger D/MainActivity: MainHandler case MESSAGE_READ_OBJECT
04-11 15:47:48.941 31570-31570/mig0.bosheculogger I/MainActivity: statusCode:2A
04-11 15:47:48.941 31570-31570/mig0.bosheculogger I/MainActivity: from server checkSum:52
04-11 15:47:48.941 31570-31570/mig0.bosheculogger I/MainActivity: original calced checkSum:c52
04-11 15:47:48.941 31570-31570/mig0.bosheculogger I/MainActivity: calced checkSum:52
04-11 15:47:48.941 31570-31570/mig0.bosheculogger E/MainActivity: advance fragment == null
04-11 15:47:48.961 31570-31570/mig0.bosheculogger I/endeffect: AbsListView.onMeasure(), getWidth()=1080, getHeight()=0, this=android.widget.ExpandableListView{4297a6c0 V.ED.VC. ......ID 0,778-1080,778 #7f0b006d app:id/expandableListView1}
04-11 15:47:48.961 31570-31570/mig0.bosheculogger I/endeffect: AbsListView.onMeasure(), getWidth()=1080, getHeight()=1557, this=android.widget.ListView{4297e5c8 VFED.VC. .F....ID 0,0-1080,1557 #7f0b0068 app:id/basic_list}
04-11 15:47:48.971 31570-31570/mig0.bosheculogger I/endeffect: AbsListView.onMeasure(), getWidth()=1080, getHeight()=0, this=android.widget.ExpandableListView{4297a6c0 V.ED.VC. ......ID 0,778-1080,778 #7f0b006d app:id/expandableListView1}
04-11 15:47:48.971 31570-31570/mig0.bosheculogger I/endeffect: AbsListView.onMeasure(), getWidth()=1080, getHeight()=1557, this=android.widget.ListView{4297e5c8 VFED.VC. .F....ID 0,0-1080,1557 #7f0b0068 app:id/basic_list}
04-11 15:47:48.971 31570-31570/mig0.bosheculogger D/AbsListView: unregisterIRListener() is called 
04-11 15:47:48.971 31570-31570/mig0.bosheculogger I/endeffect: AbsListView.onLayout(), getWidth()=1080, getHeight()=0, this=android.widget.ExpandableListView{4297a6c0 V.ED.VC. ......ID 0,778-1080,778 #7f0b006d app:id/expandableListView1}
04-11 15:47:48.971 31570-31570/mig0.bosheculogger I/BasicFragment.java: in getView name:Battery Voltage  value:44.3V
04-11 15:47:48.971 31570-31570/mig0.bosheculogger I/BasicFragment.java: in getView name:ThrottleInput  value:0%
04-11 15:47:48.981 31570-31570/mig0.bosheculogger I/Information.java: isSigned intValue: 0
04-11 15:47:48.981 31570-31570/mig0.bosheculogger I/BasicFragment.java: in getView name:Speed  value:0.0km/h
04-11 15:47:48.981 31570-31570/mig0.bosheculogger I/BasicFragment.java: in getView name:SpeedModes  value:3
04-11 15:47:48.981 31570-31570/mig0.bosheculogger I/BasicFragment.java: in getView name:Cruise  value:Off
04-11 15:47:48.981 31570-31570/mig0.bosheculogger I/BasicFragment.java: in getView name:SpeedLimit  value:On
04-11 15:47:48.981 31570-31570/mig0.bosheculogger I/BasicFragment.java: in getView name:eBraking  value:Off
04-11 15:47:48.981 31570-31570/mig0.bosheculogger I/BasicFragment.java: in getView name:Anti-Theft  value:Off
04-11 15:47:48.991 31570-31570/mig0.bosheculogger I/BasicFragment.java: in getView name:Trip Odometer  value:0.0km
04-11 15:47:48.991 31570-31570/mig0.bosheculogger I/BasicFragment.java: in getView name:odometer  value:297km
04-11 15:47:48.991 31570-31570/mig0.bosheculogger D/AbsListView: unregisterIRListener() is called 
04-11 15:47:48.991 31570-31570/mig0.bosheculogger I/endeffect: AbsListView.onLayout(), getWidth()=1080, getHeight()=1557, this=android.widget.ListView{4297e5c8 VFED.VC. .F....ID 0,0-1080,1557 #7f0b0068 app:id/basic_list}
04-11 15:47:49.452 31570-31570/mig0.bosheculogger D/MainActivity: MainHandler case CMD_REQUEST_STATUS_MESSAGE
04-11 15:47:49.452 31570-31570/mig0.bosheculogger D/MainActivity: 3.requset status message
04-11 15:47:49.482 31570-31978/mig0.bosheculogger I/BluetoothCommunThread: thread read = 2A
04-11 15:47:49.482 31570-31978/mig0.bosheculogger D/BluetoothCommunThread: get status code 2A reset!
04-11 15:47:49.492 31570-31978/mig0.bosheculogger I/BluetoothCommunThread: thread read = 000075890400250000
04-11 15:47:49.492 31570-31978/mig0.bosheculogger D/BluetoothCommunThread: part data
04-11 15:47:49.522 31570-31978/mig0.bosheculogger I/BluetoothCommunThread: thread read = 000001009E01D001BE02
04-11 15:47:49.522 31570-31978/mig0.bosheculogger D/BluetoothCommunThread: part data
04-11 15:47:49.522 31570-31978/mig0.bosheculogger I/BluetoothCommunThread: thread read = C202AA00F602C2010000
04-11 15:47:49.522 31570-31978/mig0.bosheculogger D/BluetoothCommunThread: part data
04-11 15:47:49.522 31570-31978/mig0.bosheculogger I/BluetoothCommunThread: thread read = 6A000000F8FF043116
04-11 15:47:49.522 31570-31978/mig0.bosheculogger D/BluetoothCommunThread: part data
04-11 15:47:49.532 31570-31978/mig0.bosheculogger I/BluetoothCommunThread: thread read = 251667076000FEFF0023
04-11 15:47:49.532 31570-31978/mig0.bosheculogger D/BluetoothCommunThread: part data
04-11 15:47:49.572 31570-31978/mig0.bosheculogger I/BluetoothCommunThread: thread read = 03000008000000000100
04-11 15:47:49.572 31570-31978/mig0.bosheculogger D/BluetoothCommunThread: part data
04-11 15:47:49.572 31570-31978/mig0.bosheculogger I/BluetoothCommunThread: thread read = 02000064
04-11 15:47:49.572 31570-31978/mig0.bosheculogger D/BluetoothCommunThread: part data
04-11 15:47:49.572 31570-31978/mig0.bosheculogger D/BluetoothCommunThread: send normal byte
04-11 15:47:49.572 31570-31978/mig0.bosheculogger D/MainActivity:  Main read + 2A000075890400250000000001009E01D001BE02C202AA00F602C20100006A000000F8FF043116251667076000FEFF00230300000800000000010002000064
04-11 15:47:49.572 31570-31570/mig0.bosheculogger D/MainActivity: MainHandler case MESSAGE_READ_OBJECT
04-11 15:47:49.572 31570-31570/mig0.bosheculogger I/MainActivity: statusCode:2A
04-11 15:47:49.572 31570-31570/mig0.bosheculogger I/MainActivity: from server checkSum:64
04-11 15:47:49.572 31570-31570/mig0.bosheculogger I/MainActivity: original calced checkSum:c64
04-11 15:47:49.572 31570-31570/mig0.bosheculogger I/MainActivity: calced checkSum:64
04-11 15:47:49.572 31570-31570/mig0.bosheculogger E/MainActivity: advance fragment == null
04-11 15:47:49.592 31570-31570/mig0.bosheculogger I/endeffect: AbsListView.onMeasure(), getWidth()=1080, getHeight()=0, this=android.widget.ExpandableListView{4297a6c0 V.ED.VC. ......ID 0,778-1080,778 #7f0b006d app:id/expandableListView1}
04-11 15:47:49.592 31570-31570/mig0.bosheculogger I/endeffect: AbsListView.onMeasure(), getWidth()=1080, getHeight()=1557, this=android.widget.ListView{4297e5c8 VFED.VC. .F....ID 0,0-1080,1557 #7f0b0068 app:id/basic_list}
04-11 15:47:49.602 31570-31570/mig0.bosheculogger I/endeffect: AbsListView.onMeasure(), getWidth()=1080, getHeight()=0, this=android.widget.ExpandableListView{4297a6c0 V.ED.VC. ......ID 0,778-1080,778 #7f0b006d app:id/expandableListView1}
04-11 15:47:49.602 31570-31570/mig0.bosheculogger I/endeffect: AbsListView.onMeasure(), getWidth()=1080, getHeight()=1557, this=android.widget.ListView{4297e5c8 VFED.VC. .F....ID 0,0-1080,1557 #7f0b0068 app:id/basic_list}
04-11 15:47:49.602 31570-31570/mig0.bosheculogger D/AbsListView: unregisterIRListener() is called 
04-11 15:47:49.602 31570-31570/mig0.bosheculogger I/endeffect: AbsListView.onLayout(), getWidth()=1080, getHeight()=0, this=android.widget.ExpandableListView{4297a6c0 V.ED.VC. ......ID 0,778-1080,778 #7f0b006d app:id/expandableListView1}
04-11 15:47:49.602 31570-31570/mig0.bosheculogger I/BasicFragment.java: in getView name:Battery Voltage  value:44.4V
04-11 15:47:49.602 31570-31570/mig0.bosheculogger I/BasicFragment.java: in getView name:ThrottleInput  value:0%
04-11 15:47:49.612 31570-31570/mig0.bosheculogger I/Information.java: isSigned intValue: 0
04-11 15:47:49.612 31570-31570/mig0.bosheculogger I/BasicFragment.java: in getView name:Speed  value:0.0km/h
04-11 15:47:49.612 31570-31570/mig0.bosheculogger I/BasicFragment.java: in getView name:SpeedModes  value:3
04-11 15:47:49.612 31570-31570/mig0.bosheculogger I/BasicFragment.java: in getView name:Cruise  value:Off
04-11 15:47:49.612 31570-31570/mig0.bosheculogger I/BasicFragment.java: in getView name:SpeedLimit  value:On
04-11 15:47:49.612 31570-31570/mig0.bosheculogger I/BasicFragment.java: in getView name:eBraking  value:Off
04-11 15:47:49.612 31570-31570/mig0.bosheculogger I/BasicFragment.java: in getView name:Anti-Theft  value:Off
04-11 15:47:49.622 31570-31570/mig0.bosheculogger I/BasicFragment.java: in getView name:Trip Odometer  value:0.0km
04-11 15:47:49.622 31570-31570/mig0.bosheculogger I/BasicFragment.java: in getView name:odometer  value:297km
04-11 15:47:49.622 31570-31570/mig0.bosheculogger D/AbsListView: unregisterIRListener() is called 
04-11 15:47:49.622 31570-31570/mig0.bosheculogger I/endeffect: AbsListView.onLayout(), getWidth()=1080, getHeight()=1557, this=android.widget.ListView{4297e5c8 VFED.VC. .F....ID 0,0-1080,1557 #7f0b0068 app:id/basic_list}
04-11 15:47:50.082 31570-31570/mig0.bosheculogger D/MainActivity: MainHandler case CMD_REQUEST_STATUS_MESSAGE
04-11 15:47:50.082 31570-31570/mig0.bosheculogger D/MainActivity: 3.requset status message
04-11 15:47:50.112 31570-31978/mig0.bosheculogger I/BluetoothCommunThread: thread read = 2A
04-11 15:47:50.112 31570-31978/mig0.bosheculogger D/BluetoothCommunThread: get status code 2A reset!
04-11 15:47:50.112 31570-31978/mig0.bosheculogger I/BluetoothCommunThread: thread read = 00007589040025000000
04-11 15:47:50.112 31570-31978/mig0.bosheculogger D/BluetoothCommunThread: part data
04-11 15:47:50.122 31570-31978/mig0.bosheculogger I/BluetoothCommunThread: thread read = 0001009D01D001BE02C3
04-11 15:47:50.122 31570-31978/mig0.bosheculogger D/BluetoothCommunThread: part data
04-11 15:47:50.162 31570-31978/mig0.bosheculogger I/BluetoothCommunThread: thread read = 02AA00FA02C4010000
04-11 15:47:50.162 31570-31978/mig0.bosheculogger D/BluetoothCommunThread: part data
04-11 15:47:50.162 31570-31978/mig0.bosheculogger I/BluetoothCommunThread: thread read = 6A000000F8FF0431162D
04-11 15:47:50.162 31570-31978/mig0.bosheculogger D/BluetoothCommunThread: part data
04-11 15:47:50.162 31570-31978/mig0.bosheculogger I/BluetoothCommunThread: thread read = 1671075F00FEFF0023
04-11 15:47:50.162 31570-31978/mig0.bosheculogger D/BluetoothCommunThread: part data
04-11 15:47:50.172 31570-31978/mig0.bosheculogger I/BluetoothCommunThread: thread read = 03000008000000000100
04-11 15:47:50.172 31570-31978/mig0.bosheculogger D/BluetoothCommunThread: part data
04-11 15:47:50.202 31570-31978/mig0.bosheculogger I/BluetoothCommunThread: thread read = 0200007B
04-11 15:47:50.202 31570-31978/mig0.bosheculogger D/BluetoothCommunThread: part data
04-11 15:47:50.202 31570-31978/mig0.bosheculogger D/BluetoothCommunThread: send normal byte
04-11 15:47:50.202 31570-31978/mig0.bosheculogger D/MainActivity:  Main read + 2A000075890400250000000001009D01D001BE02C302AA00FA02C40100006A000000F8FF0431162D1671075F00FEFF0023030000080000000001000200007B
04-11 15:47:50.202 31570-31570/mig0.bosheculogger D/MainActivity: MainHandler case MESSAGE_READ_OBJECT
04-11 15:47:50.202 31570-31570/mig0.bosheculogger I/MainActivity: statusCode:2A
04-11 15:47:50.202 31570-31570/mig0.bosheculogger I/MainActivity: from server checkSum:7B
04-11 15:47:50.212 31570-31570/mig0.bosheculogger I/MainActivity: original calced checkSum:c7b
04-11 15:47:50.212 31570-31570/mig0.bosheculogger I/MainActivity: calced checkSum:7B
04-11 15:47:50.212 31570-31570/mig0.bosheculogger E/MainActivity: advance fragment == null
04-11 15:47:50.222 31570-31570/mig0.bosheculogger I/endeffect: AbsListView.onMeasure(), getWidth()=1080, getHeight()=0, this=android.widget.ExpandableListView{4297a6c0 V.ED.VC. ......ID 0,778-1080,778 #7f0b006d app:id/expandableListView1}
04-11 15:47:50.222 31570-31570/mig0.bosheculogger I/endeffect: AbsListView.onMeasure(), getWidth()=1080, getHeight()=1557, this=android.widget.ListView{4297e5c8 VFED.VC. .F....ID 0,0-1080,1557 #7f0b0068 app:id/basic_list}
04-11 15:47:50.232 31570-31570/mig0.bosheculogger I/endeffect: AbsListView.onMeasure(), getWidth()=1080, getHeight()=0, this=android.widget.ExpandableListView{4297a6c0 V.ED.VC. ......ID 0,778-1080,778 #7f0b006d app:id/expandableListView1}
04-11 15:47:50.232 31570-31570/mig0.bosheculogger I/endeffect: AbsListView.onMeasure(), getWidth()=1080, getHeight()=1557, this=android.widget.ListView{4297e5c8 VFED.VC. .F....ID 0,0-1080,1557 #7f0b0068 app:id/basic_list}
04-11 15:47:50.232 31570-31570/mig0.bosheculogger D/AbsListView: unregisterIRListener() is called 
04-11 15:47:50.232 31570-31570/mig0.bosheculogger I/endeffect: AbsListView.onLayout(), getWidth()=1080, getHeight()=0, this=android.widget.ExpandableListView{4297a6c0 V.ED.VC. ......ID 0,778-1080,778 #7f0b006d app:id/expandableListView1}
04-11 15:47:50.232 31570-31570/mig0.bosheculogger I/BasicFragment.java: in getView name:Battery Voltage  value:44.4V
04-11 15:47:50.232 31570-31570/mig0.bosheculogger I/BasicFragment.java: in getView name:ThrottleInput  value:0%
04-11 15:47:50.232 31570-31570/mig0.bosheculogger I/Information.java: isSigned intValue: 0
04-11 15:47:50.232 31570-31570/mig0.bosheculogger I/BasicFragment.java: in getView name:Speed  value:0.0km/h
04-11 15:47:50.242 31570-31570/mig0.bosheculogger I/BasicFragment.java: in getView name:SpeedModes  value:3
04-11 15:47:50.242 31570-31570/mig0.bosheculogger I/BasicFragment.java: in getView name:Cruise  value:Off
04-11 15:47:50.242 31570-31570/mig0.bosheculogger I/BasicFragment.java: in getView name:SpeedLimit  value:On
04-11 15:47:50.242 31570-31570/mig0.bosheculogger I/BasicFragment.java: in getView name:eBraking  value:Off
04-11 15:47:50.252 31570-31570/mig0.bosheculogger I/BasicFragment.java: in getView name:Anti-Theft  value:Off
04-11 15:47:50.252 31570-31570/mig0.bosheculogger I/BasicFragment.java: in getView name:Trip Odometer  value:0.0km
04-11 15:47:50.252 31570-31570/mig0.bosheculogger I/BasicFragment.java: in getView name:odometer  value:297km
04-11 15:47:50.252 31570-31570/mig0.bosheculogger D/AbsListView: unregisterIRListener() is called 
04-11 15:47:50.252 31570-31570/mig0.bosheculogger I/endeffect: AbsListView.onLayout(), getWidth()=1080, getHeight()=1557, this=android.widget.ListView{4297e5c8 VFED.VC. .F....ID 0,0-1080,1557 #7f0b0068 app:id/basic_list}
04-11 15:47:50.713 31570-31570/mig0.bosheculogger D/MainActivity: MainHandler case CMD_REQUEST_STATUS_MESSAGE
04-11 15:47:50.713 31570-31570/mig0.bosheculogger D/MainActivity: 3.requset status message
04-11 15:47:50.753 31570-31978/mig0.bosheculogger I/BluetoothCommunThread: thread read = 2A
04-11 15:47:50.753 31570-31978/mig0.bosheculogger D/BluetoothCommunThread: get status code 2A reset!
04-11 15:47:50.753 31570-31978/mig0.bosheculogger I/BluetoothCommunThread: thread read = 000075890400250000
04-11 15:47:50.753 31570-31978/mig0.bosheculogger D/BluetoothCommunThread: part data
04-11 15:47:50.793 31570-31978/mig0.bosheculogger I/BluetoothCommunThread: thread read = 000001009E01D001BE02
04-11 15:47:50.793 31570-31978/mig0.bosheculogger D/BluetoothCommunThread: part data
04-11 15:47:50.793 31570-31978/mig0.bosheculogger I/BluetoothCommunThread: thread read = C202AA00F602C4010000
04-11 15:47:50.793 31570-31978/mig0.bosheculogger D/BluetoothCommunThread: part data
04-11 15:47:50.793 31570-31978/mig0.bosheculogger I/BluetoothCommunThread: thread read = 6A000000F8FF04311625
04-11 15:47:50.793 31570-31978/mig0.bosheculogger D/BluetoothCommunThread: part data
04-11 15:47:50.803 31570-31978/mig0.bosheculogger I/BluetoothCommunThread: thread read = 1667075F00FEFF0023
04-11 15:47:50.803 31570-31978/mig0.bosheculogger D/BluetoothCommunThread: part data
04-11 15:47:50.803 31570-31978/mig0.bosheculogger I/BluetoothCommunThread: thread read = 03000008000000000100
04-11 15:47:50.803 31570-31978/mig0.bosheculogger D/BluetoothCommunThread: part data
04-11 15:47:50.843 31570-31978/mig0.bosheculogger I/BluetoothCommunThread: thread read = 02000065
04-11 15:47:50.843 31570-31978/mig0.bosheculogger D/BluetoothCommunThread: part data
04-11 15:47:50.843 31570-31978/mig0.bosheculogger D/BluetoothCommunThread: send normal byte
04-11 15:47:50.843 31570-31978/mig0.bosheculogger D/MainActivity:  Main read + 2A000075890400250000000001009E01D001BE02C202AA00F602C40100006A000000F8FF043116251667075F00FEFF00230300000800000000010002000065
04-11 15:47:50.843 31570-31570/mig0.bosheculogger D/MainActivity: MainHandler case MESSAGE_READ_OBJECT
04-11 15:47:50.843 31570-31570/mig0.bosheculogger I/MainActivity: statusCode:2A
04-11 15:47:50.843 31570-31570/mig0.bosheculogger I/MainActivity: from server checkSum:65
04-11 15:47:50.843 31570-31570/mig0.bosheculogger I/MainActivity: original calced checkSum:c65
04-11 15:47:50.843 31570-31570/mig0.bosheculogger I/MainActivity: calced checkSum:65
04-11 15:47:50.853 31570-31570/mig0.bosheculogger E/MainActivity: advance fragment == null
04-11 15:47:50.863 31570-31570/mig0.bosheculogger I/endeffect: AbsListView.onMeasure(), getWidth()=1080, getHeight()=0, this=android.widget.ExpandableListView{4297a6c0 V.ED.VC. ......ID 0,778-1080,778 #7f0b006d app:id/expandableListView1}
04-11 15:47:50.863 31570-31570/mig0.bosheculogger I/endeffect: AbsListView.onMeasure(), getWidth()=1080, getHeight()=1557, this=android.widget.ListView{4297e5c8 VFED.VC. .F....ID 0,0-1080,1557 #7f0b0068 app:id/basic_list}
04-11 15:47:50.863 31570-31570/mig0.bosheculogger I/endeffect: AbsListView.onMeasure(), getWidth()=1080, getHeight()=0, this=android.widget.ExpandableListView{4297a6c0 V.ED.VC. ......ID 0,778-1080,778 #7f0b006d app:id/expandableListView1}
04-11 15:47:50.863 31570-31570/mig0.bosheculogger I/endeffect: AbsListView.onMeasure(), getWidth()=1080, getHeight()=1557, this=android.widget.ListView{4297e5c8 VFED.VC. .F....ID 0,0-1080,1557 #7f0b0068 app:id/basic_list}
04-11 15:47:50.863 31570-31570/mig0.bosheculogger D/AbsListView: unregisterIRListener() is called 
04-11 15:47:50.873 31570-31570/mig0.bosheculogger I/endeffect: AbsListView.onLayout(), getWidth()=1080, getHeight()=0, this=android.widget.ExpandableListView{4297a6c0 V.ED.VC. ......ID 0,778-1080,778 #7f0b006d app:id/expandableListView1}
04-11 15:47:50.873 31570-31570/mig0.bosheculogger I/BasicFragment.java: in getView name:Battery Voltage  value:44.4V
04-11 15:47:50.873 31570-31570/mig0.bosheculogger I/BasicFragment.java: in getView name:ThrottleInput  value:0%
04-11 15:47:50.873 31570-31570/mig0.bosheculogger I/Information.java: isSigned intValue: 0
04-11 15:47:50.873 31570-31570/mig0.bosheculogger I/BasicFragment.java: in getView name:Speed  value:0.0km/h
04-11 15:47:50.883 31570-31570/mig0.bosheculogger I/BasicFragment.java: in getView name:SpeedModes  value:3
04-11 15:47:50.883 31570-31570/mig0.bosheculogger I/BasicFragment.java: in getView name:Cruise  value:Off
04-11 15:47:50.883 31570-31570/mig0.bosheculogger I/BasicFragment.java: in getView name:SpeedLimit  value:On
04-11 15:47:50.883 31570-31570/mig0.bosheculogger I/BasicFragment.java: in getView name:eBraking  value:Off
04-11 15:47:50.883 31570-31570/mig0.bosheculogger I/BasicFragment.java: in getView name:Anti-Theft  value:Off
04-11 15:47:50.893 31570-31570/mig0.bosheculogger I/BasicFragment.java: in getView name:Trip Odometer  value:0.0km
04-11 15:47:50.893 31570-31570/mig0.bosheculogger I/BasicFragment.java: in getView name:odometer  value:297km
04-11 15:47:50.893 31570-31570/mig0.bosheculogger D/AbsListView: unregisterIRListener() is called 
04-11 15:47:50.893 31570-31570/mig0.bosheculogger I/endeffect: AbsListView.onLayout(), getWidth()=1080, getHeight()=1557, this=android.widget.ListView{4297e5c8 VFED.VC. .F....ID 0,0-1080,1557 #7f0b0068 app:id/basic_list}
04-11 15:47:51.354 31570-31570/mig0.bosheculogger D/MainActivity: MainHandler case CMD_REQUEST_STATUS_MESSAGE
04-11 15:47:51.354 31570-31570/mig0.bosheculogger D/MainActivity: 3.requset status message
04-11 15:47:51.394 31570-31978/mig0.bosheculogger I/BluetoothCommunThread: thread read = 2A
04-11 15:47:51.394 31570-31978/mig0.bosheculogger D/BluetoothCommunThread: get status code 2A reset!
04-11 15:47:51.404 31570-31978/mig0.bosheculogger I/BluetoothCommunThread: thread read = 00007589040025000000
04-11 15:47:51.404 31570-31978/mig0.bosheculogger D/BluetoothCommunThread: part data
04-11 15:47:51.414 31570-31978/mig0.bosheculogger I/BluetoothCommunThread: thread read = 0001009D01D101C202C4
04-11 15:47:51.414 31570-31978/mig0.bosheculogger D/BluetoothCommunThread: part data
04-11 15:47:51.444 31570-31978/mig0.bosheculogger I/BluetoothCommunThread: thread read = 02AB00F702C20100006A
04-11 15:47:51.444 31570-31978/mig0.bosheculogger D/BluetoothCommunThread: part data
04-11 15:47:51.444 31570-31978/mig0.bosheculogger I/BluetoothCommunThread: thread read = 000000F8FF0452163516
04-11 15:47:51.444 31570-31978/mig0.bosheculogger D/BluetoothCommunThread: part data
04-11 15:47:51.444 31570-31978/mig0.bosheculogger I/BluetoothCommunThread: thread read = 69076000FDFF00230300
04-11 15:47:51.444 31570-31978/mig0.bosheculogger D/BluetoothCommunThread: part data
04-11 15:47:51.454 31570-31978/mig0.bosheculogger I/BluetoothCommunThread: thread read = 00080000000001000200
04-11 15:47:51.454 31570-31978/mig0.bosheculogger D/BluetoothCommunThread: part data
04-11 15:47:51.484 31570-31978/mig0.bosheculogger I/BluetoothCommunThread: thread read = 009E
04-11 15:47:51.484 31570-31978/mig0.bosheculogger D/BluetoothCommunThread: part data
04-11 15:47:51.484 31570-31978/mig0.bosheculogger D/BluetoothCommunThread: send normal byte
04-11 15:47:51.484 31570-31978/mig0.bosheculogger D/MainActivity:  Main read + 2A000075890400250000000001009D01D101C202C402AB00F702C20100006A000000F8FF045216351669076000FDFF0023030000080000000001000200009E
04-11 15:47:51.484 31570-31570/mig0.bosheculogger D/MainActivity: MainHandler case MESSAGE_READ_OBJECT
04-11 15:47:51.484 31570-31570/mig0.bosheculogger I/MainActivity: statusCode:2A
04-11 15:47:51.484 31570-31570/mig0.bosheculogger I/MainActivity: from server checkSum:9E
04-11 15:47:51.484 31570-31570/mig0.bosheculogger I/MainActivity: original calced checkSum:c9e
04-11 15:47:51.484 31570-31570/mig0.bosheculogger I/MainActivity: calced checkSum:9E
04-11 15:47:51.484 31570-31570/mig0.bosheculogger E/MainActivity: advance fragment == null
04-11 15:47:51.504 31570-31570/mig0.bosheculogger I/endeffect: AbsListView.onMeasure(), getWidth()=1080, getHeight()=0, this=android.widget.ExpandableListView{4297a6c0 V.ED.VC. ......ID 0,778-1080,778 #7f0b006d app:id/expandableListView1}
04-11 15:47:51.514 31570-31570/mig0.bosheculogger I/endeffect: AbsListView.onMeasure(), getWidth()=1080, getHeight()=1557, this=android.widget.ListView{4297e5c8 VFED.VC. .F....ID 0,0-1080,1557 #7f0b0068 app:id/basic_list}
04-11 15:47:51.514 31570-31570/mig0.bosheculogger I/endeffect: AbsListView.onMeasure(), getWidth()=1080, getHeight()=0, this=android.widget.ExpandableListView{4297a6c0 V.ED.VC. ......ID 0,778-1080,778 #7f0b006d app:id/expandableListView1}
04-11 15:47:51.514 31570-31570/mig0.bosheculogger I/endeffect: AbsListView.onMeasure(), getWidth()=1080, getHeight()=1557, this=android.widget.ListView{4297e5c8 VFED.VC. .F....ID 0,0-1080,1557 #7f0b0068 app:id/basic_list}
04-11 15:47:51.514 31570-31570/mig0.bosheculogger D/AbsListView: unregisterIRListener() is called 
04-11 15:47:51.514 31570-31570/mig0.bosheculogger I/endeffect: AbsListView.onLayout(), getWidth()=1080, getHeight()=0, this=android.widget.ExpandableListView{4297a6c0 V.ED.VC. ......ID 0,778-1080,778 #7f0b006d app:id/expandableListView1}
04-11 15:47:51.514 31570-31570/mig0.bosheculogger I/BasicFragment.java: in getView name:Battery Voltage  value:44.6V
04-11 15:47:51.514 31570-31570/mig0.bosheculogger I/BasicFragment.java: in getView name:ThrottleInput  value:0%
04-11 15:47:51.524 31570-31570/mig0.bosheculogger I/Information.java: isSigned intValue: 0
04-11 15:47:51.524 31570-31570/mig0.bosheculogger I/BasicFragment.java: in getView name:Speed  value:0.0km/h
04-11 15:47:51.524 31570-31570/mig0.bosheculogger I/BasicFragment.java: in getView name:SpeedModes  value:3
04-11 15:47:51.524 31570-31570/mig0.bosheculogger I/BasicFragment.java: in getView name:Cruise  value:Off
04-11 15:47:51.524 31570-31570/mig0.bosheculogger I/BasicFragment.java: in getView name:SpeedLimit  value:On
04-11 15:47:51.524 31570-31570/mig0.bosheculogger I/BasicFragment.java: in getView name:eBraking  value:Off
04-11 15:47:51.524 31570-31570/mig0.bosheculogger I/BasicFragment.java: in getView name:Anti-Theft  value:Off
04-11 15:47:51.524 31570-31570/mig0.bosheculogger I/BasicFragment.java: in getView name:Trip Odometer  value:0.0km
04-11 15:47:51.534 31570-31570/mig0.bosheculogger I/BasicFragment.java: in getView name:odometer  value:297km
04-11 15:47:51.534 31570-31570/mig0.bosheculogger D/AbsListView: unregisterIRListener() is called 
04-11 15:47:51.534 31570-31570/mig0.bosheculogger I/endeffect: AbsListView.onLayout(), getWidth()=1080, getHeight()=1557, this=android.widget.ListView{4297e5c8 VFED.VC. .F....ID 0,0-1080,1557 #7f0b0068 app:id/basic_list}
04-11 15:47:51.994 31570-31570/mig0.bosheculogger D/MainActivity: MainHandler case CMD_REQUEST_STATUS_MESSAGE
04-11 15:47:51.994 31570-31570/mig0.bosheculogger D/MainActivity: 3.requset status message
04-11 15:47:52.024 31570-31978/mig0.bosheculogger I/BluetoothCommunThread: thread read = 2A
04-11 15:47:52.024 31570-31978/mig0.bosheculogger D/BluetoothCommunThread: get status code 2A reset!
04-11 15:47:52.034 31570-31978/mig0.bosheculogger I/BluetoothCommunThread: thread read = 00007589040025000000
04-11 15:47:52.034 31570-31978/mig0.bosheculogger D/BluetoothCommunThread: part data
04-11 15:47:52.064 31570-31978/mig0.bosheculogger I/BluetoothCommunThread: thread read = 0001009D01D301C002C6
04-11 15:47:52.064 31570-31978/mig0.bosheculogger D/BluetoothCommunThread: part data
04-11 15:47:52.064 31570-31978/mig0.bosheculogger I/BluetoothCommunThread: thread read = 02AA00FE02C50100006A
04-11 15:47:52.064 31570-31978/mig0.bosheculogger D/BluetoothCommunThread: part data
04-11 15:47:52.064 31570-31978/mig0.bosheculogger I/BluetoothCommunThread: thread read = 000000F8FF04421645
04-11 15:47:52.064 31570-31978/mig0.bosheculogger D/BluetoothCommunThread: part data
04-11 15:47:52.094 31570-31978/mig0.bosheculogger I/BluetoothCommunThread: thread read = 167B075F00000000230E
04-11 15:47:52.094 31570-31978/mig0.bosheculogger D/BluetoothCommunThread: part data
04-11 15:47:52.094 31570-31978/mig0.bosheculogger I/BluetoothCommunThread: thread read = 00000800000000010002
04-11 15:47:52.094 31570-31978/mig0.bosheculogger D/BluetoothCommunThread: part data
04-11 15:47:52.104 31570-31978/mig0.bosheculogger I/BluetoothCommunThread: thread read = 0000C9
04-11 15:47:52.104 31570-31978/mig0.bosheculogger D/BluetoothCommunThread: part data
04-11 15:47:52.104 31570-31978/mig0.bosheculogger D/BluetoothCommunThread: send normal byte
04-11 15:47:52.104 31570-31978/mig0.bosheculogger D/MainActivity:  Main read + 2A000075890400250000000001009D01D301C002C602AA00FE02C50100006A000000F8FF04421645167B075F00000000230E000008000000000100020000C9
04-11 15:47:52.104 31570-31570/mig0.bosheculogger D/MainActivity: MainHandler case MESSAGE_READ_OBJECT
04-11 15:47:52.104 31570-31570/mig0.bosheculogger I/MainActivity: statusCode:2A
04-11 15:47:52.104 31570-31570/mig0.bosheculogger I/MainActivity: from server checkSum:C9
04-11 15:47:52.104 31570-31570/mig0.bosheculogger I/MainActivity: original calced checkSum:ac9
04-11 15:47:52.104 31570-31570/mig0.bosheculogger I/MainActivity: calced checkSum:C9
04-11 15:47:52.104 31570-31570/mig0.bosheculogger E/MainActivity: advance fragment == null
04-11 15:47:52.124 31570-31570/mig0.bosheculogger I/endeffect: AbsListView.onMeasure(), getWidth()=1080, getHeight()=0, this=android.widget.ExpandableListView{4297a6c0 V.ED.VC. ......ID 0,778-1080,778 #7f0b006d app:id/expandableListView1}
04-11 15:47:52.124 31570-31570/mig0.bosheculogger I/endeffect: AbsListView.onMeasure(), getWidth()=1080, getHeight()=1557, this=android.widget.ListView{4297e5c8 VFED.VC. .F....ID 0,0-1080,1557 #7f0b0068 app:id/basic_list}
04-11 15:47:52.124 31570-31570/mig0.bosheculogger I/endeffect: AbsListView.onMeasure(), getWidth()=1080, getHeight()=0, this=android.widget.ExpandableListView{4297a6c0 V.ED.VC. ......ID 0,778-1080,778 #7f0b006d app:id/expandableListView1}
04-11 15:47:52.134 31570-31570/mig0.bosheculogger I/endeffect: AbsListView.onMeasure(), getWidth()=1080, getHeight()=1557, this=android.widget.ListView{4297e5c8 VFED.VC. .F....ID 0,0-1080,1557 #7f0b0068 app:id/basic_list}
04-11 15:47:52.134 31570-31570/mig0.bosheculogger D/AbsListView: unregisterIRListener() is called 
04-11 15:47:52.134 31570-31570/mig0.bosheculogger I/endeffect: AbsListView.onLayout(), getWidth()=1080, getHeight()=0, this=android.widget.ExpandableListView{4297a6c0 V.ED.VC. ......ID 0,778-1080,778 #7f0b006d app:id/expandableListView1}
04-11 15:47:52.134 31570-31570/mig0.bosheculogger I/BasicFragment.java: in getView name:Battery Voltage  value:44.5V
04-11 15:47:52.134 31570-31570/mig0.bosheculogger I/BasicFragment.java: in getView name:ThrottleInput  value:0%
04-11 15:47:52.134 31570-31570/mig0.bosheculogger I/Information.java: isSigned intValue: 0
04-11 15:47:52.134 31570-31570/mig0.bosheculogger I/BasicFragment.java: in getView name:Speed  value:0.0km/h
04-11 15:47:52.134 31570-31570/mig0.bosheculogger I/BasicFragment.java: in getView name:SpeedModes  value:3
04-11 15:47:52.144 31570-31570/mig0.bosheculogger I/BasicFragment.java: in getView name:Cruise  value:Off
04-11 15:47:52.144 31570-31570/mig0.bosheculogger I/BasicFragment.java: in getView name:SpeedLimit  value:On
04-11 15:47:52.144 31570-31570/mig0.bosheculogger I/BasicFragment.java: in getView name:eBraking  value:Off
04-11 15:47:52.144 31570-31570/mig0.bosheculogger I/BasicFragment.java: in getView name:Anti-Theft  value:Off
04-11 15:47:52.144 31570-31570/mig0.bosheculogger I/BasicFragment.java: in getView name:Trip Odometer  value:0.0km
04-11 15:47:52.144 31570-31570/mig0.bosheculogger I/BasicFragment.java: in getView name:odometer  value:297km
04-11 15:47:52.144 31570-31570/mig0.bosheculogger D/AbsListView: unregisterIRListener() is called 
04-11 15:47:52.144 31570-31570/mig0.bosheculogger I/endeffect: AbsListView.onLayout(), getWidth()=1080, getHeight()=1557, this=android.widget.ListView{4297e5c8 VFED.VC. .F....ID 0,0-1080,1557 #7f0b0068 app:id/basic_list}
04-11 15:47:52.605 31570-31570/mig0.bosheculogger D/MainActivity: MainHandler case CMD_REQUEST_STATUS_MESSAGE
04-11 15:47:52.605 31570-31570/mig0.bosheculogger D/MainActivity: 3.requset status message
04-11 15:47:52.645 31570-31978/mig0.bosheculogger I/BluetoothCommunThread: thread read = 2A
04-11 15:47:52.645 31570-31978/mig0.bosheculogger D/BluetoothCommunThread: get status code 2A reset!
04-11 15:47:52.645 31570-31978/mig0.bosheculogger I/BluetoothCommunThread: thread read = 00007589040025000000
04-11 15:47:52.645 31570-31978/mig0.bosheculogger D/BluetoothCommunThread: part data
04-11 15:47:52.675 31570-31978/mig0.bosheculogger I/BluetoothCommunThread: thread read = 0001009D01D101C202C5
04-11 15:47:52.675 31570-31978/mig0.bosheculogger D/BluetoothCommunThread: part data
04-11 15:47:52.685 31570-31978/mig0.bosheculogger I/BluetoothCommunThread: thread read = 02AA00F902C20100006A
04-11 15:47:52.685 31570-31978/mig0.bosheculogger D/BluetoothCommunThread: part data
04-11 15:47:52.685 31570-31978/mig0.bosheculogger I/BluetoothCommunThread: thread read = 000000F8FF0452163D
04-11 15:47:52.685 31570-31978/mig0.bosheculogger D/BluetoothCommunThread: part data
04-11 15:47:52.715 31570-31978/mig0.bosheculogger I/BluetoothCommunThread: thread read = 166E076000FEFF002305
04-11 15:47:52.715 31570-31978/mig0.bosheculogger D/BluetoothCommunThread: part data
04-11 15:47:52.715 31570-31978/mig0.bosheculogger I/BluetoothCommunThread: thread read = 00000800000000010002
04-11 15:47:52.715 31570-31978/mig0.bosheculogger D/BluetoothCommunThread: part data
04-11 15:47:52.715 31570-31978/mig0.bosheculogger I/BluetoothCommunThread: thread read = 0000B0
04-11 15:47:52.715 31570-31978/mig0.bosheculogger D/BluetoothCommunThread: part data
04-11 15:47:52.715 31570-31978/mig0.bosheculogger D/BluetoothCommunThread: send normal byte
04-11 15:47:52.715 31570-31978/mig0.bosheculogger D/MainActivity:  Main read + 2A000075890400250000000001009D01D101C202C502AA00F902C20100006A000000F8FF0452163D166E076000FEFF002305000008000000000100020000B0
04-11 15:47:52.715 31570-31570/mig0.bosheculogger D/MainActivity: MainHandler case MESSAGE_READ_OBJECT
04-11 15:47:52.725 31570-31570/mig0.bosheculogger I/MainActivity: statusCode:2A
04-11 15:47:52.725 31570-31570/mig0.bosheculogger I/MainActivity: from server checkSum:B0
04-11 15:47:52.725 31570-31570/mig0.bosheculogger I/MainActivity: original calced checkSum:cb0
04-11 15:47:52.725 31570-31570/mig0.bosheculogger I/MainActivity: calced checkSum:B0
04-11 15:47:52.725 31570-31570/mig0.bosheculogger E/MainActivity: advance fragment == null
04-11 15:47:52.735 31570-31570/mig0.bosheculogger I/endeffect: AbsListView.onMeasure(), getWidth()=1080, getHeight()=0, this=android.widget.ExpandableListView{4297a6c0 V.ED.VC. ......ID 0,778-1080,778 #7f0b006d app:id/expandableListView1}
04-11 15:47:52.735 31570-31570/mig0.bosheculogger I/endeffect: AbsListView.onMeasure(), getWidth()=1080, getHeight()=1557, this=android.widget.ListView{4297e5c8 VFED.VC. .F....ID 0,0-1080,1557 #7f0b0068 app:id/basic_list}
04-11 15:47:52.745 31570-31570/mig0.bosheculogger I/endeffect: AbsListView.onMeasure(), getWidth()=1080, getHeight()=0, this=android.widget.ExpandableListView{4297a6c0 V.ED.VC. ......ID 0,778-1080,778 #7f0b006d app:id/expandableListView1}
04-11 15:47:52.745 31570-31570/mig0.bosheculogger I/endeffect: AbsListView.onMeasure(), getWidth()=1080, getHeight()=1557, this=android.widget.ListView{4297e5c8 VFED.VC. .F....ID 0,0-1080,1557 #7f0b0068 app:id/basic_list}
04-11 15:47:52.745 31570-31570/mig0.bosheculogger D/AbsListView: unregisterIRListener() is called 
04-11 15:47:52.745 31570-31570/mig0.bosheculogger I/endeffect: AbsListView.onLayout(), getWidth()=1080, getHeight()=0, this=android.widget.ExpandableListView{4297a6c0 V.ED.VC. ......ID 0,778-1080,778 #7f0b006d app:id/expandableListView1}
04-11 15:47:52.745 31570-31570/mig0.bosheculogger I/BasicFragment.java: in getView name:Battery Voltage  value:44.6V
04-11 15:47:52.745 31570-31570/mig0.bosheculogger I/BasicFragment.java: in getView name:ThrottleInput  value:0%
04-11 15:47:52.755 31570-31570/mig0.bosheculogger I/Information.java: isSigned intValue: 0
04-11 15:47:52.755 31570-31570/mig0.bosheculogger I/BasicFragment.java: in getView name:Speed  value:0.0km/h
04-11 15:47:52.755 31570-31570/mig0.bosheculogger I/BasicFragment.java: in getView name:SpeedModes  value:3
04-11 15:47:52.755 31570-31570/mig0.bosheculogger I/BasicFragment.java: in getView name:Cruise  value:Off
04-11 15:47:52.755 31570-31570/mig0.bosheculogger I/BasicFragment.java: in getView name:SpeedLimit  value:On
04-11 15:47:52.755 31570-31570/mig0.bosheculogger I/BasicFragment.java: in getView name:eBraking  value:Off
04-11 15:47:52.755 31570-31570/mig0.bosheculogger I/BasicFragment.java: in getView name:Anti-Theft  value:Off
04-11 15:47:52.755 31570-31570/mig0.bosheculogger I/BasicFragment.java: in getView name:Trip Odometer  value:0.0km
04-11 15:47:52.765 31570-31570/mig0.bosheculogger I/BasicFragment.java: in getView name:odometer  value:297km
04-11 15:47:52.765 31570-31570/mig0.bosheculogger D/AbsListView: unregisterIRListener() is called 
04-11 15:47:52.765 31570-31570/mig0.bosheculogger I/endeffect: AbsListView.onLayout(), getWidth()=1080, getHeight()=1557, this=android.widget.ListView{4297e5c8 VFED.VC. .F....ID 0,0-1080,1557 #7f0b0068 app:id/basic_list}
04-11 15:47:53.225 31570-31570/mig0.bosheculogger D/MainActivity: MainHandler case CMD_REQUEST_STATUS_MESSAGE
04-11 15:47:53.225 31570-31570/mig0.bosheculogger D/MainActivity: 3.requset status message
04-11 15:47:53.265 31570-31978/mig0.bosheculogger I/BluetoothCommunThread: thread read = 2A
04-11 15:47:53.265 31570-31978/mig0.bosheculogger D/BluetoothCommunThread: get status code 2A reset!
04-11 15:47:53.265 31570-31978/mig0.bosheculogger I/BluetoothCommunThread: thread read = 000075890400250000
04-11 15:47:53.265 31570-31978/mig0.bosheculogger D/BluetoothCommunThread: part data
04-11 15:47:53.295 31570-31978/mig0.bosheculogger I/BluetoothCommunThread: thread read = 000001009D01D101C002C3
04-11 15:47:53.295 31570-31978/mig0.bosheculogger D/BluetoothCommunThread: part data
04-11 15:47:53.295 31570-31978/mig0.bosheculogger I/BluetoothCommunThread: thread read = 02AB00F902C20100006A
04-11 15:47:53.295 31570-31978/mig0.bosheculogger D/BluetoothCommunThread: part data
04-11 15:47:53.305 31570-31978/mig0.bosheculogger I/BluetoothCommunThread: thread read = 000000F8FF0442162D
04-11 15:47:53.305 31570-31978/mig0.bosheculogger D/BluetoothCommunThread: part data
04-11 15:47:53.305 31570-31978/mig0.bosheculogger I/BluetoothCommunThread: thread read = 166E0760000000002306
04-11 15:47:53.305 31570-31978/mig0.bosheculogger D/BluetoothCommunThread: part data
04-11 15:47:53.315 31570-31978/mig0.bosheculogger I/BluetoothCommunThread: thread read = 000008000000000100
04-11 15:47:53.315 31570-31978/mig0.bosheculogger D/BluetoothCommunThread: part data
04-11 15:47:53.325 31570-31978/mig0.bosheculogger I/BluetoothCommunThread: thread read = 02000091
04-11 15:47:53.325 31570-31978/mig0.bosheculogger D/BluetoothCommunThread: part data
04-11 15:47:53.325 31570-31978/mig0.bosheculogger D/BluetoothCommunThread: send normal byte
04-11 15:47:53.325 31570-31978/mig0.bosheculogger D/MainActivity:  Main read + 2A000075890400250000000001009D01D101C002C302AB00F902C20100006A000000F8FF0442162D166E076000000000230600000800000000010002000091
04-11 15:47:53.325 31570-31570/mig0.bosheculogger D/MainActivity: MainHandler case MESSAGE_READ_OBJECT
04-11 15:47:53.325 31570-31570/mig0.bosheculogger I/MainActivity: statusCode:2A
04-11 15:47:53.325 31570-31570/mig0.bosheculogger I/MainActivity: from server checkSum:91
04-11 15:47:53.325 31570-31570/mig0.bosheculogger I/MainActivity: original calced checkSum:a91
04-11 15:47:53.325 31570-31570/mig0.bosheculogger I/MainActivity: calced checkSum:91
04-11 15:47:53.325 31570-31570/mig0.bosheculogger E/MainActivity: advance fragment == null
04-11 15:47:53.346 31570-31570/mig0.bosheculogger I/endeffect: AbsListView.onMeasure(), getWidth()=1080, getHeight()=0, this=android.widget.ExpandableListView{4297a6c0 V.ED.VC. ......ID 0,778-1080,778 #7f0b006d app:id/expandableListView1}
04-11 15:47:53.346 31570-31570/mig0.bosheculogger I/endeffect: AbsListView.onMeasure(), getWidth()=1080, getHeight()=1557, this=android.widget.ListView{4297e5c8 VFED.VC. .F....ID 0,0-1080,1557 #7f0b0068 app:id/basic_list}
04-11 15:47:53.346 31570-31570/mig0.bosheculogger I/endeffect: AbsListView.onMeasure(), getWidth()=1080, getHeight()=0, this=android.widget.ExpandableListView{4297a6c0 V.ED.VC. ......ID 0,778-1080,778 #7f0b006d app:id/expandableListView1}
04-11 15:47:53.346 31570-31570/mig0.bosheculogger I/endeffect: AbsListView.onMeasure(), getWidth()=1080, getHeight()=1557, this=android.widget.ListView{4297e5c8 VFED.VC. .F....ID 0,0-1080,1557 #7f0b0068 app:id/basic_list}
04-11 15:47:53.346 31570-31570/mig0.bosheculogger D/AbsListView: unregisterIRListener() is called 
04-11 15:47:53.346 31570-31570/mig0.bosheculogger I/endeffect: AbsListView.onLayout(), getWidth()=1080, getHeight()=0, this=android.widget.ExpandableListView{4297a6c0 V.ED.VC. ......ID 0,778-1080,778 #7f0b006d app:id/expandableListView1}
04-11 15:47:53.356 31570-31570/mig0.bosheculogger I/BasicFragment.java: in getView name:Battery Voltage  value:44.5V
04-11 15:47:53.356 31570-31570/mig0.bosheculogger I/BasicFragment.java: in getView name:ThrottleInput  value:0%
04-11 15:47:53.356 31570-31570/mig0.bosheculogger I/Information.java: isSigned intValue: 0
04-11 15:47:53.356 31570-31570/mig0.bosheculogger I/BasicFragment.java: in getView name:Speed  value:0.0km/h
04-11 15:47:53.356 31570-31570/mig0.bosheculogger I/BasicFragment.java: in getView name:SpeedModes  value:3
04-11 15:47:53.356 31570-31570/mig0.bosheculogger I/BasicFragment.java: in getView name:Cruise  value:Off
04-11 15:47:53.356 31570-31570/mig0.bosheculogger I/BasicFragment.java: in getView name:SpeedLimit  value:On
