04-11 15:47:19.422 31570-31570/? D/SELinux: selinux_knoxprecontexthook:  Calling  selinux_knoxprecontexthook for uid: 10173 isSystemServer: 0 seinfo: default pkgname mig0.bosheculogger
04-11 15:47:19.422 31570-31570/? D/dalvikvm: Late-enabling CheckJNI
04-11 15:47:19.573 31570-31570/mig0.bosheculogger D/dalvikvm: GC_FOR_ALLOC freed 79K, 9% free 16819K/18372K, paused 19ms, total 19ms
04-11 15:47:19.583 31570-31570/mig0.bosheculogger I/dalvikvm-heap: Grow heap (frag case) to 20.635MB for 2908176-byte allocation
04-11 15:47:19.603 31570-31579/mig0.bosheculogger D/dalvikvm: GC_FOR_ALLOC freed <1K, 8% free 19658K/21216K, paused 21ms, total 21ms
04-11 15:47:19.623 31570-31570/mig0.bosheculogger I/ConfigManager: try to load diag_cfg_strings.xml
04-11 15:47:19.623 31570-31570/mig0.bosheculogger D/ConfigManager: END_TAG string
04-11 15:47:19.623 31570-31570/mig0.bosheculogger D/ConfigManager: END_TAG string
04-11 15:47:19.623 31570-31570/mig0.bosheculogger D/ConfigManager: END_TAG string
04-11 15:47:19.623 31570-31570/mig0.bosheculogger D/ConfigManager: END_TAG string
04-11 15:47:19.623 31570-31570/mig0.bosheculogger D/ConfigManager: END_TAG string
04-11 15:47:19.623 31570-31570/mig0.bosheculogger D/ConfigManager: END_TAG string
04-11 15:47:19.623 31570-31570/mig0.bosheculogger D/ConfigManager: END_TAG string
04-11 15:47:19.623 31570-31574/mig0.bosheculogger D/dalvikvm: GC_CONCURRENT freed 53K, 8% free 19694K/21256K, paused 5ms+2ms, total 20ms
04-11 15:47:19.623 31570-31570/mig0.bosheculogger D/ConfigManager: END_TAG string
04-11 15:47:19.623 31570-31570/mig0.bosheculogger D/ConfigManager: END_TAG string
04-11 15:47:19.623 31570-31570/mig0.bosheculogger D/ConfigManager: END_TAG string
04-11 15:47:19.623 31570-31570/mig0.bosheculogger D/ConfigManager: END_TAG string
04-11 15:47:19.623 31570-31570/mig0.bosheculogger D/ConfigManager: END_TAG string
04-11 15:47:19.623 31570-31570/mig0.bosheculogger D/ConfigManager: END_TAG string
04-11 15:47:19.623 31570-31570/mig0.bosheculogger D/ConfigManager: END_TAG string
04-11 15:47:19.623 31570-31570/mig0.bosheculogger D/ConfigManager: END_TAG string
04-11 15:47:19.623 31570-31570/mig0.bosheculogger D/ConfigManager: END_TAG string
04-11 15:47:19.623 31570-31570/mig0.bosheculogger D/ConfigManager: END_TAG string
04-11 15:47:19.623 31570-31570/mig0.bosheculogger D/ConfigManager: END_TAG string
04-11 15:47:19.623 31570-31570/mig0.bosheculogger D/ConfigManager: END_TAG string
04-11 15:47:19.623 31570-31570/mig0.bosheculogger D/ConfigManager: END_TAG string
04-11 15:47:19.623 31570-31570/mig0.bosheculogger D/ConfigManager: END_TAG string
04-11 15:47:19.623 31570-31570/mig0.bosheculogger D/ConfigManager: END_TAG string
04-11 15:47:19.623 31570-31570/mig0.bosheculogger D/ConfigManager: END_TAG string
04-11 15:47:19.623 31570-31570/mig0.bosheculogger D/ConfigManager: END_TAG string
04-11 15:47:19.623 31570-31570/mig0.bosheculogger D/ConfigManager: END_TAG string
04-11 15:47:19.623 31570-31570/mig0.bosheculogger D/ConfigManager: END_TAG string
04-11 15:47:19.633 31570-31570/mig0.bosheculogger D/ConfigManager: END_TAG string
04-11 15:47:19.633 31570-31570/mig0.bosheculogger D/ConfigManager: END_TAG string
04-11 15:47:19.633 31570-31570/mig0.bosheculogger D/ConfigManager: END_TAG string
04-11 15:47:19.633 31570-31570/mig0.bosheculogger D/ConfigManager: END_TAG string
04-11 15:47:19.633 31570-31570/mig0.bosheculogger D/ConfigManager: END_TAG string
04-11 15:47:19.633 31570-31570/mig0.bosheculogger D/ConfigManager: END_TAG string
04-11 15:47:19.633 31570-31570/mig0.bosheculogger D/ConfigManager: END_TAG string
04-11 15:47:19.633 31570-31570/mig0.bosheculogger D/ConfigManager: END_TAG string
04-11 15:47:19.633 31570-31570/mig0.bosheculogger D/ConfigManager: END_TAG string
04-11 15:47:19.633 31570-31570/mig0.bosheculogger D/ConfigManager: END_TAG string
04-11 15:47:19.633 31570-31570/mig0.bosheculogger D/ConfigManager: END_TAG string
04-11 15:47:19.633 31570-31570/mig0.bosheculogger D/ConfigManager: END_TAG string
04-11 15:47:19.633 31570-31570/mig0.bosheculogger D/ConfigManager: END_TAG string
04-11 15:47:19.633 31570-31570/mig0.bosheculogger D/ConfigManager: END_TAG string
04-11 15:47:19.633 31570-31570/mig0.bosheculogger D/ConfigManager: END_TAG string
04-11 15:47:19.633 31570-31570/mig0.bosheculogger D/ConfigManager: END_TAG string
04-11 15:47:19.633 31570-31570/mig0.bosheculogger D/ConfigManager: END_TAG string
04-11 15:47:19.633 31570-31570/mig0.bosheculogger D/ConfigManager: END_TAG string
04-11 15:47:19.633 31570-31570/mig0.bosheculogger D/ConfigManager: END_TAG string
04-11 15:47:19.633 31570-31570/mig0.bosheculogger D/ConfigManager: END_TAG string
04-11 15:47:19.633 31570-31570/mig0.bosheculogger D/ConfigManager: END_TAG string
04-11 15:47:19.633 31570-31570/mig0.bosheculogger D/ConfigManager: load config cost 13ms
04-11 15:47:19.673 31570-31570/mig0.bosheculogger D/libEGL: loaded /system/lib/egl/libEGL_adreno200.so
04-11 15:47:19.673 31570-31570/mig0.bosheculogger D/libEGL: loaded /system/lib/egl/libGLESv1_CM_adreno200.so
04-11 15:47:19.683 31570-31570/mig0.bosheculogger D/libEGL: loaded /system/lib/egl/libGLESv2_adreno200.so
04-11 15:47:19.683 31570-31570/mig0.bosheculogger I/Adreno200-EGL: <qeglDrvAPI_eglInitialize:265>: EGL 1.4 QUALCOMM build:  (CL3544079)
                                                                   Build Date: 03/28/13 Thu
                                                                   Local Branch: adreno_20130328
                                                                   Remote Branch: 
                                                                   Local Patches: 
                                                                   Reconstruct Branch: 
04-11 15:47:19.753 31570-31570/mig0.bosheculogger D/OpenGLRenderer: Enabling debug mode 0
04-11 15:47:21.645 31570-31570/mig0.bosheculogger D/loadactivity: bluetooth MAC: 00:1D:43:9A:E0:78
04-11 15:47:21.655 31570-31570/mig0.bosheculogger D/loadactivity: pass getDefaultAdapter
04-11 15:47:21.655 31570-31570/mig0.bosheculogger D/loadactivity: start call getBondedDevices
04-11 15:47:21.665 31570-31570/mig0.bosheculogger D/loadactivity: pass call getBondedDevices
04-11 15:47:21.665 31570-31570/mig0.bosheculogger D/loadactivity: load connect device 00:1D:43:9A:E0:78
04-11 15:47:21.665 31570-31570/mig0.bosheculogger D/DeviceConnectionManager: current device = null
04-11 15:47:21.665 31570-31570/mig0.bosheculogger D/DeviceConnectionManager: set device = 00:1D:43:9A:E0:78
04-11 15:47:21.665 31570-31636/mig0.bosheculogger D/DeviceConnectionManager: try to create new device socket
04-11 15:47:21.695 31570-31636/mig0.bosheculogger W/BluetoothAdapter: getBluetoothService() called with no BluetoothManagerCallback
04-11 15:47:26.830 31570-31636/mig0.bosheculogger E/DeviceConnectionManager: create() failed
                                                                             java.io.IOException: read failed, socket might closed or timeout, read ret: -1
                                                                                 at android.bluetooth.BluetoothSocket.readAll(BluetoothSocket.java:1008)
                                                                                 at android.bluetooth.BluetoothSocket.waitSocketSignal(BluetoothSocket.java:965)
                                                                                 at android.bluetooth.BluetoothSocket.connect(BluetoothSocket.java:662)
                                                                                 at mig0.bosheculogger.service.DeviceConnectionManager$1.run(DeviceConnectionManager.java:112)
04-11 15:47:26.830 31570-31636/mig0.bosheculogger D/loadactivity: load connect error
04-11 15:47:26.920 31570-31570/mig0.bosheculogger I/dalvikvm: Could not find method android.view.Window$Callback.onProvideKeyboardShortcuts, referenced from method android.support.v7.view.WindowCallbackWrapper.onProvideKeyboardShortcuts
04-11 15:47:26.920 31570-31570/mig0.bosheculogger W/dalvikvm: VFY: unable to resolve interface method 17062: Landroid/view/Window$Callback;.onProvideKeyboardShortcuts (Ljava/util/List;Landroid/view/Menu;I)V
04-11 15:47:26.920 31570-31570/mig0.bosheculogger D/dalvikvm: VFY: replacing opcode 0x72 at 0x0002
04-11 15:47:26.920 31570-31570/mig0.bosheculogger W/dalvikvm: VFY: unable to find class referenced in signature (Landroid/view/SearchEvent;)
04-11 15:47:26.920 31570-31570/mig0.bosheculogger I/dalvikvm: Could not find method android.view.Window$Callback.onSearchRequested, referenced from method android.support.v7.view.WindowCallbackWrapper.onSearchRequested
04-11 15:47:26.920 31570-31570/mig0.bosheculogger W/dalvikvm: VFY: unable to resolve interface method 17064: Landroid/view/Window$Callback;.onSearchRequested (Landroid/view/SearchEvent;)Z
04-11 15:47:26.920 31570-31570/mig0.bosheculogger D/dalvikvm: VFY: replacing opcode 0x72 at 0x0002
04-11 15:47:26.920 31570-31570/mig0.bosheculogger I/dalvikvm: Could not find method android.view.Window$Callback.onWindowStartingActionMode, referenced from method android.support.v7.view.WindowCallbackWrapper.onWindowStartingActionMode
04-11 15:47:26.920 31570-31570/mig0.bosheculogger W/dalvikvm: VFY: unable to resolve interface method 17068: Landroid/view/Window$Callback;.onWindowStartingActionMode (Landroid/view/ActionMode$Callback;I)Landroid/view/ActionMode;
04-11 15:47:26.920 31570-31570/mig0.bosheculogger D/dalvikvm: VFY: replacing opcode 0x72 at 0x0002
04-11 15:47:26.920 31570-31570/mig0.bosheculogger I/dalvikvm: Could not find method android.content.res.TypedArray.getChangingConfigurations, referenced from method android.support.v7.widget.TintTypedArray.getChangingConfigurations
04-11 15:47:26.920 31570-31570/mig0.bosheculogger W/dalvikvm: VFY: unable to resolve virtual method 502: Landroid/content/res/TypedArray;.getChangingConfigurations ()I
04-11 15:47:26.920 31570-31570/mig0.bosheculogger D/dalvikvm: VFY: replacing opcode 0x6e at 0x0002
04-11 15:47:26.930 31570-31570/mig0.bosheculogger I/dalvikvm: Could not find method android.content.res.TypedArray.getType, referenced from method android.support.v7.widget.TintTypedArray.getType
04-11 15:47:26.930 31570-31570/mig0.bosheculogger W/dalvikvm: VFY: unable to resolve virtual method 524: Landroid/content/res/TypedArray;.getType (I)I
04-11 15:47:26.930 31570-31570/mig0.bosheculogger D/dalvikvm: VFY: replacing opcode 0x6e at 0x0008
04-11 15:47:26.960 31570-31570/mig0.bosheculogger I/dalvikvm: Could not find method android.widget.FrameLayout.startActionModeForChild, referenced from method android.support.v7.widget.ActionBarContainer.startActionModeForChild
04-11 15:47:26.960 31570-31570/mig0.bosheculogger W/dalvikvm: VFY: unable to resolve virtual method 17509: Landroid/widget/FrameLayout;.startActionModeForChild (Landroid/view/View;Landroid/view/ActionMode$Callback;I)Landroid/view/ActionMode;
04-11 15:47:26.960 31570-31570/mig0.bosheculogger D/dalvikvm: VFY: replacing opcode 0x6f at 0x0002
04-11 15:47:26.970 31570-31570/mig0.bosheculogger I/dalvikvm: Could not find method android.content.Context.getColorStateList, referenced from method android.support.v7.content.res.AppCompatResources.getColorStateList
04-11 15:47:26.970 31570-31570/mig0.bosheculogger W/dalvikvm: VFY: unable to resolve virtual method 307: Landroid/content/Context;.getColorStateList (I)Landroid/content/res/ColorStateList;
04-11 15:47:26.970 31570-31570/mig0.bosheculogger D/dalvikvm: VFY: replacing opcode 0x6e at 0x0006
04-11 15:47:26.980 31570-31570/mig0.bosheculogger I/dalvikvm: Could not find method android.content.res.Resources.getDrawable, referenced from method android.support.v7.widget.ResourcesWrapper.getDrawable
04-11 15:47:26.980 31570-31570/mig0.bosheculogger W/dalvikvm: VFY: unable to resolve virtual method 465: Landroid/content/res/Resources;.getDrawable (ILandroid/content/res/Resources$Theme;)Landroid/graphics/drawable/Drawable;
04-11 15:47:26.980 31570-31570/mig0.bosheculogger D/dalvikvm: VFY: replacing opcode 0x6e at 0x0002
04-11 15:47:26.980 31570-31570/mig0.bosheculogger I/dalvikvm: Could not find method android.content.res.Resources.getDrawableForDensity, referenced from method android.support.v7.widget.ResourcesWrapper.getDrawableForDensity
04-11 15:47:26.980 31570-31570/mig0.bosheculogger W/dalvikvm: VFY: unable to resolve virtual method 467: Landroid/content/res/Resources;.getDrawableForDensity (IILandroid/content/res/Resources$Theme;)Landroid/graphics/drawable/Drawable;
04-11 15:47:26.980 31570-31570/mig0.bosheculogger D/dalvikvm: VFY: replacing opcode 0x6e at 0x0002
04-11 15:47:26.990 31570-31570/mig0.bosheculogger E/dalvikvm: Could not find class 'android.graphics.drawable.RippleDrawable', referenced from method android.support.v7.widget.AppCompatImageHelper.hasOverlappingRendering
04-11 15:47:26.990 31570-31570/mig0.bosheculogger W/dalvikvm: VFY: unable to resolve instanceof 146 (Landroid/graphics/drawable/RippleDrawable;) in Landroid/support/v7/widget/AppCompatImageHelper;
04-11 15:47:26.990 31570-31570/mig0.bosheculogger D/dalvikvm: VFY: replacing opcode 0x20 at 0x000c
04-11 15:47:27.050 31570-31570/mig0.bosheculogger D/AbsListView: Get MotionRecognitionManager
04-11 15:47:27.070 31570-31570/mig0.bosheculogger D/SearchActivity: onCreate
04-11 15:47:27.070 31570-31570/mig0.bosheculogger D/SearchActivity: setActionBarUp
04-11 15:47:27.070 31570-31570/mig0.bosheculogger D/SearchActivity: setActionBarUp_intent != null
04-11 15:47:27.070 31570-31570/mig0.bosheculogger D/SearchActivity: setActionBarUp_getSupportActionBar
04-11 15:47:27.070 31570-31570/mig0.bosheculogger I/zxl: serach activity enter for connection lost!
04-11 15:47:27.070 31570-31570/mig0.bosheculogger D/SearchActivity: onCreat_getConnectionLost
04-11 15:47:27.070 31570-31570/mig0.bosheculogger D/SearchActivity: onCreat_Bluetooth setting
04-11 15:47:27.070 31570-31570/mig0.bosheculogger D/SearchActivity: onCreat_setTitle
04-11 15:47:27.080 31570-31570/mig0.bosheculogger D/SearchActivity: group count = 0
04-11 15:47:27.080 31570-31570/mig0.bosheculogger D/SearchActivity: group count = 0
04-11 15:47:27.080 31570-31570/mig0.bosheculogger D/SearchActivity: group count = 1
04-11 15:47:27.080 31570-31570/mig0.bosheculogger D/SearchActivity: group count = 1
04-11 15:47:27.080 31570-31570/mig0.bosheculogger D/SearchActivity: group count = 1
04-11 15:47:27.080 31570-31570/mig0.bosheculogger D/SearchActivity: group count = 1
04-11 15:47:27.080 31570-31570/mig0.bosheculogger D/SearchActivity: onCreat_setOnClickListener
04-11 15:47:27.090 31570-31570/mig0.bosheculogger D/SearchActivity: onCreat_pass startDiscovery
04-11 15:47:27.090 31570-31570/mig0.bosheculogger D/AbsListView: onVisibilityChanged() is called, visibility : 4
04-11 15:47:27.090 31570-31570/mig0.bosheculogger D/AbsListView: unregisterIRListener() is called 
04-11 15:47:27.100 31570-31570/mig0.bosheculogger D/AbsListView: onVisibilityChanged() is called, visibility : 0
04-11 15:47:27.100 31570-31570/mig0.bosheculogger D/AbsListView: unregisterIRListener() is called 
04-11 15:47:27.100 31570-31570/mig0.bosheculogger I/BLTconnectionSerivce: Service onCreate
04-11 15:47:27.100 31570-31570/mig0.bosheculogger D/BLTconnectionSerivce: service got action : mig0.bosheculogger.ACTION_CONNECT
04-11 15:47:27.100 31570-31570/mig0.bosheculogger D/AbsListView: unregisterIRListener() is called 
04-11 15:47:27.110 31570-31570/mig0.bosheculogger I/endeffect: AbsListView.onMeasure(), getWidth()=0, getHeight()=0, this=android.widget.ExpandableListView{427f47f0 VFED.VC. ......I. 0,0-0,0 #7f0b006a app:id/list}
04-11 15:47:27.110 31570-31570/mig0.bosheculogger D/SearchActivity: group count = 1
04-11 15:47:27.110 31570-31570/mig0.bosheculogger I/endeffect: AbsListView.onMeasure(), getWidth()=0, getHeight()=0, this=android.widget.ExpandableListView{427f47f0 VFED.VC. ......I. 0,0-0,0 #7f0b006a app:id/list}
04-11 15:47:27.110 31570-31570/mig0.bosheculogger D/SearchActivity: group count = 1
04-11 15:47:27.140 31570-31570/mig0.bosheculogger D/SearchActivity: group count = 1
04-11 15:47:27.140 31570-31570/mig0.bosheculogger D/SearchActivity: child count1
04-11 15:47:27.140 31570-31570/mig0.bosheculogger D/SearchActivity: group count = 1
04-11 15:47:27.140 31570-31570/mig0.bosheculogger D/SearchActivity: group count = 1
04-11 15:47:27.140 31570-31570/mig0.bosheculogger D/SearchActivity: get group view
04-11 15:47:27.140 31570-31570/mig0.bosheculogger D/SearchActivity: get child view
04-11 15:47:27.160 31570-31570/mig0.bosheculogger D/AbsListView: unregisterIRListener() is called 
04-11 15:47:27.160 31570-31570/mig0.bosheculogger I/endeffect: AbsListView.onLayout(), getWidth()=1080, getHeight()=1527, this=android.widget.ExpandableListView{427f47f0 VFED.VC. ......ID 0,30-1080,1557 #7f0b006a app:id/list}
04-11 15:47:27.170 31570-31570/mig0.bosheculogger D/BLTconnectionSerivce: service canceled false
04-11 15:47:27.170 31570-31570/mig0.bosheculogger D/BLTconnectionSerivce: try to connect device 00:1D:43:9A:E0:78
04-11 15:47:27.170 31570-31570/mig0.bosheculogger D/DeviceConnectionManager: current device = null
04-11 15:47:27.170 31570-31570/mig0.bosheculogger D/DeviceConnectionManager: set device = 00:1D:43:9A:E0:78
04-11 15:47:27.170 31570-31723/mig0.bosheculogger D/DeviceConnectionManager: try to create new device socket
04-11 15:47:27.180 31570-31723/mig0.bosheculogger W/BluetoothAdapter: getBluetoothService() called with no BluetoothManagerCallback
04-11 15:47:27.230 31570-31570/mig0.bosheculogger I/endeffect: AbsListView.onMeasure(), getWidth()=1080, getHeight()=1527, this=android.widget.ExpandableListView{427f47f0 VFED.VC. .F....ID 0,30-1080,1557 #7f0b006a app:id/list}
04-11 15:47:27.230 31570-31570/mig0.bosheculogger D/SearchActivity: group count = 1
04-11 15:47:27.230 31570-31570/mig0.bosheculogger I/endeffect: AbsListView.onMeasure(), getWidth()=1080, getHeight()=1527, this=android.widget.ExpandableListView{427f47f0 VFED.VC. .F....ID 0,30-1080,1557 #7f0b006a app:id/list}
04-11 15:47:27.230 31570-31570/mig0.bosheculogger D/SearchActivity: group count = 1
04-11 15:47:27.230 31570-31570/mig0.bosheculogger D/SearchActivity: group count = 1
04-11 15:47:27.230 31570-31570/mig0.bosheculogger D/AbsListView: unregisterIRListener() is called 
04-11 15:47:27.240 31570-31570/mig0.bosheculogger I/endeffect: AbsListView.onLayout(), getWidth()=1080, getHeight()=1527, this=android.widget.ExpandableListView{427f47f0 VFED.VC. .F....ID 0,30-1080,1557 #7f0b006a app:id/list}
04-11 15:47:27.340 31570-31570/mig0.bosheculogger D/AbsListView: unregisterIRListener() is called 
04-11 15:47:27.370 31570-31570/mig0.bosheculogger D/SearchActivity: current connected action: mig0.bosheculogger.CONNECTING
04-11 15:47:27.370 31570-31570/mig0.bosheculogger D/SearchActivity: current connected action: android.bluetooth.adapter.action.DISCOVERY_FINISHED
04-11 15:47:27.380 31570-31570/mig0.bosheculogger I/endeffect: AbsListView.onMeasure(), getWidth()=1080, getHeight()=1527, this=android.widget.ExpandableListView{427f47f0 VFED.VC. .F....ID 0,30-1080,1557 #7f0b006a app:id/list}
04-11 15:47:27.380 31570-31570/mig0.bosheculogger D/SearchActivity: group count = 1
04-11 15:47:27.380 31570-31570/mig0.bosheculogger I/endeffect: AbsListView.onMeasure(), getWidth()=1080, getHeight()=1527, this=android.widget.ExpandableListView{427f47f0 VFED.VC. .F....ID 0,30-1080,1557 #7f0b006a app:id/list}
04-11 15:47:27.380 31570-31570/mig0.bosheculogger D/SearchActivity: group count = 1
04-11 15:47:27.380 31570-31570/mig0.bosheculogger D/SearchActivity: group count = 1
04-11 15:47:27.390 31570-31570/mig0.bosheculogger D/AbsListView: unregisterIRListener() is called 
04-11 15:47:27.390 31570-31570/mig0.bosheculogger I/endeffect: AbsListView.onLayout(), getWidth()=1080, getHeight()=1527, this=android.widget.ExpandableListView{427f47f0 VFED.VC. .F....ID 0,30-1080,1557 #7f0b006a app:id/list}
04-11 15:47:27.470 31570-31570/mig0.bosheculogger D/SearchActivity: group count = 1
04-11 15:47:27.470 31570-31570/mig0.bosheculogger D/SearchActivity: child count1
04-11 15:47:27.480 31570-31570/mig0.bosheculogger D/SearchActivity: group count = 1
04-11 15:47:27.480 31570-31570/mig0.bosheculogger D/SearchActivity: group count = 1
04-11 15:47:27.480 31570-31570/mig0.bosheculogger D/SearchActivity: group count = 1
04-11 15:47:27.480 31570-31570/mig0.bosheculogger D/SearchActivity: group count = 1
04-11 15:47:27.480 31570-31570/mig0.bosheculogger D/SearchActivity: child count1
04-11 15:47:27.480 31570-31570/mig0.bosheculogger D/SearchActivity: group count = 1
04-11 15:47:27.480 31570-31570/mig0.bosheculogger D/SearchActivity: group count = 1
04-11 15:47:27.480 31570-31570/mig0.bosheculogger D/SearchActivity: group count = 1
04-11 15:47:27.480 31570-31570/mig0.bosheculogger D/SearchActivity: group count = 1
04-11 15:47:27.480 31570-31570/mig0.bosheculogger I/SearchActivity: BluetoothAdapter isDiscovering=false
04-11 15:47:27.500 31570-31570/mig0.bosheculogger I/endeffect: AbsListView.onMeasure(), getWidth()=1080, getHeight()=1527, this=android.widget.ExpandableListView{427f47f0 VFED.VC. .F....I. 0,30-1080,1557 #7f0b006a app:id/list}
04-11 15:47:27.500 31570-31570/mig0.bosheculogger D/SearchActivity: group count = 1
04-11 15:47:27.500 31570-31570/mig0.bosheculogger I/endeffect: AbsListView.onMeasure(), getWidth()=1080, getHeight()=1527, this=android.widget.ExpandableListView{427f47f0 VFED.VC. .F....I. 0,30-1080,1557 #7f0b006a app:id/list}
04-11 15:47:27.500 31570-31570/mig0.bosheculogger D/SearchActivity: group count = 1
04-11 15:47:27.500 31570-31570/mig0.bosheculogger D/SearchActivity: group count = 1
04-11 15:47:27.500 31570-31570/mig0.bosheculogger D/SearchActivity: get group view
04-11 15:47:27.510 31570-31570/mig0.bosheculogger D/SearchActivity: get child view
04-11 15:47:27.510 31570-31570/mig0.bosheculogger D/AbsListView: unregisterIRListener() is called 
04-11 15:47:27.510 31570-31570/mig0.bosheculogger I/endeffect: AbsListView.onLayout(), getWidth()=1080, getHeight()=1527, this=android.widget.ExpandableListView{427f47f0 VFED.VC. .F....ID 0,30-1080,1557 #7f0b006a app:id/list}
04-11 15:47:32.315 31570-31723/mig0.bosheculogger E/DeviceConnectionManager: create() failed
                                                                             java.io.IOException: read failed, socket might closed or timeout, read ret: -1
                                                                                 at android.bluetooth.BluetoothSocket.readAll(BluetoothSocket.java:1008)
                                                                                 at android.bluetooth.BluetoothSocket.waitSocketSignal(BluetoothSocket.java:965)
                                                                                 at android.bluetooth.BluetoothSocket.connect(BluetoothSocket.java:662)
                                                                                 at mig0.bosheculogger.service.DeviceConnectionManager$1.run(DeviceConnectionManager.java:112)
04-11 15:47:32.315 31570-31723/mig0.bosheculogger D/BLTconnectionSerivce: onConnectError!
04-11 15:47:32.315 31570-31570/mig0.bosheculogger D/SearchActivity: current connected action: mig0.bosheculogger.CONNECT_ERROR
04-11 15:47:37.310 31570-31570/mig0.bosheculogger D/BLTconnectionSerivce: service canceled false
04-11 15:47:37.320 31570-31570/mig0.bosheculogger D/BLTconnectionSerivce: try to connect device 00:1D:43:9A:E0:78
04-11 15:47:37.320 31570-31570/mig0.bosheculogger D/DeviceConnectionManager: current device = null
04-11 15:47:37.320 31570-31570/mig0.bosheculogger D/DeviceConnectionManager: set device = 00:1D:43:9A:E0:78
04-11 15:47:37.320 31570-31570/mig0.bosheculogger D/SearchActivity: current connected action: mig0.bosheculogger.CONNECTING
04-11 15:47:37.320 31570-31918/mig0.bosheculogger D/DeviceConnectionManager: try to create new device socket
04-11 15:47:37.350 31570-31918/mig0.bosheculogger W/BluetoothAdapter: getBluetoothService() called with no BluetoothManagerCallback
04-11 15:47:39.502 31570-31570/mig0.bosheculogger D/SearchActivity: current connected action: android.bluetooth.device.action.ACL_CONNECTED
04-11 15:47:39.932 31570-31918/mig0.bosheculogger D/DeviceConnectionManager: create socket successful
04-11 15:47:39.932 31570-31918/mig0.bosheculogger D/BLTconnectionSerivce: onConnectSuccess!
04-11 15:47:39.932 31570-31570/mig0.bosheculogger D/SearchActivity: current connected action: mig0.bosheculogger.CONNECT_SUCCESS
04-11 15:47:39.932 31570-31570/mig0.bosheculogger D/SearchActivity: set result ok!
04-11 15:47:39.982 31570-31570/mig0.bosheculogger D/BLTconnectionSerivce: service got action : mig0.bosheculogger.ACTION_CANCEL
04-11 15:47:39.992 31570-31570/mig0.bosheculogger D/loadactivity: load got result ok!
04-11 15:47:40.002 31570-31570/mig0.bosheculogger D/loadactivity: gotoMain
04-11 15:47:40.002 31570-31570/mig0.bosheculogger I/BLTconnectionSerivce: Service onDestroy
04-11 15:47:40.023 31570-31570/mig0.bosheculogger D/AbsListView: unregisterIRListener() is called 
04-11 15:47:40.023 31570-31570/mig0.bosheculogger E/MainActivity: Main onCreate
04-11 15:47:40.043 31570-31570/mig0.bosheculogger I/dalvikvm: Could not find method android.content.res.Configuration.getLocales, referenced from method mig0.viewpager.PagerSlidingTabStrip.<init>
04-11 15:47:40.043 31570-31570/mig0.bosheculogger W/dalvikvm: VFY: unable to resolve virtual method 444: Landroid/content/res/Configuration;.getLocales ()Landroid/os/LocaleList;
04-11 15:47:40.043 31570-31570/mig0.bosheculogger D/dalvikvm: VFY: replacing opcode 0x6e at 0x01ac
04-11 15:47:40.063 31570-31570/mig0.bosheculogger D/MainActivity: connection manager code = 1112336520
04-11 15:47:40.083 31570-31570/mig0.bosheculogger E/MainActivity: in onResume
04-11 15:47:40.083 31570-31570/mig0.bosheculogger E/DeviceConnectionManager: start thread !
04-11 15:47:40.083 31570-31570/mig0.bosheculogger D/BluetoothCommunThread: reset to StatusIdle!
04-11 15:47:40.083 31570-31570/mig0.bosheculogger D/MainActivity: 1.send handshake
04-11 15:47:40.103 31570-31570/mig0.bosheculogger I/MainActivity: adapter instantiateItem 0
04-11 15:47:40.103 31570-31570/mig0.bosheculogger E/MainActivity: on fragment: 0
04-11 15:47:40.103 31570-31570/mig0.bosheculogger I/MainActivity: adapter instantiateItem 1
04-11 15:47:40.103 31570-31570/mig0.bosheculogger E/MainActivity: on fragment: 1
04-11 15:47:40.113 31570-31570/mig0.bosheculogger D/AbsListView: Get MotionRecognitionManager
04-11 15:47:40.123 31570-31570/mig0.bosheculogger D/AbsListView: unregisterIRListener() is called 
04-11 15:47:40.123 31570-31978/mig0.bosheculogger I/BluetoothCommunThread: thread read = 21
04-11 15:47:40.123 31570-31978/mig0.bosheculogger D/BluetoothCommunThread: send handshake information
04-11 15:47:40.123 31570-31978/mig0.bosheculogger D/MainActivity:  Main read + 21
04-11 15:47:40.123 31570-31570/mig0.bosheculogger D/AbsListView: Get MotionRecognitionManager
04-11 15:47:40.123 31570-31570/mig0.bosheculogger D/AbsListView: unregisterIRListener() is called 
04-11 15:47:40.123 31570-31570/mig0.bosheculogger I/endeffect: AbsListView.onMeasure(), getWidth()=0, getHeight()=0, this=android.widget.ExpandableListView{4297a6c0 V.ED.VC. ......I. 0,0-0,0 #7f0b006d app:id/expandableListView1}
04-11 15:47:40.123 31570-31570/mig0.bosheculogger I/endeffect: AbsListView.onMeasure(), getWidth()=0, getHeight()=0, this=android.widget.ListView{4297e5c8 V.ED.VC. ......I. 0,0-0,0 #7f0b0068 app:id/basic_list}
04-11 15:47:40.133 31570-31570/mig0.bosheculogger I/endeffect: AbsListView.onMeasure(), getWidth()=0, getHeight()=0, this=android.widget.ExpandableListView{4297a6c0 V.ED.VC. ......I. 0,0-0,0 #7f0b006d app:id/expandableListView1}
04-11 15:47:40.133 31570-31570/mig0.bosheculogger I/endeffect: AbsListView.onMeasure(), getWidth()=0, getHeight()=0, this=android.widget.ListView{4297e5c8 V.ED.VC. ......I. 0,0-0,0 #7f0b0068 app:id/basic_list}
04-11 15:47:40.153 31570-31570/mig0.bosheculogger I/endeffect: AbsListView.onMeasure(), getWidth()=0, getHeight()=0, this=android.widget.ExpandableListView{4297a6c0 V.ED.VC. ......I. 0,0-0,0 #7f0b006d app:id/expandableListView1}
04-11 15:47:40.153 31570-31570/mig0.bosheculogger D/AbsListView: unregisterIRListener() is called 
04-11 15:47:40.153 31570-31570/mig0.bosheculogger I/endeffect: AbsListView.onLayout(), getWidth()=1080, getHeight()=0, this=android.widget.ExpandableListView{4297a6c0 V.ED.VC. ......ID 0,778-1080,778 #7f0b006d app:id/expandableListView1}
04-11 15:47:40.153 31570-31570/mig0.bosheculogger I/endeffect: AbsListView.onMeasure(), getWidth()=0, getHeight()=0, this=android.widget.ListView{4297e5c8 V.ED.VC. ......I. 0,0-0,0 #7f0b0068 app:id/basic_list}
04-11 15:47:40.153 31570-31570/mig0.bosheculogger D/AbsListView: unregisterIRListener() is called 
04-11 15:47:40.153 31570-31570/mig0.bosheculogger I/endeffect: AbsListView.onLayout(), getWidth()=1080, getHeight()=1557, this=android.widget.ListView{4297e5c8 V.ED.VC. ......ID 0,0-1080,1557 #7f0b0068 app:id/basic_list}
04-11 15:47:40.183 31570-31570/mig0.bosheculogger D/MainActivity: MainHandler case MESSAGE_READ_OBJECT
04-11 15:47:40.183 31570-31570/mig0.bosheculogger D/MainActivity: 1.handshake success!
04-11 15:47:40.263 31570-31570/mig0.bosheculogger D/AbsListView: unregisterIRListener() is called 
04-11 15:47:40.263 31570-31570/mig0.bosheculogger D/AbsListView: unregisterIRListener() is called 
04-11 15:47:40.283 31570-31570/mig0.bosheculogger D/MainActivity: MainHandler case CMD_REQUEST_CONTROL_MESSAGE
04-11 15:47:40.283 31570-31570/mig0.bosheculogger D/MainActivity: request serial No
04-11 15:47:40.293 31570-31570/mig0.bosheculogger I/endeffect: AbsListView.onMeasure(), getWidth()=1080, getHeight()=0, this=android.widget.ExpandableListView{4297a6c0 V.ED.VC. ......ID 0,778-1080,778 #7f0b006d app:id/expandableListView1}
04-11 15:47:40.293 31570-31570/mig0.bosheculogger I/endeffect: AbsListView.onMeasure(), getWidth()=1080, getHeight()=1557, this=android.widget.ListView{4297e5c8 V.ED.VC. ......ID 0,0-1080,1557 #7f0b0068 app:id/basic_list}
04-11 15:47:40.293 31570-31570/mig0.bosheculogger I/endeffect: AbsListView.onMeasure(), getWidth()=1080, getHeight()=0, this=android.widget.ExpandableListView{4297a6c0 V.ED.VC. ......ID 0,778-1080,778 #7f0b006d app:id/expandableListView1}
04-11 15:47:40.293 31570-31570/mig0.bosheculogger I/endeffect: AbsListView.onMeasure(), getWidth()=1080, getHeight()=1557, this=android.widget.ListView{4297e5c8 V.ED.VC. ......ID 0,0-1080,1557 #7f0b0068 app:id/basic_list}
04-11 15:47:40.303 31570-31570/mig0.bosheculogger D/AbsListView: unregisterIRListener() is called 
04-11 15:47:40.303 31570-31570/mig0.bosheculogger I/endeffect: AbsListView.onLayout(), getWidth()=1080, getHeight()=0, this=android.widget.ExpandableListView{4297a6c0 V.ED.VC. ......ID 0,778-1080,778 #7f0b006d app:id/expandableListView1}
04-11 15:47:40.303 31570-31570/mig0.bosheculogger D/AbsListView: unregisterIRListener() is called 
04-11 15:47:40.303 31570-31570/mig0.bosheculogger I/endeffect: AbsListView.onLayout(), getWidth()=1080, getHeight()=1557, this=android.widget.ListView{4297e5c8 V.ED.VC. ......ID 0,0-1080,1557 #7f0b0068 app:id/basic_list}
04-11 15:47:40.333 31570-31978/mig0.bosheculogger I/BluetoothCommunThread: thread read = 2A
04-11 15:47:40.333 31570-31978/mig0.bosheculogger D/BluetoothCommunThread: get status code 2A reset!
04-11 15:47:40.333 31570-31978/mig0.bosheculogger I/BluetoothCommunThread: thread read = 1234567814
04-11 15:47:40.333 31570-31978/mig0.bosheculogger D/BluetoothCommunThread: part data
04-11 15:47:40.333 31570-31978/mig0.bosheculogger D/BluetoothCommunThread: send normal byte
04-11 15:47:40.333 31570-31978/mig0.bosheculogger D/MainActivity:  Main read + 2A1234567814
04-11 15:47:40.353 31570-31570/mig0.bosheculogger D/MainActivity: MainHandler case MESSAGE_READ_OBJECT
04-11 15:47:40.353 31570-31570/mig0.bosheculogger I/MainActivity: statusCode:2A
04-11 15:47:40.353 31570-31570/mig0.bosheculogger I/MainActivity: from server checkSum:14
04-11 15:47:40.353 31570-31570/mig0.bosheculogger I/MainActivity: original calced checkSum:114
04-11 15:47:40.353 31570-31570/mig0.bosheculogger I/MainActivity: calced checkSum:14
04-11 15:47:40.353 31570-31570/mig0.bosheculogger I/MainActivity: got control message [12, 34, 56, 78]
04-11 15:47:40.353 31570-31570/mig0.bosheculogger D/MainActivity: MainHandler case CMD_REQUEST_CONTROL_MESSAGE
04-11 15:47:40.353 31570-31570/mig0.bosheculogger D/MainActivity: request software info
04-11 15:47:40.363 31570-31570/mig0.bosheculogger D/SearchActivity: group count = 0
04-11 15:47:40.363 31570-31570/mig0.bosheculogger D/SearchActivity: group count = 0
04-11 15:47:40.363 31570-31570/mig0.bosheculogger D/SearchActivity: group count = 0
04-11 15:47:40.363 31570-31570/mig0.bosheculogger D/SearchActivity: group count = 0
04-11 15:47:40.363 31570-31570/mig0.bosheculogger D/SearchActivity: onStop_pass stopfindDevice()
04-11 15:47:40.363 31570-31570/mig0.bosheculogger D/AbsListView: onDetachedFromWindow
04-11 15:47:40.363 31570-31570/mig0.bosheculogger D/AbsListView: unregisterIRListener() is called 
04-11 15:47:40.393 31570-31978/mig0.bosheculogger I/BluetoothCommunThread: thread read = 2A
04-11 15:47:40.393 31570-31978/mig0.bosheculogger D/BluetoothCommunThread: get status code 2A reset!
04-11 15:47:40.393 31570-31978/mig0.bosheculogger I/BluetoothCommunThread: thread read = 1D060306660092
04-11 15:47:40.393 31570-31978/mig0.bosheculogger D/BluetoothCommunThread: part data
04-11 15:47:40.393 31570-31978/mig0.bosheculogger D/BluetoothCommunThread: send normal byte
04-11 15:47:40.393 31570-31978/mig0.bosheculogger D/MainActivity:  Main read + 2A1D060306660092
04-11 15:47:40.423 31570-31570/mig0.bosheculogger D/MainActivity: MainHandler case MESSAGE_READ_OBJECT
04-11 15:47:40.423 31570-31570/mig0.bosheculogger I/MainActivity: statusCode:2A
04-11 15:47:40.423 31570-31570/mig0.bosheculogger I/MainActivity: from server checkSum:92
04-11 15:47:40.423 31570-31570/mig0.bosheculogger I/MainActivity: original calced checkSum:92
04-11 15:47:40.423 31570-31570/mig0.bosheculogger I/MainActivity: calced checkSum:92
04-11 15:47:40.423 31570-31570/mig0.bosheculogger I/MainActivity: got control message [1D, 06, 03, 06, 66, 00]
04-11 15:47:40.723 31570-31570/mig0.bosheculogger D/MainActivity: match config diag_cfg_v29.6.3.xml result false matchedFile: null
04-11 15:47:40.953 31570-31570/mig0.bosheculogger D/MainActivity: match config diag_cfg_v29.6.*.xml result false matchedFile: null
04-11 15:47:41.224 31570-31570/mig0.bosheculogger D/MainActivity: match config diag_cfg_v+\d+\.+6+\.+\d.xml result true matchedFile: diag_cfg_v255.6.1.xml
04-11 15:47:41.224 31570-31570/mig0.bosheculogger I/ConfigManager: try to load diag_cfg_v255.6.1.xml
04-11 15:47:41.234 31570-31570/mig0.bosheculogger D/ConfigManager: PARSE software
04-11 15:47:41.234 31570-31570/mig0.bosheculogger D/ConfigManager: PARSE softwareVersion
04-11 15:47:41.234 31570-31570/mig0.bosheculogger D/ConfigManager: PARSE configVersion
04-11 15:47:41.234 31570-31570/mig0.bosheculogger D/ConfigManager: PARSE appVersion
04-11 15:47:41.234 31570-31570/mig0.bosheculogger D/ConfigManager: END_TAG software
04-11 15:47:41.234 31570-31570/mig0.bosheculogger D/ConfigManager: PARSE endian
04-11 15:47:41.234 31570-31570/mig0.bosheculogger D/ConfigManager: PARSE interval
04-11 15:47:41.244 31570-31570/mig0.bosheculogger D/ConfigManager: PARSE command
04-11 15:47:41.244 31570-31570/mig0.bosheculogger D/ConfigManager: PARSE Diagnostic
04-11 15:47:41.244 31570-31570/mig0.bosheculogger D/ConfigManager: PARSE FaultGroup
04-11 15:47:41.244 31570-31570/mig0.bosheculogger D/ConfigManager: PARSE Fault
04-11 15:47:41.244 31570-31570/mig0.bosheculogger D/ConfigManager: PARSE Fault
04-11 15:47:41.244 31570-31570/mig0.bosheculogger D/ConfigManager: PARSE Fault
04-11 15:47:41.244 31570-31570/mig0.bosheculogger D/ConfigManager: END_TAG FaultGroup
04-11 15:47:41.244 31570-31570/mig0.bosheculogger D/ConfigManager: PARSE FaultGroup
04-11 15:47:41.244 31570-31570/mig0.bosheculogger D/ConfigManager: PARSE Fault
04-11 15:47:41.254 31570-31570/mig0.bosheculogger D/ConfigManager: PARSE Fault
04-11 15:47:41.254 31570-31570/mig0.bosheculogger D/ConfigManager: END_TAG FaultGroup
04-11 15:47:41.254 31570-31570/mig0.bosheculogger D/ConfigManager: PARSE FaultGroup
04-11 15:47:41.254 31570-31570/mig0.bosheculogger D/ConfigManager: PARSE Fault
04-11 15:47:41.254 31570-31570/mig0.bosheculogger D/ConfigManager: PARSE Fault
04-11 15:47:41.254 31570-31570/mig0.bosheculogger D/ConfigManager: PARSE Fault
04-11 15:47:41.254 31570-31570/mig0.bosheculogger D/ConfigManager: END_TAG FaultGroup
04-11 15:47:41.254 31570-31570/mig0.bosheculogger D/ConfigManager: PARSE FaultGroup
04-11 15:47:41.254 31570-31570/mig0.bosheculogger D/ConfigManager: PARSE Fault
04-11 15:47:41.254 31570-31570/mig0.bosheculogger D/ConfigManager: PARSE Fault
04-11 15:47:41.254 31570-31570/mig0.bosheculogger D/ConfigManager: END_TAG FaultGroup
04-11 15:47:41.254 31570-31570/mig0.bosheculogger D/ConfigManager: PARSE FaultGroup
04-11 15:47:41.254 31570-31570/mig0.bosheculogger D/ConfigManager: PARSE Fault
04-11 15:47:41.254 31570-31570/mig0.bosheculogger D/ConfigManager: PARSE Fault
04-11 15:47:41.254 31570-31570/mig0.bosheculogger D/ConfigManager: PARSE Fault
04-11 15:47:41.254 31570-31570/mig0.bosheculogger D/ConfigManager: PARSE Fault
04-11 15:47:41.254 31570-31570/mig0.bosheculogger D/ConfigManager: END_TAG FaultGroup
04-11 15:47:41.254 31570-31570/mig0.bosheculogger D/ConfigManager: PARSE FaultGroup
04-11 15:47:41.264 31570-31570/mig0.bosheculogger D/ConfigManager: PARSE Fault
04-11 15:47:41.264 31570-31570/mig0.bosheculogger D/ConfigManager: PARSE Fault
04-11 15:47:41.264 31570-31570/mig0.bosheculogger D/ConfigManager: PARSE Fault
04-11 15:47:41.264 31570-31570/mig0.bosheculogger D/ConfigManager: PARSE Fault
04-11 15:47:41.264 31570-31570/mig0.bosheculogger D/ConfigManager: PARSE Fault
04-11 15:47:41.264 31570-31570/mig0.bosheculogger D/ConfigManager: PARSE Fault
04-11 15:47:41.264 31570-31570/mig0.bosheculogger D/ConfigManager: PARSE Fault
04-11 15:47:41.264 31570-31570/mig0.bosheculogger D/ConfigManager: PARSE Fault
04-11 15:47:41.264 31570-31570/mig0.bosheculogger D/ConfigManager: PARSE Fault
04-11 15:47:41.264 31570-31570/mig0.bosheculogger D/ConfigManager: PARSE Fault
04-11 15:47:41.264 31570-31570/mig0.bosheculogger D/ConfigManager: END_TAG FaultGroup
04-11 15:47:41.264 31570-31570/mig0.bosheculogger D/ConfigManager: END_TAG Diagnostic
04-11 15:47:41.264 31570-31570/mig0.bosheculogger D/ConfigManager: PARSE BasicInformation
04-11 15:47:41.264 31570-31570/mig0.bosheculogger D/ConfigManager: PARSE BasicInformation_Information
04-11 15:47:41.264 31570-31570/mig0.bosheculogger D/ConfigManager: PARSE BasicInformation_Information
04-11 15:47:41.264 31570-31570/mig0.bosheculogger D/ConfigManager: PARSE BasicInformation_Information
04-11 15:47:41.264 31570-31570/mig0.bosheculogger D/ConfigManager: PARSE BasicInformation_Information
04-11 15:47:41.274 31570-31570/mig0.bosheculogger D/ConfigManager: PARSE BasicInformation_BitInformation
04-11 15:47:41.274 31570-31570/mig0.bosheculogger D/ConfigManager: PARSE BasicInformation_BitInformation
04-11 15:47:41.274 31570-31570/mig0.bosheculogger D/ConfigManager: PARSE BasicInformation_BitInformation
04-11 15:47:41.274 31570-31570/mig0.bosheculogger D/ConfigManager: PARSE BasicInformation_BitInformation
04-11 15:47:41.274 31570-31570/mig0.bosheculogger D/ConfigManager: PARSE BasicInformation_Information
04-11 15:47:41.284 31570-31570/mig0.bosheculogger D/ConfigManager: PARSE BasicInformation_Information
04-11 15:47:41.284 31570-31570/mig0.bosheculogger D/ConfigManager: END_TAG BasicInformation
04-11 15:47:41.284 31570-31570/mig0.bosheculogger D/ConfigManager: PARSE AdvancedInformation
04-11 15:47:41.284 31570-31574/mig0.bosheculogger D/dalvikvm: GC_CONCURRENT freed 614K, 8% free 24215K/26304K, paused 1ms+4ms, total 49ms
04-11 15:47:41.284 31570-31570/mig0.bosheculogger D/ConfigManager: PARSE AdvancedInformations_Information
04-11 15:47:41.284 31570-31570/mig0.bosheculogger D/ConfigManager: PARSE AdvancedInformations_Information
04-11 15:47:41.294 31570-31570/mig0.bosheculogger D/ConfigManager: PARSE AdvancedInformations_Information
04-11 15:47:41.294 31570-31570/mig0.bosheculogger D/ConfigManager: PARSE AdvancedInformations_Information
04-11 15:47:41.294 31570-31570/mig0.bosheculogger D/ConfigManager: PARSE AdvancedInformations_Information
04-11 15:47:41.294 31570-31570/mig0.bosheculogger D/ConfigManager: PARSE AdvancedInformations_BitInformation
04-11 15:47:41.294 31570-31579/mig0.bosheculogger D/BluetoothSocket: close() in, this: android.bluetooth.BluetoothSocket@424cf818, channel: 1, state: INIT
04-11 15:47:41.294 31570-31570/mig0.bosheculogger D/ConfigManager: PARSE AdvancedInformations_BitInformation
04-11 15:47:41.294 31570-31570/mig0.bosheculogger D/ConfigManager: PARSE AdvancedInformations_BitInformation
04-11 15:47:41.294 31570-31570/mig0.bosheculogger D/ConfigManager: END_TAG AdvancedInformation
04-11 15:47:41.294 31570-31570/mig0.bosheculogger D/ConfigManager: load config cost 66ms
04-11 15:47:41.294 31570-31570/mig0.bosheculogger I/MainActivity: on_calCmd localCommand + C0
04-11 15:47:41.294 31570-31570/mig0.bosheculogger I/MainActivity: on_calCmd mCmdString + C03D0603
04-11 15:47:41.294 31570-31570/mig0.bosheculogger D/MainActivity: MainHandler case CMD_REQUEST_CONTROL_MESSAGE
04-11 15:47:41.294 31570-31570/mig0.bosheculogger D/MainActivity: request hardware info
04-11 15:47:41.294 31570-31579/mig0.bosheculogger D/AbsListView: [unregisterDoubleTapMotionListener]
04-11 15:47:41.294 31570-31579/mig0.bosheculogger I/MotionRecognitionManager:   .unregisterListener : / listener count = 0->0,  
04-11 15:47:41.294 31570-31579/mig0.bosheculogger D/AbsListView: unregisterIRListener() is called 
04-11 15:47:41.304 31570-31579/mig0.bosheculogger D/BluetoothSocket: close() in, this: android.bluetooth.BluetoothSocket@428ce728, channel: 1, state: INIT
04-11 15:47:41.334 31570-31978/mig0.bosheculogger I/BluetoothCommunThread: thread read = 2A
04-11 15:47:41.334 31570-31978/mig0.bosheculogger D/BluetoothCommunThread: get status code 2A reset!
04-11 15:47:41.334 31570-31978/mig0.bosheculogger I/BluetoothCommunThread: thread read = 0275008175016E
04-11 15:47:41.334 31570-31978/mig0.bosheculogger D/BluetoothCommunThread: part data
04-11 15:47:41.334 31570-31978/mig0.bosheculogger D/BluetoothCommunThread: send normal byte
04-11 15:47:41.334 31570-31978/mig0.bosheculogger D/MainActivity:  Main read + 2A0275008175016E
04-11 15:47:41.334 31570-31570/mig0.bosheculogger D/MainActivity: MainHandler case MESSAGE_READ_OBJECT
04-11 15:47:41.334 31570-31570/mig0.bosheculogger I/MainActivity: statusCode:2A
04-11 15:47:41.334 31570-31570/mig0.bosheculogger I/MainActivity: from server checkSum:6E
04-11 15:47:41.334 31570-31570/mig0.bosheculogger I/MainActivity: original calced checkSum:16e
04-11 15:47:41.334 31570-31570/mig0.bosheculogger I/MainActivity: calced checkSum:6E
04-11 15:47:41.344 31570-31570/mig0.bosheculogger I/MainActivity: got control message [02, 75, 00, 81, 75, 01]
04-11 15:47:41.344 31570-31570/mig0.bosheculogger D/MainActivity: MainHandler case CMD_REQUEST_STATUS_MESSAGE
04-11 15:47:41.344 31570-31570/mig0.bosheculogger D/MainActivity: 3.requset status message
04-11 15:47:41.374 31570-31978/mig0.bosheculogger I/BluetoothCommunThread: thread read = 2A000075
04-11 15:47:41.374 31570-31978/mig0.bosheculogger D/BluetoothCommunThread: get status code 2A reset!
04-11 15:47:41.414 31570-31978/mig0.bosheculogger I/BluetoothCommunThread: thread read = 89040025000000000100
04-11 15:47:41.414 31570-31978/mig0.bosheculogger D/BluetoothCommunThread: part data
04-11 15:47:41.414 31570-31978/mig0.bosheculogger I/BluetoothCommunThread: thread read = 9D01D001BE02C602AB00
04-11 15:47:41.414 31570-31978/mig0.bosheculogger D/BluetoothCommunThread: part data
04-11 15:47:41.414 31570-31978/mig0.bosheculogger I/BluetoothCommunThread: thread read = F602C20100006A0000
04-11 15:47:41.414 31570-31978/mig0.bosheculogger D/BluetoothCommunThread: part data
04-11 15:47:41.414 31570-31978/mig0.bosheculogger I/BluetoothCommunThread: thread read = 00F8FF04311645166707
04-11 15:47:41.414 31570-31978/mig0.bosheculogger D/BluetoothCommunThread: part data
04-11 15:47:41.454 31570-31978/mig0.bosheculogger I/BluetoothCommunThread: thread read = 6000FFFF002303000008
04-11 15:47:41.454 31570-31978/mig0.bosheculogger D/BluetoothCommunThread: part data
04-11 15:47:41.454 31570-31978/mig0.bosheculogger I/BluetoothCommunThread: thread read = 000000000100020000
04-11 15:47:41.454 31570-31978/mig0.bosheculogger D/BluetoothCommunThread: part data
04-11 15:47:41.454 31570-31978/mig0.bosheculogger I/BluetoothCommunThread: thread read = 89
04-11 15:47:41.454 31570-31978/mig0.bosheculogger D/BluetoothCommunThread: part data
04-11 15:47:41.454 31570-31978/mig0.bosheculogger D/BluetoothCommunThread: send normal byte
04-11 15:47:41.454 31570-31978/mig0.bosheculogger D/MainActivity:  Main read + 2A000075890400250000000001009D01D001BE02C602AB00F602C20100006A000000F8FF043116451667076000FFFF00230300000800000000010002000089
04-11 15:47:41.454 31570-31570/mig0.bosheculogger D/MainActivity: MainHandler case MESSAGE_READ_OBJECT
04-11 15:47:41.454 31570-31570/mig0.bosheculogger I/MainActivity: statusCode:2A
04-11 15:47:41.454 31570-31570/mig0.bosheculogger I/MainActivity: from server checkSum:89
04-11 15:47:41.464 31570-31570/mig0.bosheculogger I/MainActivity: original calced checkSum:c89
04-11 15:47:41.464 31570-31570/mig0.bosheculogger I/MainActivity: calced checkSum:89
04-11 15:47:41.464 31570-31570/mig0.bosheculogger E/MainActivity: advance fragment == null
04-11 15:47:41.484 31570-31570/mig0.bosheculogger I/endeffect: AbsListView.onMeasure(), getWidth()=1080, getHeight()=0, this=android.widget.ExpandableListView{4297a6c0 V.ED.VC. ......ID 0,778-1080,778 #7f0b006d app:id/expandableListView1}
04-11 15:47:41.484 31570-31570/mig0.bosheculogger I/endeffect: AbsListView.onMeasure(), getWidth()=1080, getHeight()=1557, this=android.widget.ListView{4297e5c8 VFED.VC. .F....ID 0,0-1080,1557 #7f0b0068 app:id/basic_list}
04-11 15:47:41.484 31570-31570/mig0.bosheculogger I/endeffect: AbsListView.onMeasure(), getWidth()=1080, getHeight()=0, this=android.widget.ExpandableListView{4297a6c0 V.ED.VC. ......ID 0,778-1080,778 #7f0b006d app:id/expandableListView1}
04-11 15:47:41.484 31570-31570/mig0.bosheculogger I/endeffect: AbsListView.onMeasure(), getWidth()=1080, getHeight()=1557, this=android.widget.ListView{4297e5c8 VFED.VC. .F....ID 0,0-1080,1557 #7f0b0068 app:id/basic_list}
04-11 15:47:41.484 31570-31570/mig0.bosheculogger D/AbsListView: unregisterIRListener() is called 
04-11 15:47:41.484 31570-31570/mig0.bosheculogger I/endeffect: AbsListView.onLayout(), getWidth()=1080, getHeight()=0, this=android.widget.ExpandableListView{4297a6c0 V.ED.VC. ......ID 0,778-1080,778 #7f0b006d app:id/expandableListView1}
04-11 15:47:41.494 31570-31570/mig0.bosheculogger I/BasicFragment.java: in getView name:Battery Voltage  value:44.4V
04-11 15:47:41.504 31570-31570/mig0.bosheculogger I/BasicFragment.java: in getView name:ThrottleInput  value:0%
04-11 15:47:41.514 31570-31570/mig0.bosheculogger I/Information.java: isSigned intValue: 0
04-11 15:47:41.514 31570-31570/mig0.bosheculogger I/BasicFragment.java: in getView name:Speed  value:0.0km/h
04-11 15:47:41.514 31570-31570/mig0.bosheculogger I/BasicFragment.java: in getView name:SpeedModes  value:3
04-11 15:47:41.524 31570-31570/mig0.bosheculogger I/BasicFragment.java: in getView name:Cruise  value:Off
04-11 15:47:41.524 31570-31570/mig0.bosheculogger I/BasicFragment.java: in getView name:SpeedLimit  value:On
04-11 15:47:41.534 31570-31570/mig0.bosheculogger I/BasicFragment.java: in getView name:eBraking  value:Off
04-11 15:47:41.544 31570-31570/mig0.bosheculogger I/BasicFragment.java: in getView name:Anti-Theft  value:Off
04-11 15:47:41.544 31570-31570/mig0.bosheculogger I/BasicFragment.java: in getView name:Trip Odometer  value:0.0km
04-11 15:47:41.554 31570-31570/mig0.bosheculogger I/BasicFragment.java: in getView name:odometer  value:297km
04-11 15:47:41.554 31570-31570/mig0.bosheculogger D/AbsListView: unregisterIRListener() is called 
04-11 15:47:41.554 31570-31570/mig0.bosheculogger I/endeffect: AbsListView.onLayout(), getWidth()=1080, getHeight()=1557, this=android.widget.ListView{4297e5c8 VFED.VC. .F....ID 0,0-1080,1557 #7f0b0068 app:id/basic_list}
04-11 15:47:41.974 31570-31570/mig0.bosheculogger D/MainActivity: MainHandler case CMD_REQUEST_STATUS_MESSAGE
04-11 15:47:41.974 31570-31570/mig0.bosheculogger D/MainActivity: 3.requset status message
04-11 15:47:42.014 31570-31978/mig0.bosheculogger I/BluetoothCommunThread: thread read = 2A
04-11 15:47:42.014 31570-31978/mig0.bosheculogger D/BluetoothCommunThread: get status code 2A reset!
04-11 15:47:42.014 31570-31978/mig0.bosheculogger I/BluetoothCommunThread: thread read = 00007589040025000000
04-11 15:47:42.014 31570-31978/mig0.bosheculogger D/BluetoothCommunThread: part data
04-11 15:47:42.044 31570-31978/mig0.bosheculogger I/BluetoothCommunThread: thread read = 0001009E01D001BC02C8
04-11 15:47:42.044 31570-31978/mig0.bosheculogger D/BluetoothCommunThread: part data
04-11 15:47:42.044 31570-31978/mig0.bosheculogger I/BluetoothCommunThread: thread read = 02AC00F602C40100006B
04-11 15:47:42.044 31570-31978/mig0.bosheculogger D/BluetoothCommunThread: part data
04-11 15:47:42.054 31570-31978/mig0.bosheculogger I/BluetoothCommunThread: thread read = 000000F8FF04211655
04-11 15:47:42.054 31570-31978/mig0.bosheculogger D/BluetoothCommunThread: part data
04-11 15:47:42.085 31570-31978/mig0.bosheculogger I/BluetoothCommunThread: thread read = 1667075F000000002302
04-11 15:47:42.085 31570-31978/mig0.bosheculogger D/BluetoothCommunThread: part data
04-11 15:47:42.085 31570-31978/mig0.bosheculogger I/BluetoothCommunThread: thread read = 00000800000000010002
