04-11 15:47:42.085 31570-31978/mig0.bosheculogger D/BluetoothCommunThread: part data
04-11 15:47:42.085 31570-31978/mig0.bosheculogger I/BluetoothCommunThread: thread read = 00008E
04-11 15:47:42.085 31570-31978/mig0.bosheculogger D/BluetoothCommunThread: part data
04-11 15:47:42.085 31570-31978/mig0.bosheculogger D/BluetoothCommunThread: send normal byte
04-11 15:47:42.085 31570-31978/mig0.bosheculogger D/MainActivity:  Main read + 2A000075890400250000000001009E01D001BC02C802AC00F602C40100006B000000F8FF042116551667075F0000000023020000080000000001000200008E
04-11 15:47:42.085 31570-31570/mig0.bosheculogger D/MainActivity: MainHandler case MESSAGE_READ_OBJECT
04-11 15:47:42.085 31570-31570/mig0.bosheculogger I/MainActivity: statusCode:2A
04-11 15:47:42.085 31570-31570/mig0.bosheculogger I/MainActivity: from server checkSum:8E
04-11 15:47:42.085 31570-31570/mig0.bosheculogger I/MainActivity: original calced checkSum:a8e
04-11 15:47:42.085 31570-31570/mig0.bosheculogger I/MainActivity: calced checkSum:8E
04-11 15:47:42.085 31570-31570/mig0.bosheculogger E/MainActivity: advance fragment == null
04-11 15:47:42.105 31570-31570/mig0.bosheculogger I/endeffect: AbsListView.onMeasure(), getWidth()=1080, getHeight()=0, this=android.widget.ExpandableListView{4297a6c0 V.ED.VC. ......ID 0,778-1080,778 #7f0b006d app:id/expandableListView1}
04-11 15:47:42.105 31570-31570/mig0.bosheculogger I/endeffect: AbsListView.onMeasure(), getWidth()=1080, getHeight()=1557, this=android.widget.ListView{4297e5c8 VFED.VC. .F....ID 0,0-1080,1557 #7f0b0068 app:id/basic_list}
04-11 15:47:42.115 31570-31570/mig0.bosheculogger I/endeffect: AbsListView.onMeasure(), getWidth()=1080, getHeight()=0, this=android.widget.ExpandableListView{4297a6c0 V.ED.VC. ......ID 0,778-1080,778 #7f0b006d app:id/expandableListView1}
04-11 15:47:42.115 31570-31570/mig0.bosheculogger I/endeffect: AbsListView.onMeasure(), getWidth()=1080, getHeight()=1557, this=android.widget.ListView{4297e5c8 VFED.VC. .F....ID 0,0-1080,1557 #7f0b0068 app:id/basic_list}
04-11 15:47:42.115 31570-31570/mig0.bosheculogger D/AbsListView: unregisterIRListener() is called 
04-11 15:47:42.115 31570-31570/mig0.bosheculogger I/endeffect: AbsListView.onLayout(), getWidth()=1080, getHeight()=0, this=android.widget.ExpandableListView{4297a6c0 V.ED.VC. ......ID 0,778-1080,778 #7f0b006d app:id/expandableListView1}
04-11 15:47:42.115 31570-31570/mig0.bosheculogger I/BasicFragment.java: in getView name:Battery Voltage  value:44.3V
04-11 15:47:42.125 31570-31570/mig0.bosheculogger I/BasicFragment.java: in getView name:ThrottleInput  value:0%
04-11 15:47:42.125 31570-31570/mig0.bosheculogger I/Information.java: isSigned intValue: 0
04-11 15:47:42.125 31570-31570/mig0.bosheculogger I/BasicFragment.java: in getView name:Speed  value:0.0km/h
04-11 15:47:42.125 31570-31570/mig0.bosheculogger I/BasicFragment.java: in getView name:SpeedModes  value:3
04-11 15:47:42.125 31570-31570/mig0.bosheculogger I/BasicFragment.java: in getView name:Cruise  value:Off
04-11 15:47:42.135 31570-31570/mig0.bosheculogger I/BasicFragment.java: in getView name:SpeedLimit  value:On
04-11 15:47:42.135 31570-31570/mig0.bosheculogger I/BasicFragment.java: in getView name:eBraking  value:Off
04-11 15:47:42.135 31570-31570/mig0.bosheculogger I/BasicFragment.java: in getView name:Anti-Theft  value:Off
04-11 15:47:42.135 31570-31570/mig0.bosheculogger I/BasicFragment.java: in getView name:Trip Odometer  value:0.0km
04-11 15:47:42.145 31570-31570/mig0.bosheculogger I/BasicFragment.java: in getView name:odometer  value:297km
04-11 15:47:42.145 31570-31570/mig0.bosheculogger D/AbsListView: unregisterIRListener() is called 
04-11 15:47:42.145 31570-31570/mig0.bosheculogger I/endeffect: AbsListView.onLayout(), getWidth()=1080, getHeight()=1557, this=android.widget.ListView{4297e5c8 VFED.VC. .F....ID 0,0-1080,1557 #7f0b0068 app:id/basic_list}
04-11 15:47:42.595 31570-31570/mig0.bosheculogger D/MainActivity: MainHandler case CMD_REQUEST_STATUS_MESSAGE
04-11 15:47:42.595 31570-31570/mig0.bosheculogger D/MainActivity: 3.requset status message
04-11 15:47:42.635 31570-31978/mig0.bosheculogger I/BluetoothCommunThread: thread read = 2A
04-11 15:47:42.635 31570-31978/mig0.bosheculogger D/BluetoothCommunThread: get status code 2A reset!
04-11 15:47:42.635 31570-31978/mig0.bosheculogger I/BluetoothCommunThread: thread read = 000075890400250000
04-11 15:47:42.635 31570-31978/mig0.bosheculogger D/BluetoothCommunThread: part data
04-11 15:47:42.675 31570-31978/mig0.bosheculogger I/BluetoothCommunThread: thread read = 000001009D01D001BD02C2
04-11 15:47:42.675 31570-31978/mig0.bosheculogger D/BluetoothCommunThread: part data
04-11 15:47:42.675 31570-31978/mig0.bosheculogger I/BluetoothCommunThread: thread read = 02AA00F402C3010000
04-11 15:47:42.675 31570-31978/mig0.bosheculogger D/BluetoothCommunThread: part data
04-11 15:47:42.675 31570-31978/mig0.bosheculogger I/BluetoothCommunThread: thread read = 6A000000F8FF04291625
04-11 15:47:42.675 31570-31978/mig0.bosheculogger D/BluetoothCommunThread: part data
04-11 15:47:42.685 31570-31978/mig0.bosheculogger I/BluetoothCommunThread: thread read = 1662076000FFFF002306
04-11 15:47:42.685 31570-31978/mig0.bosheculogger D/BluetoothCommunThread: part data
04-11 15:47:42.695 31570-31978/mig0.bosheculogger I/BluetoothCommunThread: thread read = 00000800000000010002
04-11 15:47:42.695 31570-31978/mig0.bosheculogger D/BluetoothCommunThread: part data
04-11 15:47:42.705 31570-31978/mig0.bosheculogger I/BluetoothCommunThread: thread read = 000058
04-11 15:47:42.705 31570-31978/mig0.bosheculogger D/BluetoothCommunThread: part data
04-11 15:47:42.705 31570-31978/mig0.bosheculogger D/BluetoothCommunThread: send normal byte
04-11 15:47:42.705 31570-31978/mig0.bosheculogger D/MainActivity:  Main read + 2A000075890400250000000001009D01D001BD02C202AA00F402C30100006A000000F8FF042916251662076000FFFF00230600000800000000010002000058
04-11 15:47:42.705 31570-31570/mig0.bosheculogger D/MainActivity: MainHandler case MESSAGE_READ_OBJECT
04-11 15:47:42.705 31570-31570/mig0.bosheculogger I/MainActivity: statusCode:2A
04-11 15:47:42.705 31570-31570/mig0.bosheculogger I/MainActivity: from server checkSum:58
04-11 15:47:42.705 31570-31570/mig0.bosheculogger I/MainActivity: original calced checkSum:c58
04-11 15:47:42.705 31570-31570/mig0.bosheculogger I/MainActivity: calced checkSum:58
04-11 15:47:42.705 31570-31570/mig0.bosheculogger E/MainActivity: advance fragment == null
04-11 15:47:42.735 31570-31570/mig0.bosheculogger I/endeffect: AbsListView.onMeasure(), getWidth()=1080, getHeight()=0, this=android.widget.ExpandableListView{4297a6c0 V.ED.VC. ......ID 0,778-1080,778 #7f0b006d app:id/expandableListView1}
04-11 15:47:42.735 31570-31570/mig0.bosheculogger I/endeffect: AbsListView.onMeasure(), getWidth()=1080, getHeight()=1557, this=android.widget.ListView{4297e5c8 VFED.VC. .F....ID 0,0-1080,1557 #7f0b0068 app:id/basic_list}
04-11 15:47:42.735 31570-31570/mig0.bosheculogger I/endeffect: AbsListView.onMeasure(), getWidth()=1080, getHeight()=0, this=android.widget.ExpandableListView{4297a6c0 V.ED.VC. ......ID 0,778-1080,778 #7f0b006d app:id/expandableListView1}
04-11 15:47:42.745 31570-31570/mig0.bosheculogger I/endeffect: AbsListView.onMeasure(), getWidth()=1080, getHeight()=1557, this=android.widget.ListView{4297e5c8 VFED.VC. .F....ID 0,0-1080,1557 #7f0b0068 app:id/basic_list}
04-11 15:47:42.745 31570-31570/mig0.bosheculogger D/AbsListView: unregisterIRListener() is called 
04-11 15:47:42.745 31570-31570/mig0.bosheculogger I/endeffect: AbsListView.onLayout(), getWidth()=1080, getHeight()=0, this=android.widget.ExpandableListView{4297a6c0 V.ED.VC. ......ID 0,778-1080,778 #7f0b006d app:id/expandableListView1}
04-11 15:47:42.745 31570-31570/mig0.bosheculogger I/BasicFragment.java: in getView name:Battery Voltage  value:44.3V
04-11 15:47:42.745 31570-31570/mig0.bosheculogger I/BasicFragment.java: in getView name:ThrottleInput  value:0%
04-11 15:47:42.745 31570-31570/mig0.bosheculogger I/Information.java: isSigned intValue: 0
04-11 15:47:42.745 31570-31570/mig0.bosheculogger I/BasicFragment.java: in getView name:Speed  value:0.0km/h
04-11 15:47:42.755 31570-31570/mig0.bosheculogger I/BasicFragment.java: in getView name:SpeedModes  value:3
04-11 15:47:42.755 31570-31570/mig0.bosheculogger I/BasicFragment.java: in getView name:Cruise  value:Off
04-11 15:47:42.755 31570-31570/mig0.bosheculogger I/BasicFragment.java: in getView name:SpeedLimit  value:On
04-11 15:47:42.755 31570-31570/mig0.bosheculogger I/BasicFragment.java: in getView name:eBraking  value:Off
04-11 15:47:42.755 31570-31570/mig0.bosheculogger I/BasicFragment.java: in getView name:Anti-Theft  value:Off
04-11 15:47:42.765 31570-31570/mig0.bosheculogger I/BasicFragment.java: in getView name:Trip Odometer  value:0.0km
04-11 15:47:42.765 31570-31570/mig0.bosheculogger I/BasicFragment.java: in getView name:odometer  value:297km
04-11 15:47:42.765 31570-31570/mig0.bosheculogger D/AbsListView: unregisterIRListener() is called 
04-11 15:47:42.765 31570-31570/mig0.bosheculogger I/endeffect: AbsListView.onLayout(), getWidth()=1080, getHeight()=1557, this=android.widget.ListView{4297e5c8 VFED.VC. .F....ID 0,0-1080,1557 #7f0b0068 app:id/basic_list}
04-11 15:47:43.216 31570-31570/mig0.bosheculogger D/MainActivity: MainHandler case CMD_REQUEST_STATUS_MESSAGE
04-11 15:47:43.216 31570-31570/mig0.bosheculogger D/MainActivity: 3.requset status message
04-11 15:47:43.256 31570-31978/mig0.bosheculogger I/BluetoothCommunThread: thread read = 2A
04-11 15:47:43.256 31570-31978/mig0.bosheculogger D/BluetoothCommunThread: get status code 2A reset!
04-11 15:47:43.256 31570-31978/mig0.bosheculogger I/BluetoothCommunThread: thread read = 000075890400250000
04-11 15:47:43.256 31570-31978/mig0.bosheculogger D/BluetoothCommunThread: part data
04-11 15:47:43.296 31570-31978/mig0.bosheculogger I/BluetoothCommunThread: thread read = 000001009D01D001BE02
04-11 15:47:43.296 31570-31978/mig0.bosheculogger D/BluetoothCommunThread: part data
04-11 15:47:43.296 31570-31978/mig0.bosheculogger I/BluetoothCommunThread: thread read = C202AA00F402C1010000
04-11 15:47:43.296 31570-31978/mig0.bosheculogger D/BluetoothCommunThread: part data
04-11 15:47:43.306 31570-31978/mig0.bosheculogger I/BluetoothCommunThread: thread read = 6A000000F8FF04311625
04-11 15:47:43.306 31570-31978/mig0.bosheculogger D/BluetoothCommunThread: part data
04-11 15:47:43.306 31570-31978/mig0.bosheculogger I/BluetoothCommunThread: thread read = 1662076000FEFF0023
04-11 15:47:43.306 31570-31978/mig0.bosheculogger D/BluetoothCommunThread: part data
04-11 15:47:43.326 31570-31978/mig0.bosheculogger I/BluetoothCommunThread: thread read = 0E00000800000000010002
04-11 15:47:43.326 31570-31978/mig0.bosheculogger D/BluetoothCommunThread: part data
04-11 15:47:43.336 31570-31978/mig0.bosheculogger I/BluetoothCommunThread: thread read = 000066
04-11 15:47:43.336 31570-31978/mig0.bosheculogger D/BluetoothCommunThread: part data
04-11 15:47:43.336 31570-31978/mig0.bosheculogger D/BluetoothCommunThread: send normal byte
04-11 15:47:43.336 31570-31978/mig0.bosheculogger D/MainActivity:  Main read + 2A000075890400250000000001009D01D001BE02C202AA00F402C10100006A000000F8FF043116251662076000FEFF00230E00000800000000010002000066
04-11 15:47:43.336 31570-31570/mig0.bosheculogger D/MainActivity: MainHandler case MESSAGE_READ_OBJECT
04-11 15:47:43.336 31570-31570/mig0.bosheculogger I/MainActivity: statusCode:2A
04-11 15:47:43.336 31570-31570/mig0.bosheculogger I/MainActivity: from server checkSum:66
04-11 15:47:43.336 31570-31570/mig0.bosheculogger I/MainActivity: original calced checkSum:c66
04-11 15:47:43.336 31570-31570/mig0.bosheculogger I/MainActivity: calced checkSum:66
04-11 15:47:43.336 31570-31570/mig0.bosheculogger E/MainActivity: advance fragment == null
04-11 15:47:43.346 31570-31570/mig0.bosheculogger I/endeffect: AbsListView.onMeasure(), getWidth()=1080, getHeight()=0, this=android.widget.ExpandableListView{4297a6c0 V.ED.VC. ......ID 0,778-1080,778 #7f0b006d app:id/expandableListView1}
04-11 15:47:43.356 31570-31570/mig0.bosheculogger I/endeffect: AbsListView.onMeasure(), getWidth()=1080, getHeight()=1557, this=android.widget.ListView{4297e5c8 VFED.VC. .F....ID 0,0-1080,1557 #7f0b0068 app:id/basic_list}
04-11 15:47:43.366 31570-31570/mig0.bosheculogger I/endeffect: AbsListView.onMeasure(), getWidth()=1080, getHeight()=0, this=android.widget.ExpandableListView{4297a6c0 V.ED.VC. ......ID 0,778-1080,778 #7f0b006d app:id/expandableListView1}
04-11 15:47:43.366 31570-31570/mig0.bosheculogger I/endeffect: AbsListView.onMeasure(), getWidth()=1080, getHeight()=1557, this=android.widget.ListView{4297e5c8 VFED.VC. .F....ID 0,0-1080,1557 #7f0b0068 app:id/basic_list}
04-11 15:47:43.366 31570-31570/mig0.bosheculogger D/AbsListView: unregisterIRListener() is called 
04-11 15:47:43.366 31570-31570/mig0.bosheculogger I/endeffect: AbsListView.onLayout(), getWidth()=1080, getHeight()=0, this=android.widget.ExpandableListView{4297a6c0 V.ED.VC. ......ID 0,778-1080,778 #7f0b006d app:id/expandableListView1}
04-11 15:47:43.366 31570-31570/mig0.bosheculogger I/BasicFragment.java: in getView name:Battery Voltage  value:44.4V
04-11 15:47:43.366 31570-31570/mig0.bosheculogger I/BasicFragment.java: in getView name:ThrottleInput  value:0%
04-11 15:47:43.376 31570-31570/mig0.bosheculogger I/Information.java: isSigned intValue: 0
04-11 15:47:43.376 31570-31570/mig0.bosheculogger I/BasicFragment.java: in getView name:Speed  value:0.0km/h
04-11 15:47:43.376 31570-31570/mig0.bosheculogger I/BasicFragment.java: in getView name:SpeedModes  value:3
04-11 15:47:43.376 31570-31570/mig0.bosheculogger I/BasicFragment.java: in getView name:Cruise  value:Off
04-11 15:47:43.376 31570-31570/mig0.bosheculogger I/BasicFragment.java: in getView name:SpeedLimit  value:On
04-11 15:47:43.376 31570-31570/mig0.bosheculogger I/BasicFragment.java: in getView name:eBraking  value:Off
04-11 15:47:43.376 31570-31570/mig0.bosheculogger I/BasicFragment.java: in getView name:Anti-Theft  value:Off
04-11 15:47:43.386 31570-31570/mig0.bosheculogger I/BasicFragment.java: in getView name:Trip Odometer  value:0.0km
04-11 15:47:43.386 31570-31570/mig0.bosheculogger I/BasicFragment.java: in getView name:odometer  value:297km
04-11 15:47:43.386 31570-31570/mig0.bosheculogger D/AbsListView: unregisterIRListener() is called 
04-11 15:47:43.386 31570-31570/mig0.bosheculogger I/endeffect: AbsListView.onLayout(), getWidth()=1080, getHeight()=1557, this=android.widget.ListView{4297e5c8 VFED.VC. .F....ID 0,0-1080,1557 #7f0b0068 app:id/basic_list}
04-11 15:47:43.836 31570-31570/mig0.bosheculogger D/MainActivity: MainHandler case CMD_REQUEST_STATUS_MESSAGE
04-11 15:47:43.836 31570-31570/mig0.bosheculogger D/MainActivity: 3.requset status message
04-11 15:47:43.876 31570-31978/mig0.bosheculogger I/BluetoothCommunThread: thread read = 2A
04-11 15:47:43.876 31570-31978/mig0.bosheculogger D/BluetoothCommunThread: get status code 2A reset!
04-11 15:47:43.876 31570-31978/mig0.bosheculogger I/BluetoothCommunThread: thread read = 00007589040025000000
04-11 15:47:43.876 31570-31978/mig0.bosheculogger D/BluetoothCommunThread: part data
04-11 15:47:43.916 31570-31978/mig0.bosheculogger I/BluetoothCommunThread: thread read = 0001009D01D401C202C3
04-11 15:47:43.916 31570-31978/mig0.bosheculogger D/BluetoothCommunThread: part data
04-11 15:47:43.916 31570-31978/mig0.bosheculogger I/BluetoothCommunThread: thread read = 02AA00F802C40100006A
04-11 15:47:43.916 31570-31978/mig0.bosheculogger D/BluetoothCommunThread: part data
04-11 15:47:43.916 31570-31978/mig0.bosheculogger I/BluetoothCommunThread: thread read = 000000F8FF0452162D
04-11 15:47:43.916 31570-31978/mig0.bosheculogger D/BluetoothCommunThread: part data
04-11 15:47:43.926 31570-31978/mig0.bosheculogger I/BluetoothCommunThread: thread read = 166C075F000000002305
04-11 15:47:43.926 31570-31978/mig0.bosheculogger D/BluetoothCommunThread: part data
04-11 15:47:43.956 31570-31978/mig0.bosheculogger I/BluetoothCommunThread: thread read = 000008000000000100
04-11 15:47:43.956 31570-31978/mig0.bosheculogger D/BluetoothCommunThread: part data
04-11 15:47:43.956 31570-31978/mig0.bosheculogger I/BluetoothCommunThread: thread read = 020000A2
04-11 15:47:43.956 31570-31978/mig0.bosheculogger D/BluetoothCommunThread: part data
04-11 15:47:43.956 31570-31978/mig0.bosheculogger D/BluetoothCommunThread: send normal byte
04-11 15:47:43.956 31570-31978/mig0.bosheculogger D/MainActivity:  Main read + 2A000075890400250000000001009D01D401C202C302AA00F802C40100006A000000F8FF0452162D166C075F000000002305000008000000000100020000A2
04-11 15:47:43.956 31570-31570/mig0.bosheculogger D/MainActivity: MainHandler case MESSAGE_READ_OBJECT
04-11 15:47:43.956 31570-31570/mig0.bosheculogger I/MainActivity: statusCode:2A
04-11 15:47:43.956 31570-31570/mig0.bosheculogger I/MainActivity: from server checkSum:A2
04-11 15:47:43.966 31570-31570/mig0.bosheculogger I/MainActivity: original calced checkSum:aa2
04-11 15:47:43.966 31570-31570/mig0.bosheculogger I/MainActivity: calced checkSum:A2
04-11 15:47:43.966 31570-31570/mig0.bosheculogger E/MainActivity: advance fragment == null
04-11 15:47:43.976 31570-31570/mig0.bosheculogger I/endeffect: AbsListView.onMeasure(), getWidth()=1080, getHeight()=0, this=android.widget.ExpandableListView{4297a6c0 V.ED.VC. ......ID 0,778-1080,778 #7f0b006d app:id/expandableListView1}
04-11 15:47:43.986 31570-31570/mig0.bosheculogger I/endeffect: AbsListView.onMeasure(), getWidth()=1080, getHeight()=1557, this=android.widget.ListView{4297e5c8 VFED.VC. .F....ID 0,0-1080,1557 #7f0b0068 app:id/basic_list}
04-11 15:47:43.986 31570-31570/mig0.bosheculogger I/endeffect: AbsListView.onMeasure(), getWidth()=1080, getHeight()=0, this=android.widget.ExpandableListView{4297a6c0 V.ED.VC. ......ID 0,778-1080,778 #7f0b006d app:id/expandableListView1}
04-11 15:47:43.986 31570-31570/mig0.bosheculogger I/endeffect: AbsListView.onMeasure(), getWidth()=1080, getHeight()=1557, this=android.widget.ListView{4297e5c8 VFED.VC. .F....ID 0,0-1080,1557 #7f0b0068 app:id/basic_list}
04-11 15:47:43.986 31570-31570/mig0.bosheculogger D/AbsListView: unregisterIRListener() is called 
04-11 15:47:43.986 31570-31570/mig0.bosheculogger I/endeffect: AbsListView.onLayout(), getWidth()=1080, getHeight()=0, this=android.widget.ExpandableListView{4297a6c0 V.ED.VC. ......ID 0,778-1080,778 #7f0b006d app:id/expandableListView1}
04-11 15:47:43.986 31570-31570/mig0.bosheculogger I/BasicFragment.java: in getView name:Battery Voltage  value:44.6V
04-11 15:47:43.986 31570-31570/mig0.bosheculogger I/BasicFragment.java: in getView name:ThrottleInput  value:0%
04-11 15:47:43.996 31570-31570/mig0.bosheculogger I/Information.java: isSigned intValue: 0
04-11 15:47:43.996 31570-31570/mig0.bosheculogger I/BasicFragment.java: in getView name:Speed  value:0.0km/h
04-11 15:47:43.996 31570-31570/mig0.bosheculogger I/BasicFragment.java: in getView name:SpeedModes  value:3
04-11 15:47:43.996 31570-31570/mig0.bosheculogger I/BasicFragment.java: in getView name:Cruise  value:Off
04-11 15:47:43.996 31570-31570/mig0.bosheculogger I/BasicFragment.java: in getView name:SpeedLimit  value:On
04-11 15:47:43.996 31570-31570/mig0.bosheculogger I/BasicFragment.java: in getView name:eBraking  value:Off
04-11 15:47:43.996 31570-31570/mig0.bosheculogger I/BasicFragment.java: in getView name:Anti-Theft  value:Off
04-11 15:47:43.996 31570-31570/mig0.bosheculogger I/BasicFragment.java: in getView name:Trip Odometer  value:0.0km
04-11 15:47:44.006 31570-31570/mig0.bosheculogger I/BasicFragment.java: in getView name:odometer  value:297km
04-11 15:47:44.006 31570-31570/mig0.bosheculogger D/AbsListView: unregisterIRListener() is called 
04-11 15:47:44.006 31570-31570/mig0.bosheculogger I/endeffect: AbsListView.onLayout(), getWidth()=1080, getHeight()=1557, this=android.widget.ListView{4297e5c8 VFED.VC. .F....ID 0,0-1080,1557 #7f0b0068 app:id/basic_list}
04-11 15:47:44.467 31570-31570/mig0.bosheculogger D/MainActivity: MainHandler case CMD_REQUEST_STATUS_MESSAGE
04-11 15:47:44.467 31570-31570/mig0.bosheculogger D/MainActivity: 3.requset status message
04-11 15:47:44.507 31570-31978/mig0.bosheculogger I/BluetoothCommunThread: thread read = 2A
04-11 15:47:44.507 31570-31978/mig0.bosheculogger D/BluetoothCommunThread: get status code 2A reset!
04-11 15:47:44.507 31570-31978/mig0.bosheculogger I/BluetoothCommunThread: thread read = 000075890400250000
04-11 15:47:44.507 31570-31978/mig0.bosheculogger D/BluetoothCommunThread: part data
04-11 15:47:44.537 31570-31978/mig0.bosheculogger I/BluetoothCommunThread: thread read = 000001009E01D001BD02
04-11 15:47:44.537 31570-31978/mig0.bosheculogger D/BluetoothCommunThread: part data
04-11 15:47:44.537 31570-31978/mig0.bosheculogger I/BluetoothCommunThread: thread read = C102AA00F402C5010000
04-11 15:47:44.537 31570-31978/mig0.bosheculogger D/BluetoothCommunThread: part data
04-11 15:47:44.547 31570-31978/mig0.bosheculogger I/BluetoothCommunThread: thread read = 6A000000F8FF042916
04-11 15:47:44.547 31570-31978/mig0.bosheculogger D/BluetoothCommunThread: part data
04-11 15:47:44.577 31570-31978/mig0.bosheculogger I/BluetoothCommunThread: thread read = 1D1662075F00FEFF002307
04-11 15:47:44.577 31570-31978/mig0.bosheculogger D/BluetoothCommunThread: part data
04-11 15:47:44.577 31570-31978/mig0.bosheculogger I/BluetoothCommunThread: thread read = 000008000000000100
04-11 15:47:44.577 31570-31978/mig0.bosheculogger D/BluetoothCommunThread: part data
04-11 15:47:44.577 31570-31978/mig0.bosheculogger I/BluetoothCommunThread: thread read = 02000051
04-11 15:47:44.577 31570-31978/mig0.bosheculogger D/BluetoothCommunThread: part data
04-11 15:47:44.577 31570-31978/mig0.bosheculogger D/BluetoothCommunThread: send normal byte
04-11 15:47:44.577 31570-31978/mig0.bosheculogger D/MainActivity:  Main read + 2A000075890400250000000001009E01D001BD02C102AA00F402C50100006A000000F8FF0429161D1662075F00FEFF00230700000800000000010002000051
04-11 15:47:44.577 31570-31570/mig0.bosheculogger D/MainActivity: MainHandler case MESSAGE_READ_OBJECT
04-11 15:47:44.577 31570-31570/mig0.bosheculogger I/MainActivity: statusCode:2A
04-11 15:47:44.587 31570-31570/mig0.bosheculogger I/MainActivity: from server checkSum:51
04-11 15:47:44.587 31570-31570/mig0.bosheculogger I/MainActivity: original calced checkSum:c51
04-11 15:47:44.587 31570-31570/mig0.bosheculogger I/MainActivity: calced checkSum:51
04-11 15:47:44.587 31570-31570/mig0.bosheculogger E/MainActivity: advance fragment == null
04-11 15:47:44.597 31570-31570/mig0.bosheculogger I/endeffect: AbsListView.onMeasure(), getWidth()=1080, getHeight()=0, this=android.widget.ExpandableListView{4297a6c0 V.ED.VC. ......ID 0,778-1080,778 #7f0b006d app:id/expandableListView1}
04-11 15:47:44.597 31570-31570/mig0.bosheculogger I/endeffect: AbsListView.onMeasure(), getWidth()=1080, getHeight()=1557, this=android.widget.ListView{4297e5c8 VFED.VC. .F....ID 0,0-1080,1557 #7f0b0068 app:id/basic_list}
04-11 15:47:44.607 31570-31570/mig0.bosheculogger I/endeffect: AbsListView.onMeasure(), getWidth()=1080, getHeight()=0, this=android.widget.ExpandableListView{4297a6c0 V.ED.VC. ......ID 0,778-1080,778 #7f0b006d app:id/expandableListView1}
04-11 15:47:44.607 31570-31570/mig0.bosheculogger I/endeffect: AbsListView.onMeasure(), getWidth()=1080, getHeight()=1557, this=android.widget.ListView{4297e5c8 VFED.VC. .F....ID 0,0-1080,1557 #7f0b0068 app:id/basic_list}
04-11 15:47:44.607 31570-31570/mig0.bosheculogger D/AbsListView: unregisterIRListener() is called 
04-11 15:47:44.607 31570-31570/mig0.bosheculogger I/endeffect: AbsListView.onLayout(), getWidth()=1080, getHeight()=0, this=android.widget.ExpandableListView{4297a6c0 V.ED.VC. ......ID 0,778-1080,778 #7f0b006d app:id/expandableListView1}
04-11 15:47:44.607 31570-31570/mig0.bosheculogger I/BasicFragment.java: in getView name:Battery Voltage  value:44.3V
04-11 15:47:44.617 31570-31570/mig0.bosheculogger I/BasicFragment.java: in getView name:ThrottleInput  value:0%
04-11 15:47:44.617 31570-31570/mig0.bosheculogger I/Information.java: isSigned intValue: 0
04-11 15:47:44.617 31570-31570/mig0.bosheculogger I/BasicFragment.java: in getView name:Speed  value:0.0km/h
04-11 15:47:44.617 31570-31570/mig0.bosheculogger I/BasicFragment.java: in getView name:SpeedModes  value:3
04-11 15:47:44.617 31570-31570/mig0.bosheculogger I/BasicFragment.java: in getView name:Cruise  value:Off
04-11 15:47:44.617 31570-31570/mig0.bosheculogger I/BasicFragment.java: in getView name:SpeedLimit  value:On
04-11 15:47:44.627 31570-31570/mig0.bosheculogger I/BasicFragment.java: in getView name:eBraking  value:Off
04-11 15:47:44.627 31570-31570/mig0.bosheculogger I/BasicFragment.java: in getView name:Anti-Theft  value:Off
04-11 15:47:44.627 31570-31570/mig0.bosheculogger I/BasicFragment.java: in getView name:Trip Odometer  value:0.0km
04-11 15:47:44.627 31570-31570/mig0.bosheculogger I/BasicFragment.java: in getView name:odometer  value:297km
04-11 15:47:44.627 31570-31570/mig0.bosheculogger D/AbsListView: unregisterIRListener() is called 
04-11 15:47:44.627 31570-31570/mig0.bosheculogger I/endeffect: AbsListView.onLayout(), getWidth()=1080, getHeight()=1557, this=android.widget.ListView{4297e5c8 VFED.VC. .F....ID 0,0-1080,1557 #7f0b0068 app:id/basic_list}
04-11 15:47:45.087 31570-31570/mig0.bosheculogger D/MainActivity: MainHandler case CMD_REQUEST_STATUS_MESSAGE
04-11 15:47:45.087 31570-31570/mig0.bosheculogger D/MainActivity: 3.requset status message
04-11 15:47:45.127 31570-31978/mig0.bosheculogger I/BluetoothCommunThread: thread read = 2A
04-11 15:47:45.127 31570-31978/mig0.bosheculogger D/BluetoothCommunThread: get status code 2A reset!
04-11 15:47:45.127 31570-31978/mig0.bosheculogger I/BluetoothCommunThread: thread read = 00007589040025000000
04-11 15:47:45.127 31570-31978/mig0.bosheculogger D/BluetoothCommunThread: part data
04-11 15:47:45.168 31570-31978/mig0.bosheculogger I/BluetoothCommunThread: thread read = 0001009D01D101C102C3
04-11 15:47:45.168 31570-31978/mig0.bosheculogger D/BluetoothCommunThread: part data
04-11 15:47:45.168 31570-31978/mig0.bosheculogger I/BluetoothCommunThread: thread read = 02AB00F602C20100006A
04-11 15:47:45.168 31570-31978/mig0.bosheculogger D/BluetoothCommunThread: part data
04-11 15:47:45.168 31570-31978/mig0.bosheculogger I/BluetoothCommunThread: thread read = 000000F8FF044A162D
04-11 15:47:45.168 31570-31978/mig0.bosheculogger D/BluetoothCommunThread: part data
04-11 15:47:45.178 31570-31978/mig0.bosheculogger I/BluetoothCommunThread: thread read = 1667076000FEFF00230E
04-11 15:47:45.178 31570-31978/mig0.bosheculogger D/BluetoothCommunThread: part data
04-11 15:47:45.208 31570-31978/mig0.bosheculogger I/BluetoothCommunThread: thread read = 00000800000000010002
04-11 15:47:45.208 31570-31978/mig0.bosheculogger D/BluetoothCommunThread: part data
04-11 15:47:45.208 31570-31978/mig0.bosheculogger I/BluetoothCommunThread: thread read = 000095
04-11 15:47:45.208 31570-31978/mig0.bosheculogger D/BluetoothCommunThread: part data
04-11 15:47:45.218 31570-31978/mig0.bosheculogger D/BluetoothCommunThread: send normal byte
04-11 15:47:45.218 31570-31978/mig0.bosheculogger D/MainActivity:  Main read + 2A000075890400250000000001009D01D101C102C302AB00F602C20100006A000000F8FF044A162D1667076000FEFF00230E00000800000000010002000095
04-11 15:47:45.218 31570-31570/mig0.bosheculogger D/MainActivity: MainHandler case MESSAGE_READ_OBJECT
04-11 15:47:45.218 31570-31570/mig0.bosheculogger I/MainActivity: statusCode:2A
04-11 15:47:45.218 31570-31570/mig0.bosheculogger I/MainActivity: from server checkSum:95
04-11 15:47:45.218 31570-31570/mig0.bosheculogger I/MainActivity: original calced checkSum:c95
04-11 15:47:45.228 31570-31570/mig0.bosheculogger I/MainActivity: calced checkSum:95
04-11 15:47:45.228 31570-31570/mig0.bosheculogger E/MainActivity: advance fragment == null
04-11 15:47:45.238 31570-31570/mig0.bosheculogger I/endeffect: AbsListView.onMeasure(), getWidth()=1080, getHeight()=0, this=android.widget.ExpandableListView{4297a6c0 V.ED.VC. ......ID 0,778-1080,778 #7f0b006d app:id/expandableListView1}
04-11 15:47:45.238 31570-31570/mig0.bosheculogger I/endeffect: AbsListView.onMeasure(), getWidth()=1080, getHeight()=1557, this=android.widget.ListView{4297e5c8 VFED.VC. .F....ID 0,0-1080,1557 #7f0b0068 app:id/basic_list}
04-11 15:47:45.248 31570-31570/mig0.bosheculogger I/endeffect: AbsListView.onMeasure(), getWidth()=1080, getHeight()=0, this=android.widget.ExpandableListView{4297a6c0 V.ED.VC. ......ID 0,778-1080,778 #7f0b006d app:id/expandableListView1}
04-11 15:47:45.248 31570-31570/mig0.bosheculogger I/endeffect: AbsListView.onMeasure(), getWidth()=1080, getHeight()=1557, this=android.widget.ListView{4297e5c8 VFED.VC. .F....ID 0,0-1080,1557 #7f0b0068 app:id/basic_list}
04-11 15:47:45.248 31570-31570/mig0.bosheculogger D/AbsListView: unregisterIRListener() is called 
04-11 15:47:45.248 31570-31570/mig0.bosheculogger I/endeffect: AbsListView.onLayout(), getWidth()=1080, getHeight()=0, this=android.widget.ExpandableListView{4297a6c0 V.ED.VC. ......ID 0,778-1080,778 #7f0b006d app:id/expandableListView1}
04-11 15:47:45.248 31570-31570/mig0.bosheculogger I/BasicFragment.java: in getView name:Battery Voltage  value:44.6V
04-11 15:47:45.258 31570-31570/mig0.bosheculogger I/BasicFragment.java: in getView name:ThrottleInput  value:0%
04-11 15:47:45.258 31570-31570/mig0.bosheculogger I/Information.java: isSigned intValue: 0
04-11 15:47:45.258 31570-31570/mig0.bosheculogger I/BasicFragment.java: in getView name:Speed  value:0.0km/h
04-11 15:47:45.258 31570-31570/mig0.bosheculogger I/BasicFragment.java: in getView name:SpeedModes  value:3
04-11 15:47:45.258 31570-31570/mig0.bosheculogger I/BasicFragment.java: in getView name:Cruise  value:Off
04-11 15:47:45.258 31570-31570/mig0.bosheculogger I/BasicFragment.java: in getView name:SpeedLimit  value:On
04-11 15:47:45.258 31570-31570/mig0.bosheculogger I/BasicFragment.java: in getView name:eBraking  value:Off
04-11 15:47:45.258 31570-31570/mig0.bosheculogger I/BasicFragment.java: in getView name:Anti-Theft  value:Off
04-11 15:47:45.258 31570-31570/mig0.bosheculogger I/BasicFragment.java: in getView name:Trip Odometer  value:0.0km
04-11 15:47:45.268 31570-31570/mig0.bosheculogger I/BasicFragment.java: in getView name:odometer  value:297km
04-11 15:47:45.268 31570-31570/mig0.bosheculogger D/AbsListView: unregisterIRListener() is called 
04-11 15:47:45.268 31570-31570/mig0.bosheculogger I/endeffect: AbsListView.onLayout(), getWidth()=1080, getHeight()=1557, this=android.widget.ListView{4297e5c8 VFED.VC. .F....ID 0,0-1080,1557 #7f0b0068 app:id/basic_list}
04-11 15:47:45.728 31570-31570/mig0.bosheculogger D/MainActivity: MainHandler case CMD_REQUEST_STATUS_MESSAGE
04-11 15:47:45.728 31570-31570/mig0.bosheculogger D/MainActivity: 3.requset status message
04-11 15:47:45.768 31570-31978/mig0.bosheculogger I/BluetoothCommunThread: thread read = 2A
04-11 15:47:45.768 31570-31978/mig0.bosheculogger D/BluetoothCommunThread: get status code 2A reset!
04-11 15:47:45.768 31570-31978/mig0.bosheculogger I/BluetoothCommunThread: thread read = 00007589040025000000
04-11 15:47:45.768 31570-31978/mig0.bosheculogger D/BluetoothCommunThread: part data
04-11 15:47:45.798 31570-31978/mig0.bosheculogger I/BluetoothCommunThread: thread read = 0001009D01D001C102C9
04-11 15:47:45.798 31570-31978/mig0.bosheculogger D/BluetoothCommunThread: part data
04-11 15:47:45.798 31570-31978/mig0.bosheculogger I/BluetoothCommunThread: thread read = 02AC00F802C30100006B
04-11 15:47:45.798 31570-31978/mig0.bosheculogger D/BluetoothCommunThread: part data
04-11 15:47:45.798 31570-31978/mig0.bosheculogger I/BluetoothCommunThread: thread read = 000000F8FF044A165D
04-11 15:47:45.798 31570-31978/mig0.bosheculogger D/BluetoothCommunThread: part data
04-11 15:47:45.808 31570-31978/mig0.bosheculogger I/BluetoothCommunThread: thread read = 166C076000FFFF002307
04-11 15:47:45.808 31570-31978/mig0.bosheculogger D/BluetoothCommunThread: part data
04-11 15:47:45.858 31570-31978/mig0.bosheculogger I/BluetoothCommunThread: thread read = 00000800000000010002
04-11 15:47:45.858 31570-31978/mig0.bosheculogger D/BluetoothCommunThread: part data
04-11 15:47:45.858 31570-31978/mig0.bosheculogger I/BluetoothCommunThread: thread read = 0000CE
04-11 15:47:45.858 31570-31978/mig0.bosheculogger D/BluetoothCommunThread: part data
04-11 15:47:45.858 31570-31978/mig0.bosheculogger D/BluetoothCommunThread: send normal byte
04-11 15:47:45.858 31570-31978/mig0.bosheculogger D/MainActivity:  Main read + 2A000075890400250000000001009D01D001C102C902AC00F802C30100006B000000F8FF044A165D166C076000FFFF002307000008000000000100020000CE
04-11 15:47:45.858 31570-31570/mig0.bosheculogger D/MainActivity: MainHandler case MESSAGE_READ_OBJECT
04-11 15:47:45.858 31570-31570/mig0.bosheculogger I/MainActivity: statusCode:2A
04-11 15:47:45.858 31570-31570/mig0.bosheculogger I/MainActivity: from server checkSum:CE
04-11 15:47:45.858 31570-31570/mig0.bosheculogger I/MainActivity: original calced checkSum:cce
04-11 15:47:45.858 31570-31570/mig0.bosheculogger I/MainActivity: calced checkSum:CE
04-11 15:47:45.858 31570-31570/mig0.bosheculogger E/MainActivity: advance fragment == null
04-11 15:47:45.878 31570-31570/mig0.bosheculogger I/endeffect: AbsListView.onMeasure(), getWidth()=1080, getHeight()=0, this=android.widget.ExpandableListView{4297a6c0 V.ED.VC. ......ID 0,778-1080,778 #7f0b006d app:id/expandableListView1}
04-11 15:47:45.878 31570-31570/mig0.bosheculogger I/endeffect: AbsListView.onMeasure(), getWidth()=1080, getHeight()=1557, this=android.widget.ListView{4297e5c8 VFED.VC. .F....ID 0,0-1080,1557 #7f0b0068 app:id/basic_list}
04-11 15:47:45.878 31570-31570/mig0.bosheculogger I/endeffect: AbsListView.onMeasure(), getWidth()=1080, getHeight()=0, this=android.widget.ExpandableListView{4297a6c0 V.ED.VC. ......ID 0,778-1080,778 #7f0b006d app:id/expandableListView1}
04-11 15:47:45.888 31570-31570/mig0.bosheculogger I/endeffect: AbsListView.onMeasure(), getWidth()=1080, getHeight()=1557, this=android.widget.ListView{4297e5c8 VFED.VC. .F....ID 0,0-1080,1557 #7f0b0068 app:id/basic_list}
04-11 15:47:45.888 31570-31570/mig0.bosheculogger D/AbsListView: unregisterIRListener() is called 
04-11 15:47:45.888 31570-31570/mig0.bosheculogger I/endeffect: AbsListView.onLayout(), getWidth()=1080, getHeight()=0, this=android.widget.ExpandableListView{4297a6c0 V.ED.VC. ......ID 0,778-1080,778 #7f0b006d app:id/expandableListView1}
04-11 15:47:45.888 31570-31570/mig0.bosheculogger I/BasicFragment.java: in getView name:Battery Voltage  value:44.6V
04-11 15:47:45.888 31570-31570/mig0.bosheculogger I/BasicFragment.java: in getView name:ThrottleInput  value:0%
04-11 15:47:45.888 31570-31570/mig0.bosheculogger I/Information.java: isSigned intValue: 0
04-11 15:47:45.888 31570-31570/mig0.bosheculogger I/BasicFragment.java: in getView name:Speed  value:0.0km/h
04-11 15:47:45.888 31570-31570/mig0.bosheculogger I/BasicFragment.java: in getView name:SpeedModes  value:3
04-11 15:47:45.898 31570-31570/mig0.bosheculogger I/BasicFragment.java: in getView name:Cruise  value:Off
04-11 15:47:45.898 31570-31570/mig0.bosheculogger I/BasicFragment.java: in getView name:SpeedLimit  value:On
04-11 15:47:45.898 31570-31570/mig0.bosheculogger I/BasicFragment.java: in getView name:eBraking  value:Off
04-11 15:47:45.898 31570-31570/mig0.bosheculogger I/BasicFragment.java: in getView name:Anti-Theft  value:Off
04-11 15:47:45.898 31570-31570/mig0.bosheculogger I/BasicFragment.java: in getView name:Trip Odometer  value:0.0km
04-11 15:47:45.908 31570-31570/mig0.bosheculogger I/BasicFragment.java: in getView name:odometer  value:297km
04-11 15:47:45.908 31570-31570/mig0.bosheculogger D/AbsListView: unregisterIRListener() is called 
04-11 15:47:45.908 31570-31570/mig0.bosheculogger I/endeffect: AbsListView.onLayout(), getWidth()=1080, getHeight()=1557, this=android.widget.ListView{4297e5c8 VFED.VC. .F....ID 0,0-1080,1557 #7f0b0068 app:id/basic_list}
04-11 15:47:46.359 31570-31570/mig0.bosheculogger D/MainActivity: MainHandler case CMD_REQUEST_STATUS_MESSAGE
04-11 15:47:46.359 31570-31570/mig0.bosheculogger D/MainActivity: 3.requset status message
04-11 15:47:46.399 31570-31978/mig0.bosheculogger I/BluetoothCommunThread: thread read = 2A
04-11 15:47:46.399 31570-31978/mig0.bosheculogger D/BluetoothCommunThread: get status code 2A reset!
04-11 15:47:46.399 31570-31978/mig0.bosheculogger I/BluetoothCommunThread: thread read = 00007589040025000000
04-11 15:47:46.399 31570-31978/mig0.bosheculogger D/BluetoothCommunThread: part data
04-11 15:47:46.409 31570-31978/mig0.bosheculogger I/BluetoothCommunThread: thread read = 0001009D01D201C102
04-11 15:47:46.409 31570-31978/mig0.bosheculogger D/BluetoothCommunThread: part data
04-11 15:47:46.419 31570-31978/mig0.bosheculogger I/BluetoothCommunThread: thread read = C302AB00FC02C40100006A
04-11 15:47:46.419 31570-31978/mig0.bosheculogger D/BluetoothCommunThread: part data
04-11 15:47:46.459 31570-31978/mig0.bosheculogger I/BluetoothCommunThread: thread read = 000000F8FF044A162D16
04-11 15:47:46.459 31570-31978/mig0.bosheculogger D/BluetoothCommunThread: part data
04-11 15:47:46.459 31570-31978/mig0.bosheculogger I/BluetoothCommunThread: thread read = 76075F00000000230500
04-11 15:47:46.459 31570-31978/mig0.bosheculogger D/BluetoothCommunThread: part data
04-11 15:47:46.459 31570-31978/mig0.bosheculogger I/BluetoothCommunThread: thread read = 000800000000010002
04-11 15:47:46.459 31570-31978/mig0.bosheculogger D/BluetoothCommunThread: part data
04-11 15:47:46.459 31570-31978/mig0.bosheculogger I/BluetoothCommunThread: thread read = 0000A6
04-11 15:47:46.459 31570-31978/mig0.bosheculogger D/BluetoothCommunThread: part data
04-11 15:47:46.469 31570-31978/mig0.bosheculogger D/BluetoothCommunThread: send normal byte
04-11 15:47:46.469 31570-31978/mig0.bosheculogger D/MainActivity:  Main read + 2A000075890400250000000001009D01D201C102C302AB00FC02C40100006A000000F8FF044A162D1676075F000000002305000008000000000100020000A6
04-11 15:47:46.469 31570-31570/mig0.bosheculogger D/MainActivity: MainHandler case MESSAGE_READ_OBJECT
04-11 15:47:46.469 31570-31570/mig0.bosheculogger I/MainActivity: statusCode:2A
04-11 15:47:46.469 31570-31570/mig0.bosheculogger I/MainActivity: from server checkSum:A6
04-11 15:47:46.469 31570-31570/mig0.bosheculogger I/MainActivity: original calced checkSum:aa6
04-11 15:47:46.469 31570-31570/mig0.bosheculogger I/MainActivity: calced checkSum:A6
04-11 15:47:46.469 31570-31570/mig0.bosheculogger E/MainActivity: advance fragment == null
04-11 15:47:46.479 31570-31570/mig0.bosheculogger I/endeffect: AbsListView.onMeasure(), getWidth()=1080, getHeight()=0, this=android.widget.ExpandableListView{4297a6c0 V.ED.VC. ......ID 0,778-1080,778 #7f0b006d app:id/expandableListView1}
04-11 15:47:46.479 31570-31570/mig0.bosheculogger I/endeffect: AbsListView.onMeasure(), getWidth()=1080, getHeight()=1557, this=android.widget.ListView{4297e5c8 VFED.VC. .F....ID 0,0-1080,1557 #7f0b0068 app:id/basic_list}
04-11 15:47:46.489 31570-31570/mig0.bosheculogger I/endeffect: AbsListView.onMeasure(), getWidth()=1080, getHeight()=0, this=android.widget.ExpandableListView{4297a6c0 V.ED.VC. ......ID 0,778-1080,778 #7f0b006d app:id/expandableListView1}
04-11 15:47:46.489 31570-31570/mig0.bosheculogger I/endeffect: AbsListView.onMeasure(), getWidth()=1080, getHeight()=1557, this=android.widget.ListView{4297e5c8 VFED.VC. .F....ID 0,0-1080,1557 #7f0b0068 app:id/basic_list}
04-11 15:47:46.489 31570-31570/mig0.bosheculogger D/AbsListView: unregisterIRListener() is called 
04-11 15:47:46.489 31570-31570/mig0.bosheculogger I/endeffect: AbsListView.onLayout(), getWidth()=1080, getHeight()=0, this=android.widget.ExpandableListView{4297a6c0 V.ED.VC. ......ID 0,778-1080,778 #7f0b006d app:id/expandableListView1}
04-11 15:47:46.499 31570-31570/mig0.bosheculogger I/BasicFragment.java: in getView name:Battery Voltage  value:44.6V
04-11 15:47:46.499 31570-31570/mig0.bosheculogger I/BasicFragment.java: in getView name:ThrottleInput  value:0%
04-11 15:47:46.499 31570-31570/mig0.bosheculogger I/Information.java: isSigned intValue: 0
04-11 15:47:46.499 31570-31570/mig0.bosheculogger I/BasicFragment.java: in getView name:Speed  value:0.0km/h
04-11 15:47:46.499 31570-31570/mig0.bosheculogger I/BasicFragment.java: in getView name:SpeedModes  value:3
04-11 15:47:46.499 31570-31570/mig0.bosheculogger I/BasicFragment.java: in getView name:Cruise  value:Off
04-11 15:47:46.509 31570-31570/mig0.bosheculogger I/BasicFragment.java: in getView name:SpeedLimit  value:On
04-11 15:47:46.509 31570-31570/mig0.bosheculogger I/BasicFragment.java: in getView name:eBraking  value:Off
04-11 15:47:46.509 31570-31570/mig0.bosheculogger I/BasicFragment.java: in getView name:Anti-Theft  value:Off
04-11 15:47:46.509 31570-31570/mig0.bosheculogger I/BasicFragment.java: in getView name:Trip Odometer  value:0.0km
04-11 15:47:46.509 31570-31570/mig0.bosheculogger I/BasicFragment.java: in getView name:odometer  value:297km
04-11 15:47:46.509 31570-31570/mig0.bosheculogger D/AbsListView: unregisterIRListener() is called 
04-11 15:47:46.509 31570-31570/mig0.bosheculogger I/endeffect: AbsListView.onLayout(), getWidth()=1080, getHeight()=1557, this=android.widget.ListView{4297e5c8 VFED.VC. .F....ID 0,0-1080,1557 #7f0b0068 app:id/basic_list}
04-11 15:47:46.959 31570-31570/mig0.bosheculogger D/MainActivity: MainHandler case CMD_REQUEST_STATUS_MESSAGE
04-11 15:47:46.959 31570-31570/mig0.bosheculogger D/MainActivity: 3.requset status message
04-11 15:47:46.999 31570-31978/mig0.bosheculogger I/BluetoothCommunThread: thread read = 2A
04-11 15:47:46.999 31570-31978/mig0.bosheculogger D/BluetoothCommunThread: get status code 2A reset!
04-11 15:47:46.999 31570-31978/mig0.bosheculogger I/BluetoothCommunThread: thread read = 00007589040025000000
04-11 15:47:46.999 31570-31978/mig0.bosheculogger D/BluetoothCommunThread: part data
04-11 15:47:47.039 31570-31978/mig0.bosheculogger I/BluetoothCommunThread: thread read = 0001009E01D001C002C3
04-11 15:47:47.039 31570-31978/mig0.bosheculogger D/BluetoothCommunThread: part data
04-11 15:47:47.039 31570-31978/mig0.bosheculogger I/BluetoothCommunThread: thread read = 02AA00FB02C10100006A
04-11 15:47:47.039 31570-31978/mig0.bosheculogger D/BluetoothCommunThread: part data
04-11 15:47:47.039 31570-31978/mig0.bosheculogger I/BluetoothCommunThread: thread read = 000000F8FF0442162D
04-11 15:47:47.039 31570-31978/mig0.bosheculogger D/BluetoothCommunThread: part data
04-11 15:47:47.069 31570-31978/mig0.bosheculogger I/BluetoothCommunThread: thread read = 1673076000FFFF00230E
04-11 15:47:47.069 31570-31978/mig0.bosheculogger D/BluetoothCommunThread: part data
04-11 15:47:47.069 31570-31978/mig0.bosheculogger I/BluetoothCommunThread: thread read = 00000800000000010002
04-11 15:47:47.069 31570-31978/mig0.bosheculogger D/BluetoothCommunThread: part data
04-11 15:47:47.079 31570-31978/mig0.bosheculogger I/BluetoothCommunThread: thread read = 00009C
04-11 15:47:47.079 31570-31978/mig0.bosheculogger D/BluetoothCommunThread: part data
04-11 15:47:47.079 31570-31978/mig0.bosheculogger D/BluetoothCommunThread: send normal byte
04-11 15:47:47.079 31570-31978/mig0.bosheculogger D/MainActivity:  Main read + 2A000075890400250000000001009E01D001C002C302AA00FB02C10100006A000000F8FF0442162D1673076000FFFF00230E0000080000000001000200009C
04-11 15:47:47.079 31570-31570/mig0.bosheculogger D/MainActivity: MainHandler case MESSAGE_READ_OBJECT
04-11 15:47:47.079 31570-31570/mig0.bosheculogger I/MainActivity: statusCode:2A
04-11 15:47:47.079 31570-31570/mig0.bosheculogger I/MainActivity: from server checkSum:9C
04-11 15:47:47.079 31570-31570/mig0.bosheculogger I/MainActivity: original calced checkSum:c9c
04-11 15:47:47.079 31570-31570/mig0.bosheculogger I/MainActivity: calced checkSum:9C
04-11 15:47:47.079 31570-31570/mig0.bosheculogger E/MainActivity: advance fragment == null
04-11 15:47:47.099 31570-31570/mig0.bosheculogger I/endeffect: AbsListView.onMeasure(), getWidth()=1080, getHeight()=0, this=android.widget.ExpandableListView{4297a6c0 V.ED.VC. ......ID 0,778-1080,778 #7f0b006d app:id/expandableListView1}
04-11 15:47:47.099 31570-31570/mig0.bosheculogger I/endeffect: AbsListView.onMeasure(), getWidth()=1080, getHeight()=1557, this=android.widget.ListView{4297e5c8 VFED.VC. .F....ID 0,0-1080,1557 #7f0b0068 app:id/basic_list}
04-11 15:47:47.109 31570-31570/mig0.bosheculogger I/endeffect: AbsListView.onMeasure(), getWidth()=1080, getHeight()=0, this=android.widget.ExpandableListView{4297a6c0 V.ED.VC. ......ID 0,778-1080,778 #7f0b006d app:id/expandableListView1}
04-11 15:47:47.109 31570-31570/mig0.bosheculogger I/endeffect: AbsListView.onMeasure(), getWidth()=1080, getHeight()=1557, this=android.widget.ListView{4297e5c8 VFED.VC. .F....ID 0,0-1080,1557 #7f0b0068 app:id/basic_list}
04-11 15:47:47.109 31570-31570/mig0.bosheculogger D/AbsListView: unregisterIRListener() is called 
04-11 15:47:47.109 31570-31570/mig0.bosheculogger I/endeffect: AbsListView.onLayout(), getWidth()=1080, getHeight()=0, this=android.widget.ExpandableListView{4297a6c0 V.ED.VC. ......ID 0,778-1080,778 #7f0b006d app:id/expandableListView1}
04-11 15:47:47.109 31570-31570/mig0.bosheculogger I/BasicFragment.java: in getView name:Battery Voltage  value:44.5V
04-11 15:47:47.109 31570-31570/mig0.bosheculogger I/BasicFragment.java: in getView name:ThrottleInput  value:0%
04-11 15:47:47.109 31570-31570/mig0.bosheculogger I/Information.java: isSigned intValue: 0
04-11 15:47:47.109 31570-31570/mig0.bosheculogger I/BasicFragment.java: in getView name:Speed  value:0.0km/h
04-11 15:47:47.119 31570-31570/mig0.bosheculogger I/BasicFragment.java: in getView name:SpeedModes  value:3
04-11 15:47:47.119 31570-31570/mig0.bosheculogger I/BasicFragment.java: in getView name:Cruise  value:Off
04-11 15:47:47.119 31570-31570/mig0.bosheculogger I/BasicFragment.java: in getView name:SpeedLimit  value:On
04-11 15:47:47.119 31570-31570/mig0.bosheculogger I/BasicFragment.java: in getView name:eBraking  value:Off
04-11 15:47:47.129 31570-31570/mig0.bosheculogger I/BasicFragment.java: in getView name:Anti-Theft  value:Off
04-11 15:47:47.129 31570-31570/mig0.bosheculogger I/BasicFragment.java: in getView name:Trip Odometer  value:0.0km
04-11 15:47:47.129 31570-31570/mig0.bosheculogger I/BasicFragment.java: in getView name:odometer  value:297km
04-11 15:47:47.129 31570-31570/mig0.bosheculogger D/AbsListView: unregisterIRListener() is called 
04-11 15:47:47.129 31570-31570/mig0.bosheculogger I/endeffect: AbsListView.onLayout(), getWidth()=1080, getHeight()=1557, this=android.widget.ListView{4297e5c8 VFED.VC. .F....ID 0,0-1080,1557 #7f0b0068 app:id/basic_list}
04-11 15:47:47.590 31570-31570/mig0.bosheculogger D/MainActivity: MainHandler case CMD_REQUEST_STATUS_MESSAGE
04-11 15:47:47.590 31570-31570/mig0.bosheculogger D/MainActivity: 3.requset status message
04-11 15:47:47.620 31570-31978/mig0.bosheculogger I/BluetoothCommunThread: thread read = 2A
04-11 15:47:47.620 31570-31978/mig0.bosheculogger D/BluetoothCommunThread: get status code 2A reset!
04-11 15:47:47.620 31570-31978/mig0.bosheculogger I/BluetoothCommunThread: thread read = 000075890400250000
04-11 15:47:47.620 31570-31978/mig0.bosheculogger D/BluetoothCommunThread: part data
04-11 15:47:47.660 31570-31978/mig0.bosheculogger I/BluetoothCommunThread: thread read = 000001009D01D001C002
04-11 15:47:47.660 31570-31978/mig0.bosheculogger D/BluetoothCommunThread: part data
04-11 15:47:47.660 31570-31978/mig0.bosheculogger I/BluetoothCommunThread: thread read = C202AA00F502C2010000
04-11 15:47:47.660 31570-31978/mig0.bosheculogger D/BluetoothCommunThread: part data
04-11 15:47:47.660 31570-31978/mig0.bosheculogger I/BluetoothCommunThread: thread read = 6A000000F8FF04421625
04-11 15:47:47.660 31570-31978/mig0.bosheculogger D/BluetoothCommunThread: part data
04-11 15:47:47.690 31570-31978/mig0.bosheculogger I/BluetoothCommunThread: thread read = 1664076000FEFF00230B
04-11 15:47:47.690 31570-31978/mig0.bosheculogger D/BluetoothCommunThread: part data
04-11 15:47:47.690 31570-31978/mig0.bosheculogger I/BluetoothCommunThread: thread read = 000008000000000100
04-11 15:47:47.690 31570-31978/mig0.bosheculogger D/BluetoothCommunThread: part data
04-11 15:47:47.700 31570-31978/mig0.bosheculogger I/BluetoothCommunThread: thread read = 0200007A
04-11 15:47:47.700 31570-31978/mig0.bosheculogger D/BluetoothCommunThread: part data
04-11 15:47:47.700 31570-31978/mig0.bosheculogger D/BluetoothCommunThread: send normal byte
04-11 15:47:47.700 31570-31978/mig0.bosheculogger D/MainActivity:  Main read + 2A000075890400250000000001009D01D001C002C202AA00F502C20100006A000000F8FF044216251664076000FEFF00230B0000080000000001000200007A
04-11 15:47:47.700 31570-31570/mig0.bosheculogger D/MainActivity: MainHandler case MESSAGE_READ_OBJECT
04-11 15:47:47.700 31570-31570/mig0.bosheculogger I/MainActivity: statusCode:2A
04-11 15:47:47.700 31570-31570/mig0.bosheculogger I/MainActivity: from server checkSum:7A
04-11 15:47:47.700 31570-31570/mig0.bosheculogger I/MainActivity: original calced checkSum:c7a
04-11 15:47:47.700 31570-31570/mig0.bosheculogger I/MainActivity: calced checkSum:7A
04-11 15:47:47.700 31570-31570/mig0.bosheculogger E/MainActivity: advance fragment == null
04-11 15:47:47.710 31570-31570/mig0.bosheculogger I/endeffect: AbsListView.onMeasure(), getWidth()=1080, getHeight()=0, this=android.widget.ExpandableListView{4297a6c0 V.ED.VC. ......ID 0,778-1080,778 #7f0b006d app:id/expandableListView1}
04-11 15:47:47.710 31570-31570/mig0.bosheculogger I/endeffect: AbsListView.onMeasure(), getWidth()=1080, getHeight()=1557, this=android.widget.ListView{4297e5c8 VFED.VC. .F....ID 0,0-1080,1557 #7f0b0068 app:id/basic_list}
